2026-04-25 17:05:19 | ============================================================
2026-04-25 17:05:19 | Training started
2026-04-25 17:05:19 | epochs       : 5
2026-04-25 17:05:19 | learning_rate: 0.001
2026-04-25 17:05:19 | weight_decay : 1e-05
2026-04-25 17:05:19 | step_size    : 1
2026-04-25 17:05:19 | gamma        : 0.99
2026-04-25 17:05:19 | epoch_save   : 1
2026-04-25 17:05:19 | ============================================================
2026-04-25 17:05:23 | Epoch 00000 | train: 0.007734
2026-04-25 17:05:23 | Epoch 00000 | test : 0.009371  [lr=9.90e-04]
2026-04-25 17:05:23 | Epoch 00000 | best model saved  (test_loss=0.009371)
2026-04-25 17:05:23 | Epoch 00001 | train: 0.006417
2026-04-25 17:05:23 | Epoch 00001 | test : 0.009210  [lr=9.80e-04]
2026-04-25 17:05:23 | Epoch 00001 | best model saved  (test_loss=0.009210)
2026-04-25 17:05:23 | Epoch 00002 | train: 0.006184
2026-04-25 17:05:23 | Epoch 00002 | test : 0.009211  [lr=9.70e-04]
2026-04-25 17:05:23 | Epoch 00003 | train: 0.006346
2026-04-25 17:05:23 | Epoch 00003 | test : 0.009314  [lr=9.61e-04]
2026-04-25 17:05:23 | Epoch 00004 | train: 0.006383
2026-04-25 17:05:23 | Epoch 00004 | test : 0.009221  [lr=9.51e-04]
2026-04-25 17:05:23 | ============================================================
2026-04-25 17:05:23 | Training finished | best test loss: 0.009210
2026-04-25 17:05:23 | ============================================================
