State training the model 
===*50
Traceback (most recent call last):
  File "/home/yw2bc/BEC1D_final/run_data.py", line 40, in <module>
    main()
  File "/home/yw2bc/BEC1D_final/run_data.py", line 34, in main
    print(f"[DATA] Found {config['sol_name']} → skip generation")
                          ~~~~~~^^^^^^^^^^^^
TypeError: 'module' object is not subscriptable
/home/yw2bc/BEC1D_final/libs/evaluate_module.py:269: UserWarning: This figure includes Axes that are not compatible with tight_layout, so results might be incorrect.
  plt.tight_layout()
Using device : cuda
Loading data : ./data/solution_Ex1.h5
train params : torch.Size([32, 2])
train phi    : torch.Size([32, 4097])
The relative L2 error for each parameter is stored
Test MSE loss         : 0.000000
Mean relative L2 error: 0.0018 ± 0.0019
[0, 40, 80, 119]
Figure saved → ./result/Ex1_witherror_sampled_plot.png
===*50
End training the model 
