2026-07-01 17:58:32 | ============================================================
2026-07-01 17:58:32 | Experiment    : Ex2
2026-07-01 17:58:32 | criterion     : relative_l2
2026-07-01 17:58:32 | epochs        : 3
2026-07-01 17:58:32 | learning_rate : 0.001
2026-07-01 17:58:32 | weight_decay  : 1e-05
2026-07-01 17:58:32 | step_size     : 1
2026-07-01 17:58:32 | gamma         : 0.998
2026-07-01 17:58:32 | epoch_save    : 200
2026-07-01 17:58:32 | ============================================================
2026-07-01 17:58:35 | Epoch 00001 | train: 1.033909
2026-07-01 17:58:35 | Epoch 00001 | best saved (1.023979)
2026-07-01 17:58:37 | Epoch 00002 | train: 1.022092
2026-07-01 17:58:37 | Epoch 00002 | best saved (1.006860)
2026-07-01 17:58:39 | Epoch 00003 | train: 1.000314
2026-07-01 17:58:39 | Epoch 00003 | best saved (0.970633)
2026-07-01 17:58:39 | ============================================================
2026-07-01 17:58:39 | Training finished | best val: 0.970633
2026-07-01 17:58:39 | ============================================================
2026-07-01 17:58:39 | Mean rel. L2 error : 0.9743 ± 0.0189
2026-07-01 17:58:39 | Max  rel. L2 error : 0.9983
2026-07-01 17:58:39 | Phi predict norm: 0.0032± 0.0028 
2026-07-01 17:58:39 | Phi true norm: 0.0032± 0.0028 
2026-07-01 17:58:39 | Phi error norm: 0.7630± 0.4035 
2026-07-01 17:58:39 | Phi error norm maximum: 1.8390
2026-07-01 17:58:39 | Results saved → ./result/Ex2/RelL2.npz
