2026-07-01 18:05:37 | ============================================================
2026-07-01 18:05:37 | Experiment    : Ex2
2026-07-01 18:05:37 | criterion     : relative_l2
2026-07-01 18:05:37 | epochs        : 3
2026-07-01 18:05:37 | learning_rate : 0.001
2026-07-01 18:05:37 | weight_decay  : 1e-05
2026-07-01 18:05:37 | step_size     : 1
2026-07-01 18:05:37 | gamma         : 0.998
2026-07-01 18:05:37 | epoch_save    : 200
2026-07-01 18:05:37 | ============================================================
2026-07-01 18:05:42 | Epoch 00001 | train: 0.948289
2026-07-01 18:05:42 | Epoch 00001 | best saved (0.936463)
2026-07-01 18:05:43 | Epoch 00002 | train: 0.940753
2026-07-01 18:05:44 | Epoch 00002 | best saved (0.919055)
2026-07-01 18:05:45 | Epoch 00003 | train: 0.920268
2026-07-01 18:05:46 | Epoch 00003 | best saved (0.881665)
2026-07-01 18:05:46 | ============================================================
2026-07-01 18:05:46 | Training finished | best val: 0.881665
2026-07-01 18:05:46 | ============================================================
2026-07-01 18:05:46 | Mean rel. L2 error : 0.8944 ± 0.0798
2026-07-01 18:05:46 | Max  rel. L2 error : 1.0801
2026-07-01 18:05:46 | Phi predict norm: 0.0662± 0.0395 
2026-07-01 18:05:46 | Phi true norm: 0.0662± 0.0395 
2026-07-01 18:05:46 | Phi error norm: 0.7292± 0.3047 
2026-07-01 18:05:46 | Phi error norm maximum: 1.6891
2026-07-01 18:05:46 | Results saved → ./result/Ex2/RelL2.npz
