2026-07-01 15:32:02 | ============================================================
2026-07-01 15:32:02 | Experiment    : Ex2
2026-07-01 15:32:02 | criterion     : relative_l2
2026-07-01 15:32:02 | epochs        : 3
2026-07-01 15:32:02 | learning_rate : 0.001
2026-07-01 15:32:02 | weight_decay  : 1e-05
2026-07-01 15:32:02 | step_size     : 1
2026-07-01 15:32:02 | gamma         : 0.998
2026-07-01 15:32:02 | epoch_save    : 200
2026-07-01 15:32:02 | ============================================================
2026-07-01 15:32:06 | Epoch 00001 | train: 0.993962
2026-07-01 15:32:06 | Epoch 00001 | best saved (0.986241)
2026-07-01 15:32:07 | Epoch 00002 | train: 0.985056
2026-07-01 15:32:07 | Epoch 00002 | best saved (0.973471)
2026-07-01 15:32:09 | Epoch 00003 | train: 0.969801
2026-07-01 15:32:09 | Epoch 00003 | best saved (0.945103)
2026-07-01 15:32:09 | ============================================================
2026-07-01 15:32:09 | Training finished | best val: 0.945103
2026-07-01 15:32:09 | ============================================================
2026-07-01 15:32:24 | Mean rel. L2 error : 0.9538 ± 0.0369
2026-07-01 15:32:24 | Max  rel. L2 error : 1.0139
2026-07-01 15:32:24 | Phi predict norm: 0.0205± 0.0001 
2026-07-01 15:32:24 | Phi true norm: 0.0205± 0.0001 
2026-07-01 15:32:24 | Phi error norm: 1.5956± 0.4315 
2026-07-01 15:32:24 | Phi error norm maximum: 2.5013
2026-07-01 15:32:24 | Results saved → ./result/Ex2/RelL2.npz
