2026-07-01 15:34:21 | ============================================================
2026-07-01 15:34:21 | ============================================================
2026-07-01 15:34:21 | Experiment    : Ex3
2026-07-01 15:34:21 | Experiment    : Ex3
2026-07-01 15:34:21 | criterion     : relative_l2
2026-07-01 15:34:21 | criterion     : relative_l2
2026-07-01 15:34:21 | epochs        : 3
2026-07-01 15:34:21 | epochs        : 3
2026-07-01 15:34:21 | learning_rate : 0.001
2026-07-01 15:34:21 | learning_rate : 0.001
2026-07-01 15:34:21 | weight_decay  : 1e-05
2026-07-01 15:34:21 | weight_decay  : 1e-05
2026-07-01 15:34:21 | step_size     : 1
2026-07-01 15:34:21 | step_size     : 1
2026-07-01 15:34:21 | gamma         : 0.998
2026-07-01 15:34:21 | gamma         : 0.998
2026-07-01 15:34:21 | epoch_save    : 200
2026-07-01 15:34:21 | epoch_save    : 200
2026-07-01 15:34:21 | ============================================================
2026-07-01 15:34:21 | ============================================================
2026-07-01 15:36:11 | ============================================================
2026-07-01 15:36:11 | ============================================================
2026-07-01 15:36:11 | Experiment    : Ex3
2026-07-01 15:36:11 | Experiment    : Ex3
2026-07-01 15:36:11 | criterion     : relative_l2
2026-07-01 15:36:11 | criterion     : relative_l2
2026-07-01 15:36:11 | epochs        : 3
2026-07-01 15:36:11 | epochs        : 3
2026-07-01 15:36:11 | learning_rate : 0.001
2026-07-01 15:36:11 | learning_rate : 0.001
2026-07-01 15:36:11 | weight_decay  : 1e-05
2026-07-01 15:36:11 | weight_decay  : 1e-05
2026-07-01 15:36:11 | step_size     : 1
2026-07-01 15:36:11 | step_size     : 1
2026-07-01 15:36:11 | gamma         : 0.998
2026-07-01 15:36:11 | gamma         : 0.998
2026-07-01 15:36:11 | epoch_save    : 200
2026-07-01 15:36:11 | epoch_save    : 200
2026-07-01 15:36:11 | ============================================================
2026-07-01 15:36:11 | ============================================================
2026-07-01 15:37:36 | ============================================================
2026-07-01 15:37:36 | ============================================================
2026-07-01 15:37:36 | Experiment    : Ex3
2026-07-01 15:37:36 | Experiment    : Ex3
2026-07-01 15:37:36 | criterion     : relative_l2
2026-07-01 15:37:36 | criterion     : relative_l2
2026-07-01 15:37:36 | epochs        : 3
2026-07-01 15:37:36 | epochs        : 3
2026-07-01 15:37:36 | learning_rate : 0.001
2026-07-01 15:37:36 | learning_rate : 0.001
2026-07-01 15:37:36 | weight_decay  : 1e-05
2026-07-01 15:37:36 | weight_decay  : 1e-05
2026-07-01 15:37:36 | step_size     : 1
2026-07-01 15:37:36 | step_size     : 1
2026-07-01 15:37:36 | gamma         : 0.998
2026-07-01 15:37:36 | gamma         : 0.998
2026-07-01 15:37:36 | epoch_save    : 200
2026-07-01 15:37:36 | epoch_save    : 200
2026-07-01 15:37:36 | ============================================================
2026-07-01 15:37:36 | ============================================================
