2026-07-01 17:57:48 | ============================================================
2026-07-01 17:57:48 | Experiment    : Ex3
2026-07-01 17:57:48 | criterion     : relative_l2
2026-07-01 17:57:48 | epochs        : 3
2026-07-01 17:57:48 | learning_rate : 0.001
2026-07-01 17:57:48 | weight_decay  : 1e-05
2026-07-01 17:57:48 | step_size     : 1
2026-07-01 17:57:48 | gamma         : 0.998
2026-07-01 17:57:48 | epoch_save    : 200
2026-07-01 17:57:48 | ============================================================
2026-07-01 17:57:51 | Epoch 00001 | train: 0.959958
2026-07-01 17:57:52 | Epoch 00001 | best saved (0.890206)
2026-07-01 17:57:53 | Epoch 00002 | train: 0.874389
2026-07-01 17:57:53 | Epoch 00002 | best saved (0.810264)
2026-07-01 17:57:55 | Epoch 00003 | train: 0.817614
2026-07-01 17:57:55 | Epoch 00003 | best saved (0.772087)
2026-07-01 17:57:55 | ============================================================
2026-07-01 17:57:55 | Training finished | best val: 0.772087
2026-07-01 17:57:55 | ============================================================
2026-07-01 17:57:57 | Mean rel. L2 error : 0.7721 ± 0.1756
2026-07-01 17:57:57 | Max  rel. L2 error : 1.1627
2026-07-01 17:57:57 | Phi predict norm: 0.4723± 0.0860 
2026-07-01 17:57:57 | Phi true norm: 0.4723± 0.0860 
2026-07-01 17:57:57 | Phi error norm: 0.5302± 0.3302 
2026-07-01 17:57:57 | Phi error norm maximum: 1.2208
2026-07-01 17:57:57 | Results saved → ./result/Ex3/RelL2.npz
