2026-07-01 15:45:29 | ============================================================
2026-07-01 15:45:29 | Experiment    : Ex3
2026-07-01 15:45:29 | criterion     : relative_l2
2026-07-01 15:45:29 | epochs        : 3
2026-07-01 15:45:29 | learning_rate : 0.001
2026-07-01 15:45:29 | weight_decay  : 1e-05
2026-07-01 15:45:29 | step_size     : 1
2026-07-01 15:45:29 | gamma         : 0.998
2026-07-01 15:45:29 | epoch_save    : 200
2026-07-01 15:45:29 | ============================================================
2026-07-01 15:45:33 | Epoch 00001 | train: 0.848932
2026-07-01 15:45:33 | Epoch 00001 | best saved (0.822079)
2026-07-01 15:45:35 | Epoch 00002 | train: 0.802313
2026-07-01 15:45:37 | Epoch 00003 | train: 0.789283
2026-07-01 15:45:37 | ============================================================
2026-07-01 15:45:37 | Training finished | best val: 0.822079
2026-07-01 15:45:37 | ============================================================
2026-07-01 15:46:11 | Mean rel. L2 error : 0.8204 ± 0.1950
2026-07-01 15:46:11 | Max  rel. L2 error : 1.2073
2026-07-01 15:49:27 | Mean rel. L2 error : 0.8204 ± 0.1950
2026-07-01 15:49:27 | Max  rel. L2 error : 1.2073
2026-07-01 15:49:56 | Mean rel. L2 error : 0.8204 ± 0.1950
2026-07-01 15:49:56 | Max  rel. L2 error : 1.2073
2026-07-01 15:51:20 | Mean rel. L2 error : 0.8204 ± 0.1950
2026-07-01 15:51:20 | Max  rel. L2 error : 1.2073
2026-07-01 15:51:40 | Mean rel. L2 error : 0.8204 ± 0.1950
2026-07-01 15:51:40 | Max  rel. L2 error : 1.2073
2026-07-01 15:52:04 | Mean rel. L2 error : 0.8204 ± 0.1950
2026-07-01 15:52:04 | Max  rel. L2 error : 1.2073
2026-07-01 15:52:14 | Mean rel. L2 error : 0.8204 ± 0.1950
2026-07-01 15:52:14 | Max  rel. L2 error : 1.2073
2026-07-01 15:52:30 | Mean rel. L2 error : 0.8204 ± 0.1950
2026-07-01 15:52:30 | Max  rel. L2 error : 1.2073
2026-07-01 15:52:30 | Phi predict norm: 0.4498± 0.1217 
2026-07-01 15:52:30 | Phi true norm: 0.4498± 0.1217 
2026-07-01 15:52:30 | Phi error norm: 0.4027± 0.1544 
2026-07-01 15:52:30 | Phi error norm maximum: 0.6933
2026-07-01 15:52:30 | Results saved → ./result/Ex3/RelL2.npz
