State training the model 
===*50
Train pairs : 687
Test  pairs : 120
Train phi shape : (687, 4097)
Test  phi shape : (120, 4097)
Saved → ./data/solution_Ex1.h5
2026-05-15 14:06:34 | ============================================================
2026-05-15 14:06:34 | Training started
2026-05-15 14:06:34 | epochs       : 1501
2026-05-15 14:06:34 | learning_rate: 0.001
2026-05-15 14:06:34 | weight_decay : 1e-05
2026-05-15 14:06:34 | step_size    : 100
2026-05-15 14:06:34 | gamma        : 0.75
2026-05-15 14:06:34 | epoch_save   : 500
2026-05-15 14:06:34 | ============================================================
2026-05-15 14:06:36 | Epoch 00000 | train: 0.932123
2026-05-15 14:06:36 | Epoch 00000 | test : 0.474630  [lr=1.00e-03]
2026-05-15 14:06:36 | Epoch 00000 | best model saved  (test_loss=0.474630)
2026-05-15 14:06:36 | Epoch 00001 | train: 0.428459
2026-05-15 14:06:37 | Epoch 00002 | train: 0.412129
2026-05-15 14:06:38 | Epoch 00003 | train: 0.379467
2026-05-15 14:06:38 | Epoch 00004 | train: 0.360961
2026-05-15 14:06:39 | Epoch 00005 | train: 0.256260
2026-05-15 14:06:39 | Epoch 00006 | train: 0.165951
2026-05-15 14:06:40 | Epoch 00007 | train: 0.168615
2026-05-15 14:06:40 | Epoch 00008 | train: 0.142187
2026-05-15 14:06:41 | Epoch 00009 | train: 0.134759
2026-05-15 14:06:41 | Epoch 00010 | train: 0.148921
2026-05-15 14:06:42 | Epoch 00011 | train: 0.091501
2026-05-15 14:06:42 | Epoch 00012 | train: 0.092070
2026-05-15 14:06:43 | Epoch 00013 | train: 0.085916
2026-05-15 14:06:43 | Epoch 00014 | train: 0.085878
2026-05-15 14:06:44 | Epoch 00015 | train: 0.088702
2026-05-15 14:06:44 | Epoch 00016 | train: 0.085478
2026-05-15 14:06:45 | Epoch 00017 | train: 0.108554
2026-05-15 14:06:46 | Epoch 00018 | train: 0.115361
2026-05-15 14:06:46 | Epoch 00019 | train: 0.100608
2026-05-15 14:06:47 | Epoch 00020 | train: 0.068779
2026-05-15 14:06:47 | Epoch 00021 | train: 0.069154
2026-05-15 14:06:48 | Epoch 00022 | train: 0.067638
2026-05-15 14:06:48 | Epoch 00023 | train: 0.084479
2026-05-15 14:06:49 | Epoch 00024 | train: 0.067177
2026-05-15 14:06:49 | Epoch 00025 | train: 0.066299
2026-05-15 14:06:50 | Epoch 00026 | train: 0.145882
2026-05-15 14:06:50 | Epoch 00027 | train: 0.120788
2026-05-15 14:06:51 | Epoch 00028 | train: 0.056056
2026-05-15 14:06:51 | Epoch 00029 | train: 0.091286
2026-05-15 14:06:52 | Epoch 00030 | train: 0.140538
2026-05-15 14:06:52 | Epoch 00031 | train: 0.081926
2026-05-15 14:06:53 | Epoch 00032 | train: 0.050935
2026-05-15 14:06:54 | Epoch 00033 | train: 0.061485
2026-05-15 14:06:54 | Epoch 00034 | train: 0.074312
2026-05-15 14:06:55 | Epoch 00035 | train: 0.093884
2026-05-15 14:06:55 | Epoch 00036 | train: 0.069255
2026-05-15 14:06:56 | Epoch 00037 | train: 0.078736
2026-05-15 14:06:56 | Epoch 00038 | train: 0.066430
2026-05-15 14:06:57 | Epoch 00039 | train: 0.067755
2026-05-15 14:06:57 | Epoch 00040 | train: 0.050470
2026-05-15 14:06:58 | Epoch 00041 | train: 0.062500
2026-05-15 14:06:58 | Epoch 00042 | train: 0.060604
2026-05-15 14:06:59 | Epoch 00043 | train: 0.118212
2026-05-15 14:06:59 | Epoch 00044 | train: 0.109074
2026-05-15 14:07:00 | Epoch 00045 | train: 0.064933
2026-05-15 14:07:00 | Epoch 00046 | train: 0.063323
2026-05-15 14:07:01 | Epoch 00047 | train: 0.052550
2026-05-15 14:07:01 | Epoch 00048 | train: 0.046239
2026-05-15 14:07:02 | Epoch 00049 | train: 0.047805
2026-05-15 14:07:03 | Epoch 00050 | train: 0.074326
2026-05-15 14:07:03 | Epoch 00051 | train: 0.105973
2026-05-15 14:07:04 | Epoch 00052 | train: 0.085282
2026-05-15 14:07:04 | Epoch 00053 | train: 0.044763
2026-05-15 14:07:05 | Epoch 00054 | train: 0.039181
2026-05-15 14:07:05 | Epoch 00055 | train: 0.052651
2026-05-15 14:07:06 | Epoch 00056 | train: 0.055703
2026-05-15 14:07:06 | Epoch 00057 | train: 0.046896
2026-05-15 14:07:07 | Epoch 00058 | train: 0.045854
2026-05-15 14:07:07 | Epoch 00059 | train: 0.061746
2026-05-15 14:07:08 | Epoch 00060 | train: 0.047319
2026-05-15 14:07:08 | Epoch 00061 | train: 0.035927
2026-05-15 14:07:09 | Epoch 00062 | train: 0.064677
2026-05-15 14:07:09 | Epoch 00063 | train: 0.094097
2026-05-15 14:07:10 | Epoch 00064 | train: 0.066721
2026-05-15 14:07:11 | Epoch 00065 | train: 0.044399
2026-05-15 14:07:11 | Epoch 00066 | train: 0.057283
2026-05-15 14:07:12 | Epoch 00067 | train: 0.080737
2026-05-15 14:07:12 | Epoch 00068 | train: 0.038125
2026-05-15 14:07:13 | Epoch 00069 | train: 0.051062
2026-05-15 14:07:13 | Epoch 00070 | train: 0.051434
2026-05-15 14:07:14 | Epoch 00071 | train: 0.070542
2026-05-15 14:07:14 | Epoch 00072 | train: 0.037168
2026-05-15 14:07:15 | Epoch 00073 | train: 0.045498
2026-05-15 14:07:15 | Epoch 00074 | train: 0.055023
2026-05-15 14:07:16 | Epoch 00075 | train: 0.048688
2026-05-15 14:07:16 | Epoch 00076 | train: 0.038333
2026-05-15 14:07:17 | Epoch 00077 | train: 0.093458
2026-05-15 14:07:17 | Epoch 00078 | train: 0.062524
2026-05-15 14:07:18 | Epoch 00079 | train: 0.065889
2026-05-15 14:07:19 | Epoch 00080 | train: 0.046720
2026-05-15 14:07:19 | Epoch 00081 | train: 0.066447
2026-05-15 14:07:20 | Epoch 00082 | train: 0.052908
2026-05-15 14:07:20 | Epoch 00083 | train: 0.047938
2026-05-15 14:07:21 | Epoch 00084 | train: 0.046904
2026-05-15 14:07:21 | Epoch 00085 | train: 0.047757
2026-05-15 14:07:22 | Epoch 00086 | train: 0.066834
2026-05-15 14:07:22 | Epoch 00087 | train: 0.049414
2026-05-15 14:07:23 | Epoch 00088 | train: 0.047571
2026-05-15 14:07:23 | Epoch 00089 | train: 0.039661
2026-05-15 14:07:24 | Epoch 00090 | train: 0.035820
2026-05-15 14:07:24 | Epoch 00091 | train: 0.040474
2026-05-15 14:07:25 | Epoch 00092 | train: 0.043572
2026-05-15 14:07:25 | Epoch 00093 | train: 0.044133
2026-05-15 14:07:26 | Epoch 00094 | train: 0.041338
2026-05-15 14:07:27 | Epoch 00095 | train: 0.062368
2026-05-15 14:07:27 | Epoch 00096 | train: 0.052488
2026-05-15 14:07:28 | Epoch 00097 | train: 0.043180
2026-05-15 14:07:28 | Epoch 00098 | train: 0.041091
2026-05-15 14:07:29 | Epoch 00099 | train: 0.047715
2026-05-15 14:07:29 | Epoch 00100 | train: 0.031982
2026-05-15 14:07:30 | Epoch 00101 | train: 0.034394
2026-05-15 14:07:30 | Epoch 00102 | train: 0.036948
2026-05-15 14:07:31 | Epoch 00103 | train: 0.034355
2026-05-15 14:07:31 | Epoch 00104 | train: 0.034796
2026-05-15 14:07:32 | Epoch 00105 | train: 0.037265
2026-05-15 14:07:32 | Epoch 00106 | train: 0.035889
2026-05-15 14:07:33 | Epoch 00107 | train: 0.030146
2026-05-15 14:07:33 | Epoch 00108 | train: 0.028839
2026-05-15 14:07:34 | Epoch 00109 | train: 0.030494
2026-05-15 14:07:35 | Epoch 00110 | train: 0.046042
2026-05-15 14:07:35 | Epoch 00111 | train: 0.036396
2026-05-15 14:07:36 | Epoch 00112 | train: 0.038275
2026-05-15 14:07:36 | Epoch 00113 | train: 0.029545
2026-05-15 14:07:37 | Epoch 00114 | train: 0.031798
2026-05-15 14:07:37 | Epoch 00115 | train: 0.030089
2026-05-15 14:07:38 | Epoch 00116 | train: 0.036299
2026-05-15 14:07:38 | Epoch 00117 | train: 0.040979
2026-05-15 14:07:39 | Epoch 00118 | train: 0.034692
2026-05-15 14:07:39 | Epoch 00119 | train: 0.032708
2026-05-15 14:07:40 | Epoch 00120 | train: 0.031012
2026-05-15 14:07:40 | Epoch 00121 | train: 0.034675
2026-05-15 14:07:41 | Epoch 00122 | train: 0.036854
2026-05-15 14:07:41 | Epoch 00123 | train: 0.045347
2026-05-15 14:07:42 | Epoch 00124 | train: 0.036174
2026-05-15 14:07:43 | Epoch 00125 | train: 0.031550
2026-05-15 14:07:43 | Epoch 00126 | train: 0.034665
2026-05-15 14:07:44 | Epoch 00127 | train: 0.030539
2026-05-15 14:07:44 | Epoch 00128 | train: 0.044899
2026-05-15 14:07:45 | Epoch 00129 | train: 0.052805
2026-05-15 14:07:45 | Epoch 00130 | train: 0.029013
2026-05-15 14:07:46 | Epoch 00131 | train: 0.029219
2026-05-15 14:07:46 | Epoch 00132 | train: 0.027196
2026-05-15 14:07:47 | Epoch 00133 | train: 0.029438
2026-05-15 14:07:47 | Epoch 00134 | train: 0.031446
2026-05-15 14:07:48 | Epoch 00135 | train: 0.031908
2026-05-15 14:07:48 | Epoch 00136 | train: 0.026518
2026-05-15 14:07:49 | Epoch 00137 | train: 0.034560
2026-05-15 14:07:49 | Epoch 00138 | train: 0.053033
2026-05-15 14:07:50 | Epoch 00139 | train: 0.037964
2026-05-15 14:07:51 | Epoch 00140 | train: 0.033688
2026-05-15 14:07:51 | Epoch 00141 | train: 0.043171
2026-05-15 14:07:52 | Epoch 00142 | train: 0.047435
2026-05-15 14:07:52 | Epoch 00143 | train: 0.028646
2026-05-15 14:07:53 | Epoch 00144 | train: 0.037724
2026-05-15 14:07:53 | Epoch 00145 | train: 0.046958
2026-05-15 14:07:54 | Epoch 00146 | train: 0.045519
2026-05-15 14:07:54 | Epoch 00147 | train: 0.041108
2026-05-15 14:07:55 | Epoch 00148 | train: 0.039344
2026-05-15 14:07:55 | Epoch 00149 | train: 0.039601
2026-05-15 14:07:56 | Epoch 00150 | train: 0.054304
2026-05-15 14:07:56 | Epoch 00151 | train: 0.036656
2026-05-15 14:07:57 | Epoch 00152 | train: 0.054383
2026-05-15 14:07:57 | Epoch 00153 | train: 0.039019
2026-05-15 14:07:58 | Epoch 00154 | train: 0.032002
2026-05-15 14:07:59 | Epoch 00155 | train: 0.035848
2026-05-15 14:07:59 | Epoch 00156 | train: 0.045443
2026-05-15 14:08:00 | Epoch 00157 | train: 0.039725
2026-05-15 14:08:00 | Epoch 00158 | train: 0.044562
2026-05-15 14:08:01 | Epoch 00159 | train: 0.034708
2026-05-15 14:08:01 | Epoch 00160 | train: 0.027132
2026-05-15 14:08:02 | Epoch 00161 | train: 0.041762
2026-05-15 14:08:02 | Epoch 00162 | train: 0.040205
2026-05-15 14:08:03 | Epoch 00163 | train: 0.038040
2026-05-15 14:08:03 | Epoch 00164 | train: 0.032403
2026-05-15 14:08:04 | Epoch 00165 | train: 0.034718
2026-05-15 14:08:04 | Epoch 00166 | train: 0.028292
2026-05-15 14:08:05 | Epoch 00167 | train: 0.031728
2026-05-15 14:08:05 | Epoch 00168 | train: 0.037756
2026-05-15 14:08:06 | Epoch 00169 | train: 0.042961
2026-05-15 14:08:07 | Epoch 00170 | train: 0.026659
2026-05-15 14:08:07 | Epoch 00171 | train: 0.027493
2026-05-15 14:08:08 | Epoch 00172 | train: 0.036339
2026-05-15 14:08:08 | Epoch 00173 | train: 0.031668
2026-05-15 14:08:09 | Epoch 00174 | train: 0.033840
2026-05-15 14:08:09 | Epoch 00175 | train: 0.029093
2026-05-15 14:08:10 | Epoch 00176 | train: 0.031371
2026-05-15 14:08:10 | Epoch 00177 | train: 0.028635
2026-05-15 14:08:11 | Epoch 00178 | train: 0.034168
2026-05-15 14:08:11 | Epoch 00179 | train: 0.035957
2026-05-15 14:08:12 | Epoch 00180 | train: 0.037626
2026-05-15 14:08:12 | Epoch 00181 | train: 0.028719
2026-05-15 14:08:13 | Epoch 00182 | train: 0.038964
2026-05-15 14:08:13 | Epoch 00183 | train: 0.037382
2026-05-15 14:08:14 | Epoch 00184 | train: 0.045112
2026-05-15 14:08:15 | Epoch 00185 | train: 0.037863
2026-05-15 14:08:15 | Epoch 00186 | train: 0.040410
2026-05-15 14:08:16 | Epoch 00187 | train: 0.037723
2026-05-15 14:08:16 | Epoch 00188 | train: 0.038032
2026-05-15 14:08:17 | Epoch 00189 | train: 0.054566
2026-05-15 14:08:17 | Epoch 00190 | train: 0.033435
2026-05-15 14:08:18 | Epoch 00191 | train: 0.025693
2026-05-15 14:08:18 | Epoch 00192 | train: 0.039139
2026-05-15 14:08:19 | Epoch 00193 | train: 0.035411
2026-05-15 14:08:19 | Epoch 00194 | train: 0.036035
2026-05-15 14:08:20 | Epoch 00195 | train: 0.030950
2026-05-15 14:08:20 | Epoch 00196 | train: 0.051726
2026-05-15 14:08:21 | Epoch 00197 | train: 0.033700
2026-05-15 14:08:21 | Epoch 00198 | train: 0.042389
2026-05-15 14:08:22 | Epoch 00199 | train: 0.037905
2026-05-15 14:08:23 | Epoch 00200 | train: 0.029911
2026-05-15 14:08:23 | Epoch 00201 | train: 0.030444
2026-05-15 14:08:24 | Epoch 00202 | train: 0.026238
2026-05-15 14:08:24 | Epoch 00203 | train: 0.028279
2026-05-15 14:08:25 | Epoch 00204 | train: 0.026462
2026-05-15 14:08:25 | Epoch 00205 | train: 0.026931
2026-05-15 14:08:26 | Epoch 00206 | train: 0.028089
2026-05-15 14:08:26 | Epoch 00207 | train: 0.031132
2026-05-15 14:08:27 | Epoch 00208 | train: 0.030697
2026-05-15 14:08:27 | Epoch 00209 | train: 0.023300
2026-05-15 14:08:28 | Epoch 00210 | train: 0.026340
2026-05-15 14:08:28 | Epoch 00211 | train: 0.022799
2026-05-15 14:08:29 | Epoch 00212 | train: 0.026331
2026-05-15 14:08:29 | Epoch 00213 | train: 0.034955
2026-05-15 14:08:30 | Epoch 00214 | train: 0.041162
2026-05-15 14:08:30 | Epoch 00215 | train: 0.029697
2026-05-15 14:08:31 | Epoch 00216 | train: 0.022273
2026-05-15 14:08:32 | Epoch 00217 | train: 0.023001
2026-05-15 14:08:32 | Epoch 00218 | train: 0.027109
2026-05-15 14:08:33 | Epoch 00219 | train: 0.029182
2026-05-15 14:08:33 | Epoch 00220 | train: 0.036127
2026-05-15 14:08:34 | Epoch 00221 | train: 0.029317
2026-05-15 14:08:34 | Epoch 00222 | train: 0.025068
2026-05-15 14:08:35 | Epoch 00223 | train: 0.031772
2026-05-15 14:08:35 | Epoch 00224 | train: 0.021817
2026-05-15 14:08:36 | Epoch 00225 | train: 0.026834
2026-05-15 14:08:36 | Epoch 00226 | train: 0.031564
2026-05-15 14:08:37 | Epoch 00227 | train: 0.045456
2026-05-15 14:08:37 | Epoch 00228 | train: 0.036012
2026-05-15 14:08:38 | Epoch 00229 | train: 0.022688
2026-05-15 14:08:39 | Epoch 00230 | train: 0.030442
2026-05-15 14:08:39 | Epoch 00231 | train: 0.026032
2026-05-15 14:08:40 | Epoch 00232 | train: 0.031904
2026-05-15 14:08:40 | Epoch 00233 | train: 0.032174
2026-05-15 14:08:41 | Epoch 00234 | train: 0.027029
2026-05-15 14:08:41 | Epoch 00235 | train: 0.025608
2026-05-15 14:08:42 | Epoch 00236 | train: 0.036889
2026-05-15 14:08:42 | Epoch 00237 | train: 0.032229
2026-05-15 14:08:43 | Epoch 00238 | train: 0.031757
2026-05-15 14:08:43 | Epoch 00239 | train: 0.025600
2026-05-15 14:08:44 | Epoch 00240 | train: 0.040021
2026-05-15 14:08:44 | Epoch 00241 | train: 0.028302
2026-05-15 14:08:45 | Epoch 00242 | train: 0.038757
2026-05-15 14:08:45 | Epoch 00243 | train: 0.025887
2026-05-15 14:08:46 | Epoch 00244 | train: 0.023164
2026-05-15 14:08:46 | Epoch 00245 | train: 0.035208
2026-05-15 14:08:47 | Epoch 00246 | train: 0.028431
2026-05-15 14:08:48 | Epoch 00247 | train: 0.032742
2026-05-15 14:08:48 | Epoch 00248 | train: 0.037326
2026-05-15 14:08:49 | Epoch 00249 | train: 0.047906
2026-05-15 14:08:49 | Epoch 00250 | train: 0.039777
2026-05-15 14:08:50 | Epoch 00251 | train: 0.030567
2026-05-15 14:08:50 | Epoch 00252 | train: 0.028793
2026-05-15 14:08:51 | Epoch 00253 | train: 0.029157
2026-05-15 14:08:51 | Epoch 00254 | train: 0.035146
2026-05-15 14:08:52 | Epoch 00255 | train: 0.040544
2026-05-15 14:08:52 | Epoch 00256 | train: 0.056508
2026-05-15 14:08:53 | Epoch 00257 | train: 0.032659
2026-05-15 14:08:53 | Epoch 00258 | train: 0.017723
2026-05-15 14:08:54 | Epoch 00259 | train: 0.027378
2026-05-15 14:08:54 | Epoch 00260 | train: 0.025754
2026-05-15 14:08:55 | Epoch 00261 | train: 0.030141
2026-05-15 14:08:56 | Epoch 00262 | train: 0.020334
2026-05-15 14:08:56 | Epoch 00263 | train: 0.024895
2026-05-15 14:08:57 | Epoch 00264 | train: 0.023714
2026-05-15 14:08:57 | Epoch 00265 | train: 0.022846
2026-05-15 14:08:58 | Epoch 00266 | train: 0.035015
2026-05-15 14:08:58 | Epoch 00267 | train: 0.029697
2026-05-15 14:08:59 | Epoch 00268 | train: 0.030400
2026-05-15 14:08:59 | Epoch 00269 | train: 0.030525
2026-05-15 14:09:00 | Epoch 00270 | train: 0.025711
2026-05-15 14:09:00 | Epoch 00271 | train: 0.030333
2026-05-15 14:09:01 | Epoch 00272 | train: 0.026276
2026-05-15 14:09:01 | Epoch 00273 | train: 0.020730
2026-05-15 14:09:02 | Epoch 00274 | train: 0.040832
2026-05-15 14:09:02 | Epoch 00275 | train: 0.048575
2026-05-15 14:09:03 | Epoch 00276 | train: 0.038002
2026-05-15 14:09:04 | Epoch 00277 | train: 0.031906
2026-05-15 14:09:04 | Epoch 00278 | train: 0.029300
2026-05-15 14:09:05 | Epoch 00279 | train: 0.033988
2026-05-15 14:09:05 | Epoch 00280 | train: 0.032179
2026-05-15 14:09:06 | Epoch 00281 | train: 0.028244
2026-05-15 14:09:06 | Epoch 00282 | train: 0.029970
2026-05-15 14:09:07 | Epoch 00283 | train: 0.031145
2026-05-15 14:09:07 | Epoch 00284 | train: 0.030227
2026-05-15 14:09:08 | Epoch 00285 | train: 0.026200
2026-05-15 14:09:08 | Epoch 00286 | train: 0.023422
2026-05-15 14:09:09 | Epoch 00287 | train: 0.022159
2026-05-15 14:09:09 | Epoch 00288 | train: 0.039233
2026-05-15 14:09:10 | Epoch 00289 | train: 0.029941
2026-05-15 14:09:10 | Epoch 00290 | train: 0.019330
2026-05-15 14:09:11 | Epoch 00291 | train: 0.039457
2026-05-15 14:09:12 | Epoch 00292 | train: 0.042103
2026-05-15 14:09:12 | Epoch 00293 | train: 0.022527
2026-05-15 14:09:13 | Epoch 00294 | train: 0.018683
2026-05-15 14:09:13 | Epoch 00295 | train: 0.046035
2026-05-15 14:09:14 | Epoch 00296 | train: 0.043901
2026-05-15 14:09:14 | Epoch 00297 | train: 0.046181
2026-05-15 14:09:15 | Epoch 00298 | train: 0.024789
2026-05-15 14:09:15 | Epoch 00299 | train: 0.030248
2026-05-15 14:09:16 | Epoch 00300 | train: 0.023914
2026-05-15 14:09:16 | Epoch 00301 | train: 0.030153
2026-05-15 14:09:17 | Epoch 00302 | train: 0.020773
2026-05-15 14:09:17 | Epoch 00303 | train: 0.030591
2026-05-15 14:09:18 | Epoch 00304 | train: 0.023361
2026-05-15 14:09:18 | Epoch 00305 | train: 0.023058
2026-05-15 14:09:19 | Epoch 00306 | train: 0.022385
2026-05-15 14:09:20 | Epoch 00307 | train: 0.044907
2026-05-15 14:09:20 | Epoch 00308 | train: 0.030361
2026-05-15 14:09:21 | Epoch 00309 | train: 0.025290
2026-05-15 14:09:21 | Epoch 00310 | train: 0.027899
2026-05-15 14:09:22 | Epoch 00311 | train: 0.022419
2026-05-15 14:09:22 | Epoch 00312 | train: 0.019537
2026-05-15 14:09:23 | Epoch 00313 | train: 0.029853
2026-05-15 14:09:23 | Epoch 00314 | train: 0.027770
2026-05-15 14:09:24 | Epoch 00315 | train: 0.018591
2026-05-15 14:09:24 | Epoch 00316 | train: 0.023082
2026-05-15 14:09:25 | Epoch 00317 | train: 0.018994
2026-05-15 14:09:25 | Epoch 00318 | train: 0.018768
2026-05-15 14:09:26 | Epoch 00319 | train: 0.018468
2026-05-15 14:09:27 | Epoch 00320 | train: 0.030239
2026-05-15 14:09:27 | Epoch 00321 | train: 0.039876
2026-05-15 14:09:28 | Epoch 00322 | train: 0.029453
2026-05-15 14:09:28 | Epoch 00323 | train: 0.025107
2026-05-15 14:09:29 | Epoch 00324 | train: 0.017833
2026-05-15 14:09:29 | Epoch 00325 | train: 0.023191
2026-05-15 14:09:30 | Epoch 00326 | train: 0.016011
2026-05-15 14:09:30 | Epoch 00327 | train: 0.013572
2026-05-15 14:09:31 | Epoch 00328 | train: 0.016038
2026-05-15 14:09:31 | Epoch 00329 | train: 0.019329
2026-05-15 14:09:32 | Epoch 00330 | train: 0.015268
2026-05-15 14:09:32 | Epoch 00331 | train: 0.016500
2026-05-15 14:09:33 | Epoch 00332 | train: 0.016137
2026-05-15 14:09:34 | Epoch 00333 | train: 0.020454
2026-05-15 14:09:34 | Epoch 00334 | train: 0.015252
2026-05-15 14:09:35 | Epoch 00335 | train: 0.021761
2026-05-15 14:09:35 | Epoch 00336 | train: 0.019367
2026-05-15 14:09:36 | Epoch 00337 | train: 0.015395
2026-05-15 14:09:36 | Epoch 00338 | train: 0.014642
2026-05-15 14:09:37 | Epoch 00339 | train: 0.020543
2026-05-15 14:09:37 | Epoch 00340 | train: 0.022703
2026-05-15 14:09:38 | Epoch 00341 | train: 0.029545
2026-05-15 14:09:38 | Epoch 00342 | train: 0.030371
2026-05-15 14:09:39 | Epoch 00343 | train: 0.023756
2026-05-15 14:09:40 | Epoch 00344 | train: 0.015147
2026-05-15 14:09:40 | Epoch 00345 | train: 0.017445
2026-05-15 14:09:41 | Epoch 00346 | train: 0.025128
2026-05-15 14:09:41 | Epoch 00347 | train: 0.022154
2026-05-15 14:09:42 | Epoch 00348 | train: 0.021774
2026-05-15 14:09:42 | Epoch 00349 | train: 0.023025
2026-05-15 14:09:43 | Epoch 00350 | train: 0.033529
2026-05-15 14:09:43 | Epoch 00351 | train: 0.022034
2026-05-15 14:09:44 | Epoch 00352 | train: 0.018308
2026-05-15 14:09:44 | Epoch 00353 | train: 0.016604
2026-05-15 14:09:45 | Epoch 00354 | train: 0.021276
2026-05-15 14:09:46 | Epoch 00355 | train: 0.018507
2026-05-15 14:09:46 | Epoch 00356 | train: 0.013292
2026-05-15 14:09:47 | Epoch 00357 | train: 0.022114
2026-05-15 14:09:47 | Epoch 00358 | train: 0.024759
2026-05-15 14:09:48 | Epoch 00359 | train: 0.026936
2026-05-15 14:09:48 | Epoch 00360 | train: 0.024088
2026-05-15 14:09:49 | Epoch 00361 | train: 0.020306
2026-05-15 14:09:49 | Epoch 00362 | train: 0.016115
2026-05-15 14:09:50 | Epoch 00363 | train: 0.028214
2026-05-15 14:09:50 | Epoch 00364 | train: 0.023818
2026-05-15 14:09:51 | Epoch 00365 | train: 0.025667
2026-05-15 14:09:52 | Epoch 00366 | train: 0.017920
2026-05-15 14:09:52 | Epoch 00367 | train: 0.029818
2026-05-15 14:09:53 | Epoch 00368 | train: 0.014504
2026-05-15 14:09:53 | Epoch 00369 | train: 0.014561
2026-05-15 14:09:54 | Epoch 00370 | train: 0.025101
2026-05-15 14:09:54 | Epoch 00371 | train: 0.027210
2026-05-15 14:09:55 | Epoch 00372 | train: 0.017672
2026-05-15 14:09:55 | Epoch 00373 | train: 0.024369
2026-05-15 14:09:56 | Epoch 00374 | train: 0.033833
2026-05-15 14:09:56 | Epoch 00375 | train: 0.024313
2026-05-15 14:09:57 | Epoch 00376 | train: 0.023242
2026-05-15 14:09:57 | Epoch 00377 | train: 0.021658
2026-05-15 14:09:58 | Epoch 00378 | train: 0.016262
2026-05-15 14:09:59 | Epoch 00379 | train: 0.024255
2026-05-15 14:09:59 | Epoch 00380 | train: 0.024103
2026-05-15 14:10:00 | Epoch 00381 | train: 0.013336
2026-05-15 14:10:00 | Epoch 00382 | train: 0.017410
2026-05-15 14:10:01 | Epoch 00383 | train: 0.018400
2026-05-15 14:10:01 | Epoch 00384 | train: 0.017285
2026-05-15 14:10:02 | Epoch 00385 | train: 0.020063
2026-05-15 14:10:02 | Epoch 00386 | train: 0.018175
2026-05-15 14:10:03 | Epoch 00387 | train: 0.017428
2026-05-15 14:10:03 | Epoch 00388 | train: 0.021083
2026-05-15 14:10:04 | Epoch 00389 | train: 0.017529
2026-05-15 14:10:05 | Epoch 00390 | train: 0.016763
2026-05-15 14:10:05 | Epoch 00391 | train: 0.011831
2026-05-15 14:10:06 | Epoch 00392 | train: 0.018371
2026-05-15 14:10:06 | Epoch 00393 | train: 0.035375
2026-05-15 14:10:07 | Epoch 00394 | train: 0.031006
2026-05-15 14:10:07 | Epoch 00395 | train: 0.022742
2026-05-15 14:10:08 | Epoch 00396 | train: 0.024209
2026-05-15 14:10:08 | Epoch 00397 | train: 0.024242
2026-05-15 14:10:09 | Epoch 00398 | train: 0.016949
2026-05-15 14:10:09 | Epoch 00399 | train: 0.014041
2026-05-15 14:10:10 | Epoch 00400 | train: 0.011160
2026-05-15 14:10:11 | Epoch 00401 | train: 0.010908
2026-05-15 14:10:11 | Epoch 00402 | train: 0.014949
2026-05-15 14:10:12 | Epoch 00403 | train: 0.011951
2026-05-15 14:10:12 | Epoch 00404 | train: 0.016695
2026-05-15 14:10:13 | Epoch 00405 | train: 0.029347
2026-05-15 14:10:13 | Epoch 00406 | train: 0.024420
2026-05-15 14:10:14 | Epoch 00407 | train: 0.016223
2026-05-15 14:10:14 | Epoch 00408 | train: 0.015201
2026-05-15 14:10:15 | Epoch 00409 | train: 0.010224
2026-05-15 14:10:15 | Epoch 00410 | train: 0.011447
2026-05-15 14:10:16 | Epoch 00411 | train: 0.013378
2026-05-15 14:10:17 | Epoch 00412 | train: 0.014167
2026-05-15 14:10:17 | Epoch 00413 | train: 0.016944
2026-05-15 14:10:18 | Epoch 00414 | train: 0.013240
2026-05-15 14:10:18 | Epoch 00415 | train: 0.009629
2026-05-15 14:10:19 | Epoch 00416 | train: 0.017982
2026-05-15 14:10:19 | Epoch 00417 | train: 0.032967
2026-05-15 14:10:20 | Epoch 00418 | train: 0.019483
2026-05-15 14:10:20 | Epoch 00419 | train: 0.029305
2026-05-15 14:10:21 | Epoch 00420 | train: 0.015791
2026-05-15 14:10:21 | Epoch 00421 | train: 0.011204
2026-05-15 14:10:22 | Epoch 00422 | train: 0.008214
2026-05-15 14:10:22 | Epoch 00423 | train: 0.015071
2026-05-15 14:10:23 | Epoch 00424 | train: 0.021892
2026-05-15 14:10:24 | Epoch 00425 | train: 0.020529
2026-05-15 14:10:24 | Epoch 00426 | train: 0.013703
2026-05-15 14:10:25 | Epoch 00427 | train: 0.016903
2026-05-15 14:10:25 | Epoch 00428 | train: 0.014120
2026-05-15 14:10:26 | Epoch 00429 | train: 0.017168
2026-05-15 14:10:26 | Epoch 00430 | train: 0.017141
2026-05-15 14:10:27 | Epoch 00431 | train: 0.019793
2026-05-15 14:10:27 | Epoch 00432 | train: 0.026468
2026-05-15 14:10:28 | Epoch 00433 | train: 0.020107
2026-05-15 14:10:28 | Epoch 00434 | train: 0.013045
2026-05-15 14:10:29 | Epoch 00435 | train: 0.011607
2026-05-15 14:10:29 | Epoch 00436 | train: 0.013204
2026-05-15 14:10:30 | Epoch 00437 | train: 0.009276
2026-05-15 14:10:31 | Epoch 00438 | train: 0.015233
2026-05-15 14:10:31 | Epoch 00439 | train: 0.020279
2026-05-15 14:10:32 | Epoch 00440 | train: 0.013811
2026-05-15 14:10:32 | Epoch 00441 | train: 0.009689
2026-05-15 14:10:33 | Epoch 00442 | train: 0.010343
2026-05-15 14:10:33 | Epoch 00443 | train: 0.014783
2026-05-15 14:10:34 | Epoch 00444 | train: 0.022027
2026-05-15 14:10:34 | Epoch 00445 | train: 0.025944
2026-05-15 14:10:35 | Epoch 00446 | train: 0.016567
2026-05-15 14:10:35 | Epoch 00447 | train: 0.010456
2026-05-15 14:10:36 | Epoch 00448 | train: 0.013179
2026-05-15 14:10:36 | Epoch 00449 | train: 0.011230
2026-05-15 14:10:37 | Epoch 00450 | train: 0.013035
2026-05-15 14:10:38 | Epoch 00451 | train: 0.013799
2026-05-15 14:10:38 | Epoch 00452 | train: 0.021351
2026-05-15 14:10:39 | Epoch 00453 | train: 0.026729
2026-05-15 14:10:39 | Epoch 00454 | train: 0.015730
2026-05-15 14:10:40 | Epoch 00455 | train: 0.013108
2026-05-15 14:10:40 | Epoch 00456 | train: 0.015286
2026-05-15 14:10:41 | Epoch 00457 | train: 0.013536
2026-05-15 14:10:41 | Epoch 00458 | train: 0.016112
2026-05-15 14:10:42 | Epoch 00459 | train: 0.015577
2026-05-15 14:10:42 | Epoch 00460 | train: 0.010603
2026-05-15 14:10:43 | Epoch 00461 | train: 0.013895
2026-05-15 14:10:43 | Epoch 00462 | train: 0.011278
2026-05-15 14:10:44 | Epoch 00463 | train: 0.012576
2026-05-15 14:10:45 | Epoch 00464 | train: 0.012592
2026-05-15 14:10:45 | Epoch 00465 | train: 0.009543
2026-05-15 14:10:46 | Epoch 00466 | train: 0.012418
2026-05-15 14:10:46 | Epoch 00467 | train: 0.016656
2026-05-15 14:10:47 | Epoch 00468 | train: 0.015059
2026-05-15 14:10:47 | Epoch 00469 | train: 0.011338
2026-05-15 14:10:48 | Epoch 00470 | train: 0.009507
2026-05-15 14:10:48 | Epoch 00471 | train: 0.009470
2026-05-15 14:10:49 | Epoch 00472 | train: 0.007979
2026-05-15 14:10:49 | Epoch 00473 | train: 0.013938
2026-05-15 14:10:50 | Epoch 00474 | train: 0.020470
2026-05-15 14:10:50 | Epoch 00475 | train: 0.015825
2026-05-15 14:10:51 | Epoch 00476 | train: 0.012693
2026-05-15 14:10:52 | Epoch 00477 | train: 0.013474
2026-05-15 14:10:52 | Epoch 00478 | train: 0.011642
2026-05-15 14:10:53 | Epoch 00479 | train: 0.015987
2026-05-15 14:10:53 | Epoch 00480 | train: 0.014185
2026-05-15 14:10:54 | Epoch 00481 | train: 0.016607
2026-05-15 14:10:54 | Epoch 00482 | train: 0.014985
2026-05-15 14:10:55 | Epoch 00483 | train: 0.016715
2026-05-15 14:10:55 | Epoch 00484 | train: 0.013258
2026-05-15 14:10:56 | Epoch 00485 | train: 0.016752
2026-05-15 14:10:56 | Epoch 00486 | train: 0.014894
2026-05-15 14:10:57 | Epoch 00487 | train: 0.010909
2026-05-15 14:10:57 | Epoch 00488 | train: 0.011333
2026-05-15 14:10:58 | Epoch 00489 | train: 0.011565
2026-05-15 14:10:59 | Epoch 00490 | train: 0.011148
2026-05-15 14:10:59 | Epoch 00491 | train: 0.007831
2026-05-15 14:11:00 | Epoch 00492 | train: 0.012258
2026-05-15 14:11:00 | Epoch 00493 | train: 0.008865
2026-05-15 14:11:01 | Epoch 00494 | train: 0.010422
2026-05-15 14:11:01 | Epoch 00495 | train: 0.007892
2026-05-15 14:11:02 | Epoch 00496 | train: 0.011863
2026-05-15 14:11:02 | Epoch 00497 | train: 0.013133
2026-05-15 14:11:03 | Epoch 00498 | train: 0.014758
2026-05-15 14:11:03 | Epoch 00499 | train: 0.010874
2026-05-15 14:11:04 | Epoch 00500 | train: 0.010299
2026-05-15 14:11:04 | Epoch 00500 | test : 0.009908  [lr=2.37e-04]
2026-05-15 14:11:04 | Epoch 00500 | best model saved  (test_loss=0.009908)
2026-05-15 14:11:05 | Epoch 00501 | train: 0.008965
2026-05-15 14:11:05 | Epoch 00502 | train: 0.007550
2026-05-15 14:11:06 | Epoch 00503 | train: 0.014262
2026-05-15 14:11:06 | Epoch 00504 | train: 0.012962
2026-05-15 14:11:07 | Epoch 00505 | train: 0.009313
2026-05-15 14:11:07 | Epoch 00506 | train: 0.006063
2026-05-15 14:11:08 | Epoch 00507 | train: 0.009210
2026-05-15 14:11:08 | Epoch 00508 | train: 0.008302
2026-05-15 14:11:09 | Epoch 00509 | train: 0.016050
2026-05-15 14:11:09 | Epoch 00510 | train: 0.013862
2026-05-15 14:11:10 | Epoch 00511 | train: 0.014159
2026-05-15 14:11:10 | Epoch 00512 | train: 0.012511
2026-05-15 14:11:11 | Epoch 00513 | train: 0.009287
2026-05-15 14:11:12 | Epoch 00514 | train: 0.014852
2026-05-15 14:11:12 | Epoch 00515 | train: 0.006880
2026-05-15 14:11:13 | Epoch 00516 | train: 0.009462
2026-05-15 14:11:13 | Epoch 00517 | train: 0.014348
2026-05-15 14:11:14 | Epoch 00518 | train: 0.007899
2026-05-15 14:11:14 | Epoch 00519 | train: 0.009074
2026-05-15 14:11:15 | Epoch 00520 | train: 0.007743
2026-05-15 14:11:15 | Epoch 00521 | train: 0.005990
2026-05-15 14:11:16 | Epoch 00522 | train: 0.007818
2026-05-15 14:11:16 | Epoch 00523 | train: 0.011039
2026-05-15 14:11:17 | Epoch 00524 | train: 0.008621
2026-05-15 14:11:17 | Epoch 00525 | train: 0.011921
2026-05-15 14:11:18 | Epoch 00526 | train: 0.009631
2026-05-15 14:11:18 | Epoch 00527 | train: 0.011545
2026-05-15 14:11:19 | Epoch 00528 | train: 0.008606
2026-05-15 14:11:20 | Epoch 00529 | train: 0.017205
2026-05-15 14:11:20 | Epoch 00530 | train: 0.013514
2026-05-15 14:11:21 | Epoch 00531 | train: 0.008206
2026-05-15 14:11:21 | Epoch 00532 | train: 0.007337
2026-05-15 14:11:22 | Epoch 00533 | train: 0.010304
2026-05-15 14:11:22 | Epoch 00534 | train: 0.008931
2026-05-15 14:11:23 | Epoch 00535 | train: 0.007477
2026-05-15 14:11:23 | Epoch 00536 | train: 0.006534
2026-05-15 14:11:24 | Epoch 00537 | train: 0.009686
2026-05-15 14:11:24 | Epoch 00538 | train: 0.010192
2026-05-15 14:11:25 | Epoch 00539 | train: 0.011945
2026-05-15 14:11:25 | Epoch 00540 | train: 0.009482
2026-05-15 14:11:26 | Epoch 00541 | train: 0.007621
2026-05-15 14:11:26 | Epoch 00542 | train: 0.009276
2026-05-15 14:11:27 | Epoch 00543 | train: 0.008789
2026-05-15 14:11:27 | Epoch 00544 | train: 0.007923
2026-05-15 14:11:28 | Epoch 00545 | train: 0.020212
2026-05-15 14:11:29 | Epoch 00546 | train: 0.013380
2026-05-15 14:11:29 | Epoch 00547 | train: 0.011388
2026-05-15 14:11:30 | Epoch 00548 | train: 0.011671
2026-05-15 14:11:30 | Epoch 00549 | train: 0.014699
2026-05-15 14:11:31 | Epoch 00550 | train: 0.010395
2026-05-15 14:11:31 | Epoch 00551 | train: 0.007686
2026-05-15 14:11:32 | Epoch 00552 | train: 0.007691
2026-05-15 14:11:32 | Epoch 00553 | train: 0.008340
2026-05-15 14:11:33 | Epoch 00554 | train: 0.007083
2026-05-15 14:11:33 | Epoch 00555 | train: 0.008771
2026-05-15 14:11:34 | Epoch 00556 | train: 0.009651
2026-05-15 14:11:34 | Epoch 00557 | train: 0.006971
2026-05-15 14:11:35 | Epoch 00558 | train: 0.009659
2026-05-15 14:11:36 | Epoch 00559 | train: 0.006218
2026-05-15 14:11:36 | Epoch 00560 | train: 0.007089
2026-05-15 14:11:37 | Epoch 00561 | train: 0.009363
2026-05-15 14:11:37 | Epoch 00562 | train: 0.008059
2026-05-15 14:11:38 | Epoch 00563 | train: 0.010084
2026-05-15 14:11:38 | Epoch 00564 | train: 0.019331
2026-05-15 14:11:39 | Epoch 00565 | train: 0.013961
2026-05-15 14:11:39 | Epoch 00566 | train: 0.012426
2026-05-15 14:11:40 | Epoch 00567 | train: 0.017818
2026-05-15 14:11:40 | Epoch 00568 | train: 0.010534
2026-05-15 14:11:41 | Epoch 00569 | train: 0.008329
2026-05-15 14:11:41 | Epoch 00570 | train: 0.006113
2026-05-15 14:11:42 | Epoch 00571 | train: 0.010081
2026-05-15 14:11:42 | Epoch 00572 | train: 0.009082
2026-05-15 14:11:43 | Epoch 00573 | train: 0.010447
2026-05-15 14:11:43 | Epoch 00574 | train: 0.009838
2026-05-15 14:11:44 | Epoch 00575 | train: 0.010641
2026-05-15 14:11:45 | Epoch 00576 | train: 0.011534
2026-05-15 14:11:45 | Epoch 00577 | train: 0.008915
2026-05-15 14:11:46 | Epoch 00578 | train: 0.007432
2026-05-15 14:11:46 | Epoch 00579 | train: 0.010121
2026-05-15 14:11:47 | Epoch 00580 | train: 0.017836
2026-05-15 14:11:47 | Epoch 00581 | train: 0.009969
2026-05-15 14:11:48 | Epoch 00582 | train: 0.012234
2026-05-15 14:11:48 | Epoch 00583 | train: 0.010956
2026-05-15 14:11:49 | Epoch 00584 | train: 0.010544
2026-05-15 14:11:49 | Epoch 00585 | train: 0.007934
2026-05-15 14:11:50 | Epoch 00586 | train: 0.010456
2026-05-15 14:11:50 | Epoch 00587 | train: 0.007167
2026-05-15 14:11:51 | Epoch 00588 | train: 0.012140
2026-05-15 14:11:51 | Epoch 00589 | train: 0.010774
2026-05-15 14:11:52 | Epoch 00590 | train: 0.014966
2026-05-15 14:11:53 | Epoch 00591 | train: 0.013492
2026-05-15 14:11:53 | Epoch 00592 | train: 0.009357
2026-05-15 14:11:54 | Epoch 00593 | train: 0.008726
2026-05-15 14:11:54 | Epoch 00594 | train: 0.006824
2026-05-15 14:11:55 | Epoch 00595 | train: 0.008064
2026-05-15 14:11:55 | Epoch 00596 | train: 0.006933
2026-05-15 14:11:56 | Epoch 00597 | train: 0.006534
2026-05-15 14:11:56 | Epoch 00598 | train: 0.008929
2026-05-15 14:11:57 | Epoch 00599 | train: 0.011179
2026-05-15 14:11:57 | Epoch 00600 | train: 0.008075
2026-05-15 14:11:58 | Epoch 00601 | train: 0.007846
2026-05-15 14:11:58 | Epoch 00602 | train: 0.005663
2026-05-15 14:11:59 | Epoch 00603 | train: 0.005843
2026-05-15 14:11:59 | Epoch 00604 | train: 0.009821
2026-05-15 14:12:00 | Epoch 00605 | train: 0.008462
2026-05-15 14:12:00 | Epoch 00606 | train: 0.011205
2026-05-15 14:12:01 | Epoch 00607 | train: 0.009339
2026-05-15 14:12:02 | Epoch 00608 | train: 0.006616
2026-05-15 14:12:02 | Epoch 00609 | train: 0.006923
2026-05-15 14:12:03 | Epoch 00610 | train: 0.005913
2026-05-15 14:12:03 | Epoch 00611 | train: 0.004627
2026-05-15 14:12:04 | Epoch 00612 | train: 0.007104
2026-05-15 14:12:04 | Epoch 00613 | train: 0.007077
2026-05-15 14:12:05 | Epoch 00614 | train: 0.008397
2026-05-15 14:12:05 | Epoch 00615 | train: 0.005390
2026-05-15 14:12:06 | Epoch 00616 | train: 0.007487
2026-05-15 14:12:06 | Epoch 00617 | train: 0.006020
2026-05-15 14:12:07 | Epoch 00618 | train: 0.009196
2026-05-15 14:12:07 | Epoch 00619 | train: 0.007534
2026-05-15 14:12:08 | Epoch 00620 | train: 0.009459
2026-05-15 14:12:08 | Epoch 00621 | train: 0.008560
2026-05-15 14:12:09 | Epoch 00622 | train: 0.007240
2026-05-15 14:12:10 | Epoch 00623 | train: 0.005512
2026-05-15 14:12:10 | Epoch 00624 | train: 0.005435
2026-05-15 14:12:11 | Epoch 00625 | train: 0.008838
2026-05-15 14:12:11 | Epoch 00626 | train: 0.006820
2026-05-15 14:12:12 | Epoch 00627 | train: 0.004931
2026-05-15 14:12:12 | Epoch 00628 | train: 0.006838
2026-05-15 14:12:13 | Epoch 00629 | train: 0.006023
2026-05-15 14:12:13 | Epoch 00630 | train: 0.005909
2026-05-15 14:12:14 | Epoch 00631 | train: 0.006075
2026-05-15 14:12:14 | Epoch 00632 | train: 0.006899
2026-05-15 14:12:15 | Epoch 00633 | train: 0.012013
2026-05-15 14:12:15 | Epoch 00634 | train: 0.007834
2026-05-15 14:12:16 | Epoch 00635 | train: 0.007954
2026-05-15 14:12:16 | Epoch 00636 | train: 0.006398
2026-05-15 14:12:17 | Epoch 00637 | train: 0.006549
2026-05-15 14:12:18 | Epoch 00638 | train: 0.005872
2026-05-15 14:12:18 | Epoch 00639 | train: 0.006865
2026-05-15 14:12:19 | Epoch 00640 | train: 0.006125
2026-05-15 14:12:19 | Epoch 00641 | train: 0.007023
2026-05-15 14:12:20 | Epoch 00642 | train: 0.006370
2026-05-15 14:12:20 | Epoch 00643 | train: 0.006875
2026-05-15 14:12:21 | Epoch 00644 | train: 0.007154
2026-05-15 14:12:21 | Epoch 00645 | train: 0.006067
2026-05-15 14:12:22 | Epoch 00646 | train: 0.005514
2026-05-15 14:12:22 | Epoch 00647 | train: 0.005403
2026-05-15 14:12:23 | Epoch 00648 | train: 0.007082
2026-05-15 14:12:23 | Epoch 00649 | train: 0.010371
2026-05-15 14:12:24 | Epoch 00650 | train: 0.007097
2026-05-15 14:12:24 | Epoch 00651 | train: 0.010297
2026-05-15 14:12:25 | Epoch 00652 | train: 0.012779
2026-05-15 14:12:25 | Epoch 00653 | train: 0.006973
2026-05-15 14:12:26 | Epoch 00654 | train: 0.005901
2026-05-15 14:12:27 | Epoch 00655 | train: 0.008673
2026-05-15 14:12:27 | Epoch 00656 | train: 0.010793
2026-05-15 14:12:28 | Epoch 00657 | train: 0.006090
2026-05-15 14:12:28 | Epoch 00658 | train: 0.011181
2026-05-15 14:12:29 | Epoch 00659 | train: 0.012430
2026-05-15 14:12:29 | Epoch 00660 | train: 0.006140
2026-05-15 14:12:30 | Epoch 00661 | train: 0.009241
2026-05-15 14:12:30 | Epoch 00662 | train: 0.006975
2026-05-15 14:12:31 | Epoch 00663 | train: 0.006140
2026-05-15 14:12:31 | Epoch 00664 | train: 0.006083
2026-05-15 14:12:32 | Epoch 00665 | train: 0.007886
2026-05-15 14:12:32 | Epoch 00666 | train: 0.008358
2026-05-15 14:12:33 | Epoch 00667 | train: 0.007832
2026-05-15 14:12:33 | Epoch 00668 | train: 0.004805
2026-05-15 14:12:34 | Epoch 00669 | train: 0.004312
2026-05-15 14:12:35 | Epoch 00670 | train: 0.006564
2026-05-15 14:12:35 | Epoch 00671 | train: 0.005058
2026-05-15 14:12:36 | Epoch 00672 | train: 0.006598
2026-05-15 14:12:36 | Epoch 00673 | train: 0.006245
2026-05-15 14:12:37 | Epoch 00674 | train: 0.007523
2026-05-15 14:12:37 | Epoch 00675 | train: 0.009051
2026-05-15 14:12:38 | Epoch 00676 | train: 0.011805
2026-05-15 14:12:38 | Epoch 00677 | train: 0.010496
2026-05-15 14:12:39 | Epoch 00678 | train: 0.009857
2026-05-15 14:12:39 | Epoch 00679 | train: 0.006873
2026-05-15 14:12:40 | Epoch 00680 | train: 0.005145
2026-05-15 14:12:40 | Epoch 00681 | train: 0.014005
2026-05-15 14:12:41 | Epoch 00682 | train: 0.006846
2026-05-15 14:12:41 | Epoch 00683 | train: 0.007232
2026-05-15 14:12:42 | Epoch 00684 | train: 0.005306
2026-05-15 14:12:43 | Epoch 00685 | train: 0.006009
2026-05-15 14:12:43 | Epoch 00686 | train: 0.004589
2026-05-15 14:12:44 | Epoch 00687 | train: 0.005893
2026-05-15 14:12:44 | Epoch 00688 | train: 0.005523
2026-05-15 14:12:45 | Epoch 00689 | train: 0.008649
2026-05-15 14:12:45 | Epoch 00690 | train: 0.014819
2026-05-15 14:12:46 | Epoch 00691 | train: 0.014448
2026-05-15 14:12:46 | Epoch 00692 | train: 0.011108
2026-05-15 14:12:47 | Epoch 00693 | train: 0.007255
2026-05-15 14:12:47 | Epoch 00694 | train: 0.011167
2026-05-15 14:12:48 | Epoch 00695 | train: 0.009862
2026-05-15 14:12:48 | Epoch 00696 | train: 0.006057
2026-05-15 14:12:49 | Epoch 00697 | train: 0.005183
2026-05-15 14:12:49 | Epoch 00698 | train: 0.004869
2026-05-15 14:12:50 | Epoch 00699 | train: 0.006555
2026-05-15 14:12:50 | Epoch 00700 | train: 0.009449
2026-05-15 14:12:51 | Epoch 00701 | train: 0.005625
2026-05-15 14:12:52 | Epoch 00702 | train: 0.005574
2026-05-15 14:12:52 | Epoch 00703 | train: 0.006837
2026-05-15 14:12:53 | Epoch 00704 | train: 0.004123
2026-05-15 14:12:53 | Epoch 00705 | train: 0.004850
2026-05-15 14:12:54 | Epoch 00706 | train: 0.006062
2026-05-15 14:12:54 | Epoch 00707 | train: 0.006448
2026-05-15 14:12:55 | Epoch 00708 | train: 0.006602
2026-05-15 14:12:55 | Epoch 00709 | train: 0.005161
2026-05-15 14:12:56 | Epoch 00710 | train: 0.004267
2026-05-15 14:12:56 | Epoch 00711 | train: 0.004108
2026-05-15 14:12:57 | Epoch 00712 | train: 0.008015
2026-05-15 14:12:57 | Epoch 00713 | train: 0.006388
2026-05-15 14:12:58 | Epoch 00714 | train: 0.005892
2026-05-15 14:12:58 | Epoch 00715 | train: 0.005651
2026-05-15 14:12:59 | Epoch 00716 | train: 0.005497
2026-05-15 14:13:00 | Epoch 00717 | train: 0.004380
2026-05-15 14:13:00 | Epoch 00718 | train: 0.005831
2026-05-15 14:13:01 | Epoch 00719 | train: 0.005839
2026-05-15 14:13:01 | Epoch 00720 | train: 0.004984
2026-05-15 14:13:02 | Epoch 00721 | train: 0.004502
2026-05-15 14:13:02 | Epoch 00722 | train: 0.006210
2026-05-15 14:13:03 | Epoch 00723 | train: 0.005144
2026-05-15 14:13:03 | Epoch 00724 | train: 0.005326
2026-05-15 14:13:04 | Epoch 00725 | train: 0.004967
2026-05-15 14:13:04 | Epoch 00726 | train: 0.005803
2026-05-15 14:13:05 | Epoch 00727 | train: 0.007979
2026-05-15 14:13:05 | Epoch 00728 | train: 0.006103
2026-05-15 14:13:06 | Epoch 00729 | train: 0.005047
2026-05-15 14:13:06 | Epoch 00730 | train: 0.005635
2026-05-15 14:13:07 | Epoch 00731 | train: 0.004652
2026-05-15 14:13:07 | Epoch 00732 | train: 0.004509
2026-05-15 14:13:08 | Epoch 00733 | train: 0.003706
2026-05-15 14:13:09 | Epoch 00734 | train: 0.004471
2026-05-15 14:13:09 | Epoch 00735 | train: 0.005448
2026-05-15 14:13:10 | Epoch 00736 | train: 0.006028
2026-05-15 14:13:10 | Epoch 00737 | train: 0.004841
2026-05-15 14:13:11 | Epoch 00738 | train: 0.006011
2026-05-15 14:13:11 | Epoch 00739 | train: 0.005556
2026-05-15 14:13:12 | Epoch 00740 | train: 0.005849
2026-05-15 14:13:12 | Epoch 00741 | train: 0.007213
2026-05-15 14:13:13 | Epoch 00742 | train: 0.005900
2026-05-15 14:13:13 | Epoch 00743 | train: 0.005214
2026-05-15 14:13:14 | Epoch 00744 | train: 0.005624
2026-05-15 14:13:14 | Epoch 00745 | train: 0.004246
2026-05-15 14:13:15 | Epoch 00746 | train: 0.005204
2026-05-15 14:13:15 | Epoch 00747 | train: 0.005963
2026-05-15 14:13:16 | Epoch 00748 | train: 0.004819
2026-05-15 14:13:17 | Epoch 00749 | train: 0.004588
2026-05-15 14:13:17 | Epoch 00750 | train: 0.004249
2026-05-15 14:13:18 | Epoch 00751 | train: 0.004307
2026-05-15 14:13:18 | Epoch 00752 | train: 0.007676
2026-05-15 14:13:19 | Epoch 00753 | train: 0.009684
2026-05-15 14:13:19 | Epoch 00754 | train: 0.008689
2026-05-15 14:13:20 | Epoch 00755 | train: 0.006925
2026-05-15 14:13:20 | Epoch 00756 | train: 0.004776
2026-05-15 14:13:21 | Epoch 00757 | train: 0.004638
2026-05-15 14:13:21 | Epoch 00758 | train: 0.006196
2026-05-15 14:13:22 | Epoch 00759 | train: 0.006412
2026-05-15 14:13:22 | Epoch 00760 | train: 0.009426
2026-05-15 14:13:23 | Epoch 00761 | train: 0.003622
2026-05-15 14:13:23 | Epoch 00762 | train: 0.004027
2026-05-15 14:13:24 | Epoch 00763 | train: 0.005099
2026-05-15 14:13:24 | Epoch 00764 | train: 0.006044
2026-05-15 14:13:25 | Epoch 00765 | train: 0.007008
2026-05-15 14:13:26 | Epoch 00766 | train: 0.006363
2026-05-15 14:13:26 | Epoch 00767 | train: 0.005159
2026-05-15 14:13:27 | Epoch 00768 | train: 0.005502
2026-05-15 14:13:27 | Epoch 00769 | train: 0.004413
2026-05-15 14:13:28 | Epoch 00770 | train: 0.004709
2026-05-15 14:13:28 | Epoch 00771 | train: 0.004248
2026-05-15 14:13:29 | Epoch 00772 | train: 0.004232
2026-05-15 14:13:29 | Epoch 00773 | train: 0.006605
2026-05-15 14:13:30 | Epoch 00774 | train: 0.006437
2026-05-15 14:13:30 | Epoch 00775 | train: 0.003799
2026-05-15 14:13:31 | Epoch 00776 | train: 0.004691
2026-05-15 14:13:31 | Epoch 00777 | train: 0.003433
2026-05-15 14:13:32 | Epoch 00778 | train: 0.005173
2026-05-15 14:13:32 | Epoch 00779 | train: 0.004834
2026-05-15 14:13:33 | Epoch 00780 | train: 0.006456
2026-05-15 14:13:34 | Epoch 00781 | train: 0.005418
2026-05-15 14:13:34 | Epoch 00782 | train: 0.005158
2026-05-15 14:13:35 | Epoch 00783 | train: 0.004483
2026-05-15 14:13:35 | Epoch 00784 | train: 0.006818
2026-05-15 14:13:36 | Epoch 00785 | train: 0.005209
2026-05-15 14:13:36 | Epoch 00786 | train: 0.004753
2026-05-15 14:13:37 | Epoch 00787 | train: 0.004295
2026-05-15 14:13:37 | Epoch 00788 | train: 0.004264
2026-05-15 14:13:38 | Epoch 00789 | train: 0.005027
2026-05-15 14:13:38 | Epoch 00790 | train: 0.007650
2026-05-15 14:13:39 | Epoch 00791 | train: 0.005722
2026-05-15 14:13:39 | Epoch 00792 | train: 0.006240
2026-05-15 14:13:40 | Epoch 00793 | train: 0.008291
2026-05-15 14:13:40 | Epoch 00794 | train: 0.006508
2026-05-15 14:13:41 | Epoch 00795 | train: 0.004719
2026-05-15 14:13:42 | Epoch 00796 | train: 0.004630
2026-05-15 14:13:42 | Epoch 00797 | train: 0.003720
2026-05-15 14:13:43 | Epoch 00798 | train: 0.005805
2026-05-15 14:13:43 | Epoch 00799 | train: 0.009753
2026-05-15 14:13:44 | Epoch 00800 | train: 0.004324
2026-05-15 14:13:44 | Epoch 00801 | train: 0.003912
2026-05-15 14:13:45 | Epoch 00802 | train: 0.004480
2026-05-15 14:13:45 | Epoch 00803 | train: 0.004783
2026-05-15 14:13:46 | Epoch 00804 | train: 0.005747
2026-05-15 14:13:46 | Epoch 00805 | train: 0.003983
2026-05-15 14:13:47 | Epoch 00806 | train: 0.003516
2026-05-15 14:13:47 | Epoch 00807 | train: 0.003575
2026-05-15 14:13:48 | Epoch 00808 | train: 0.003538
2026-05-15 14:13:48 | Epoch 00809 | train: 0.003438
2026-05-15 14:13:49 | Epoch 00810 | train: 0.003490
2026-05-15 14:13:49 | Epoch 00811 | train: 0.003897
2026-05-15 14:13:50 | Epoch 00812 | train: 0.003980
2026-05-15 14:13:51 | Epoch 00813 | train: 0.003632
2026-05-15 14:13:51 | Epoch 00814 | train: 0.003947
2026-05-15 14:13:52 | Epoch 00815 | train: 0.003598
2026-05-15 14:13:52 | Epoch 00816 | train: 0.003338
2026-05-15 14:13:53 | Epoch 00817 | train: 0.003289
2026-05-15 14:13:53 | Epoch 00818 | train: 0.004244
2026-05-15 14:13:54 | Epoch 00819 | train: 0.004062
2026-05-15 14:13:54 | Epoch 00820 | train: 0.003791
2026-05-15 14:13:55 | Epoch 00821 | train: 0.005648
2026-05-15 14:13:55 | Epoch 00822 | train: 0.006172
2026-05-15 14:13:56 | Epoch 00823 | train: 0.003529
2026-05-15 14:13:56 | Epoch 00824 | train: 0.003503
2026-05-15 14:13:57 | Epoch 00825 | train: 0.003975
2026-05-15 14:13:57 | Epoch 00826 | train: 0.003557
2026-05-15 14:13:58 | Epoch 00827 | train: 0.004096
2026-05-15 14:13:59 | Epoch 00828 | train: 0.004353
2026-05-15 14:13:59 | Epoch 00829 | train: 0.006125
2026-05-15 14:14:00 | Epoch 00830 | train: 0.004902
2026-05-15 14:14:00 | Epoch 00831 | train: 0.004765
2026-05-15 14:14:01 | Epoch 00832 | train: 0.004079
2026-05-15 14:14:01 | Epoch 00833 | train: 0.004881
2026-05-15 14:14:02 | Epoch 00834 | train: 0.005360
2026-05-15 14:14:02 | Epoch 00835 | train: 0.007299
2026-05-15 14:14:03 | Epoch 00836 | train: 0.006600
2026-05-15 14:14:03 | Epoch 00837 | train: 0.003312
2026-05-15 14:14:04 | Epoch 00838 | train: 0.004200
2026-05-15 14:14:04 | Epoch 00839 | train: 0.005256
2026-05-15 14:14:05 | Epoch 00840 | train: 0.004391
2026-05-15 14:14:05 | Epoch 00841 | train: 0.003733
2026-05-15 14:14:06 | Epoch 00842 | train: 0.003898
2026-05-15 14:14:06 | Epoch 00843 | train: 0.004706
2026-05-15 14:14:07 | Epoch 00844 | train: 0.005496
2026-05-15 14:14:08 | Epoch 00845 | train: 0.003689
2026-05-15 14:14:08 | Epoch 00846 | train: 0.005588
2026-05-15 14:14:09 | Epoch 00847 | train: 0.003943
2026-05-15 14:14:09 | Epoch 00848 | train: 0.003444
2026-05-15 14:14:10 | Epoch 00849 | train: 0.003925
2026-05-15 14:14:10 | Epoch 00850 | train: 0.007294
2026-05-15 14:14:11 | Epoch 00851 | train: 0.006445
2026-05-15 14:14:11 | Epoch 00852 | train: 0.004911
2026-05-15 14:14:12 | Epoch 00853 | train: 0.004517
2026-05-15 14:14:12 | Epoch 00854 | train: 0.004571
2026-05-15 14:14:13 | Epoch 00855 | train: 0.004871
2026-05-15 14:14:13 | Epoch 00856 | train: 0.004622
2026-05-15 14:14:14 | Epoch 00857 | train: 0.004292
2026-05-15 14:14:14 | Epoch 00858 | train: 0.005367
2026-05-15 14:14:15 | Epoch 00859 | train: 0.004799
2026-05-15 14:14:16 | Epoch 00860 | train: 0.005267
2026-05-15 14:14:16 | Epoch 00861 | train: 0.004399
2026-05-15 14:14:17 | Epoch 00862 | train: 0.003157
2026-05-15 14:14:17 | Epoch 00863 | train: 0.004320
2026-05-15 14:14:18 | Epoch 00864 | train: 0.004168
2026-05-15 14:14:18 | Epoch 00865 | train: 0.003964
2026-05-15 14:14:19 | Epoch 00866 | train: 0.003621
2026-05-15 14:14:19 | Epoch 00867 | train: 0.003438
2026-05-15 14:14:20 | Epoch 00868 | train: 0.003969
2026-05-15 14:14:20 | Epoch 00869 | train: 0.003910
2026-05-15 14:14:21 | Epoch 00870 | train: 0.003657
2026-05-15 14:14:21 | Epoch 00871 | train: 0.003145
2026-05-15 14:14:22 | Epoch 00872 | train: 0.003884
2026-05-15 14:14:22 | Epoch 00873 | train: 0.004748
2026-05-15 14:14:23 | Epoch 00874 | train: 0.005763
2026-05-15 14:14:23 | Epoch 00875 | train: 0.003790
2026-05-15 14:14:24 | Epoch 00876 | train: 0.005057
2026-05-15 14:14:25 | Epoch 00877 | train: 0.004632
2026-05-15 14:14:25 | Epoch 00878 | train: 0.005946
2026-05-15 14:14:26 | Epoch 00879 | train: 0.006330
2026-05-15 14:14:26 | Epoch 00880 | train: 0.006745
2026-05-15 14:14:27 | Epoch 00881 | train: 0.007510
2026-05-15 14:14:27 | Epoch 00882 | train: 0.006007
2026-05-15 14:14:28 | Epoch 00883 | train: 0.005102
2026-05-15 14:14:28 | Epoch 00884 | train: 0.003904
2026-05-15 14:14:29 | Epoch 00885 | train: 0.003955
2026-05-15 14:14:29 | Epoch 00886 | train: 0.007082
2026-05-15 14:14:30 | Epoch 00887 | train: 0.005137
2026-05-15 14:14:30 | Epoch 00888 | train: 0.003965
2026-05-15 14:14:31 | Epoch 00889 | train: 0.003766
2026-05-15 14:14:31 | Epoch 00890 | train: 0.003291
2026-05-15 14:14:32 | Epoch 00891 | train: 0.003521
2026-05-15 14:14:33 | Epoch 00892 | train: 0.006447
2026-05-15 14:14:33 | Epoch 00893 | train: 0.004355
2026-05-15 14:14:34 | Epoch 00894 | train: 0.004310
2026-05-15 14:14:34 | Epoch 00895 | train: 0.005611
2026-05-15 14:14:35 | Epoch 00896 | train: 0.005593
2026-05-15 14:14:35 | Epoch 00897 | train: 0.005260
2026-05-15 14:14:36 | Epoch 00898 | train: 0.004160
2026-05-15 14:14:36 | Epoch 00899 | train: 0.007067
2026-05-15 14:14:37 | Epoch 00900 | train: 0.004430
2026-05-15 14:14:37 | Epoch 00901 | train: 0.003840
2026-05-15 14:14:38 | Epoch 00902 | train: 0.003589
2026-05-15 14:14:38 | Epoch 00903 | train: 0.002961
2026-05-15 14:14:39 | Epoch 00904 | train: 0.003256
2026-05-15 14:14:39 | Epoch 00905 | train: 0.004401
2026-05-15 14:14:40 | Epoch 00906 | train: 0.003602
2026-05-15 14:14:41 | Epoch 00907 | train: 0.003764
2026-05-15 14:14:41 | Epoch 00908 | train: 0.003620
2026-05-15 14:14:42 | Epoch 00909 | train: 0.004061
2026-05-15 14:14:42 | Epoch 00910 | train: 0.004490
2026-05-15 14:14:43 | Epoch 00911 | train: 0.003158
2026-05-15 14:14:43 | Epoch 00912 | train: 0.003139
2026-05-15 14:14:44 | Epoch 00913 | train: 0.004646
2026-05-15 14:14:44 | Epoch 00914 | train: 0.004650
2026-05-15 14:14:45 | Epoch 00915 | train: 0.003627
2026-05-15 14:14:45 | Epoch 00916 | train: 0.004240
2026-05-15 14:14:46 | Epoch 00917 | train: 0.005156
2026-05-15 14:14:46 | Epoch 00918 | train: 0.003560
2026-05-15 14:14:47 | Epoch 00919 | train: 0.003230
2026-05-15 14:14:47 | Epoch 00920 | train: 0.003764
2026-05-15 14:14:48 | Epoch 00921 | train: 0.003916
2026-05-15 14:14:48 | Epoch 00922 | train: 0.003974
2026-05-15 14:14:49 | Epoch 00923 | train: 0.004145
2026-05-15 14:14:50 | Epoch 00924 | train: 0.003481
2026-05-15 14:14:50 | Epoch 00925 | train: 0.003815
2026-05-15 14:14:51 | Epoch 00926 | train: 0.003495
2026-05-15 14:14:51 | Epoch 00927 | train: 0.002989
2026-05-15 14:14:52 | Epoch 00928 | train: 0.003105
2026-05-15 14:14:52 | Epoch 00929 | train: 0.002781
2026-05-15 14:14:53 | Epoch 00930 | train: 0.004115
2026-05-15 14:14:53 | Epoch 00931 | train: 0.003205
2026-05-15 14:14:54 | Epoch 00932 | train: 0.003154
2026-05-15 14:14:54 | Epoch 00933 | train: 0.004681
2026-05-15 14:14:55 | Epoch 00934 | train: 0.005333
2026-05-15 14:14:55 | Epoch 00935 | train: 0.004762
2026-05-15 14:14:56 | Epoch 00936 | train: 0.003437
2026-05-15 14:14:56 | Epoch 00937 | train: 0.003054
2026-05-15 14:14:57 | Epoch 00938 | train: 0.003434
2026-05-15 14:14:58 | Epoch 00939 | train: 0.003677
2026-05-15 14:14:58 | Epoch 00940 | train: 0.004714
2026-05-15 14:14:59 | Epoch 00941 | train: 0.003144
2026-05-15 14:14:59 | Epoch 00942 | train: 0.003891
2026-05-15 14:15:00 | Epoch 00943 | train: 0.003386
2026-05-15 14:15:00 | Epoch 00944 | train: 0.003031
2026-05-15 14:15:01 | Epoch 00945 | train: 0.002723
2026-05-15 14:15:01 | Epoch 00946 | train: 0.003501
2026-05-15 14:15:02 | Epoch 00947 | train: 0.004757
2026-05-15 14:15:02 | Epoch 00948 | train: 0.003704
2026-05-15 14:15:03 | Epoch 00949 | train: 0.004473
2026-05-15 14:15:03 | Epoch 00950 | train: 0.003376
2026-05-15 14:15:04 | Epoch 00951 | train: 0.003263
2026-05-15 14:15:04 | Epoch 00952 | train: 0.003280
2026-05-15 14:15:05 | Epoch 00953 | train: 0.003748
2026-05-15 14:15:05 | Epoch 00954 | train: 0.003476
2026-05-15 14:15:06 | Epoch 00955 | train: 0.003689
2026-05-15 14:15:07 | Epoch 00956 | train: 0.003233
2026-05-15 14:15:07 | Epoch 00957 | train: 0.003494
2026-05-15 14:15:08 | Epoch 00958 | train: 0.003202
2026-05-15 14:15:08 | Epoch 00959 | train: 0.005937
2026-05-15 14:15:09 | Epoch 00960 | train: 0.007023
2026-05-15 14:15:09 | Epoch 00961 | train: 0.004816
2026-05-15 14:15:10 | Epoch 00962 | train: 0.003615
2026-05-15 14:15:10 | Epoch 00963 | train: 0.004203
2026-05-15 14:15:11 | Epoch 00964 | train: 0.004321
2026-05-15 14:15:11 | Epoch 00965 | train: 0.003674
2026-05-15 14:15:12 | Epoch 00966 | train: 0.003401
2026-05-15 14:15:12 | Epoch 00967 | train: 0.003056
2026-05-15 14:15:13 | Epoch 00968 | train: 0.003591
2026-05-15 14:15:13 | Epoch 00969 | train: 0.003064
2026-05-15 14:15:14 | Epoch 00970 | train: 0.003199
2026-05-15 14:15:15 | Epoch 00971 | train: 0.003034
2026-05-15 14:15:15 | Epoch 00972 | train: 0.003239
2026-05-15 14:15:16 | Epoch 00973 | train: 0.004703
2026-05-15 14:15:16 | Epoch 00974 | train: 0.002984
2026-05-15 14:15:17 | Epoch 00975 | train: 0.003209
2026-05-15 14:15:17 | Epoch 00976 | train: 0.003958
2026-05-15 14:15:18 | Epoch 00977 | train: 0.003481
2026-05-15 14:15:18 | Epoch 00978 | train: 0.002924
2026-05-15 14:15:19 | Epoch 00979 | train: 0.003200
2026-05-15 14:15:19 | Epoch 00980 | train: 0.004410
2026-05-15 14:15:20 | Epoch 00981 | train: 0.003566
2026-05-15 14:15:20 | Epoch 00982 | train: 0.004042
2026-05-15 14:15:21 | Epoch 00983 | train: 0.003189
2026-05-15 14:15:21 | Epoch 00984 | train: 0.002815
2026-05-15 14:15:22 | Epoch 00985 | train: 0.004603
2026-05-15 14:15:22 | Epoch 00986 | train: 0.004131
2026-05-15 14:15:23 | Epoch 00987 | train: 0.004036
2026-05-15 14:15:24 | Epoch 00988 | train: 0.003153
2026-05-15 14:15:24 | Epoch 00989 | train: 0.003344
2026-05-15 14:15:25 | Epoch 00990 | train: 0.003548
2026-05-15 14:15:25 | Epoch 00991 | train: 0.003072
2026-05-15 14:15:26 | Epoch 00992 | train: 0.004063
2026-05-15 14:15:26 | Epoch 00993 | train: 0.004158
2026-05-15 14:15:27 | Epoch 00994 | train: 0.004229
2026-05-15 14:15:27 | Epoch 00995 | train: 0.005110
2026-05-15 14:15:28 | Epoch 00996 | train: 0.003890
2026-05-15 14:15:28 | Epoch 00997 | train: 0.003329
2026-05-15 14:15:29 | Epoch 00998 | train: 0.003337
2026-05-15 14:15:29 | Epoch 00999 | train: 0.004036
2026-05-15 14:15:30 | Epoch 01000 | train: 0.002857
2026-05-15 14:15:30 | Epoch 01000 | test : 0.002232  [lr=5.63e-05]
2026-05-15 14:15:30 | Epoch 01000 | best model saved  (test_loss=0.002232)
2026-05-15 14:15:31 | Epoch 01001 | train: 0.003202
2026-05-15 14:15:31 | Epoch 01002 | train: 0.004273
2026-05-15 14:15:32 | Epoch 01003 | train: 0.003424
2026-05-15 14:15:32 | Epoch 01004 | train: 0.002719
2026-05-15 14:15:33 | Epoch 01005 | train: 0.002935
2026-05-15 14:15:33 | Epoch 01006 | train: 0.003201
2026-05-15 14:15:34 | Epoch 01007 | train: 0.002815
2026-05-15 14:15:34 | Epoch 01008 | train: 0.002936
2026-05-15 14:15:35 | Epoch 01009 | train: 0.003675
2026-05-15 14:15:35 | Epoch 01010 | train: 0.003415
2026-05-15 14:15:36 | Epoch 01011 | train: 0.003232
2026-05-15 14:15:36 | Epoch 01012 | train: 0.002907
2026-05-15 14:15:37 | Epoch 01013 | train: 0.002535
2026-05-15 14:15:37 | Epoch 01014 | train: 0.003201
2026-05-15 14:15:38 | Epoch 01015 | train: 0.003452
2026-05-15 14:15:39 | Epoch 01016 | train: 0.003074
2026-05-15 14:15:39 | Epoch 01017 | train: 0.003398
2026-05-15 14:15:40 | Epoch 01018 | train: 0.002822
2026-05-15 14:15:40 | Epoch 01019 | train: 0.003942
2026-05-15 14:15:41 | Epoch 01020 | train: 0.002985
2026-05-15 14:15:41 | Epoch 01021 | train: 0.003422
2026-05-15 14:15:42 | Epoch 01022 | train: 0.003066
2026-05-15 14:15:42 | Epoch 01023 | train: 0.003231
2026-05-15 14:15:43 | Epoch 01024 | train: 0.002770
2026-05-15 14:15:43 | Epoch 01025 | train: 0.002682
2026-05-15 14:15:44 | Epoch 01026 | train: 0.002546
2026-05-15 14:15:44 | Epoch 01027 | train: 0.002623
2026-05-15 14:15:45 | Epoch 01028 | train: 0.002921
2026-05-15 14:15:45 | Epoch 01029 | train: 0.003969
2026-05-15 14:15:46 | Epoch 01030 | train: 0.002720
2026-05-15 14:15:46 | Epoch 01031 | train: 0.002889
2026-05-15 14:15:47 | Epoch 01032 | train: 0.002612
2026-05-15 14:15:48 | Epoch 01033 | train: 0.003347
2026-05-15 14:15:48 | Epoch 01034 | train: 0.003351
2026-05-15 14:15:49 | Epoch 01035 | train: 0.003080
2026-05-15 14:15:49 | Epoch 01036 | train: 0.002927
2026-05-15 14:15:50 | Epoch 01037 | train: 0.003501
2026-05-15 14:15:50 | Epoch 01038 | train: 0.002603
2026-05-15 14:15:51 | Epoch 01039 | train: 0.003000
2026-05-15 14:15:51 | Epoch 01040 | train: 0.003306
2026-05-15 14:15:52 | Epoch 01041 | train: 0.003201
2026-05-15 14:15:52 | Epoch 01042 | train: 0.002807
2026-05-15 14:15:53 | Epoch 01043 | train: 0.002948
2026-05-15 14:15:53 | Epoch 01044 | train: 0.003608
2026-05-15 14:15:54 | Epoch 01045 | train: 0.003868
2026-05-15 14:15:54 | Epoch 01046 | train: 0.005032
2026-05-15 14:15:55 | Epoch 01047 | train: 0.003264
2026-05-15 14:15:56 | Epoch 01048 | train: 0.002776
2026-05-15 14:15:56 | Epoch 01049 | train: 0.002863
2026-05-15 14:15:57 | Epoch 01050 | train: 0.003837
2026-05-15 14:15:57 | Epoch 01051 | train: 0.003720
2026-05-15 14:15:58 | Epoch 01052 | train: 0.003595
2026-05-15 14:15:58 | Epoch 01053 | train: 0.003551
2026-05-15 14:15:59 | Epoch 01054 | train: 0.002990
2026-05-15 14:15:59 | Epoch 01055 | train: 0.002912
2026-05-15 14:16:00 | Epoch 01056 | train: 0.003119
2026-05-15 14:16:00 | Epoch 01057 | train: 0.003029
2026-05-15 14:16:01 | Epoch 01058 | train: 0.003507
2026-05-15 14:16:01 | Epoch 01059 | train: 0.002877
2026-05-15 14:16:02 | Epoch 01060 | train: 0.002862
2026-05-15 14:16:02 | Epoch 01061 | train: 0.002654
2026-05-15 14:16:03 | Epoch 01062 | train: 0.002781
2026-05-15 14:16:03 | Epoch 01063 | train: 0.003320
2026-05-15 14:16:04 | Epoch 01064 | train: 0.003379
2026-05-15 14:16:05 | Epoch 01065 | train: 0.003269
2026-05-15 14:16:05 | Epoch 01066 | train: 0.003299
2026-05-15 14:16:06 | Epoch 01067 | train: 0.003465
2026-05-15 14:16:06 | Epoch 01068 | train: 0.002746
2026-05-15 14:16:07 | Epoch 01069 | train: 0.002796
2026-05-15 14:16:07 | Epoch 01070 | train: 0.002797
2026-05-15 14:16:08 | Epoch 01071 | train: 0.002682
2026-05-15 14:16:08 | Epoch 01072 | train: 0.002434
2026-05-15 14:16:09 | Epoch 01073 | train: 0.002704
2026-05-15 14:16:09 | Epoch 01074 | train: 0.002724
2026-05-15 14:16:10 | Epoch 01075 | train: 0.003345
2026-05-15 14:16:10 | Epoch 01076 | train: 0.003274
2026-05-15 14:16:11 | Epoch 01077 | train: 0.002786
2026-05-15 14:16:11 | Epoch 01078 | train: 0.003398
2026-05-15 14:16:12 | Epoch 01079 | train: 0.002668
2026-05-15 14:16:13 | Epoch 01080 | train: 0.002717
2026-05-15 14:16:13 | Epoch 01081 | train: 0.004354
2026-05-15 14:16:14 | Epoch 01082 | train: 0.003850
2026-05-15 14:16:14 | Epoch 01083 | train: 0.004263
2026-05-15 14:16:15 | Epoch 01084 | train: 0.003957
2026-05-15 14:16:15 | Epoch 01085 | train: 0.002768
2026-05-15 14:16:16 | Epoch 01086 | train: 0.002642
2026-05-15 14:16:16 | Epoch 01087 | train: 0.003334
2026-05-15 14:16:17 | Epoch 01088 | train: 0.003126
2026-05-15 14:16:17 | Epoch 01089 | train: 0.003394
2026-05-15 14:16:18 | Epoch 01090 | train: 0.002702
2026-05-15 14:16:18 | Epoch 01091 | train: 0.003195
2026-05-15 14:16:19 | Epoch 01092 | train: 0.002629
2026-05-15 14:16:19 | Epoch 01093 | train: 0.002429
2026-05-15 14:16:20 | Epoch 01094 | train: 0.002765
2026-05-15 14:16:20 | Epoch 01095 | train: 0.003457
2026-05-15 14:16:21 | Epoch 01096 | train: 0.003411
2026-05-15 14:16:22 | Epoch 01097 | train: 0.003026
2026-05-15 14:16:22 | Epoch 01098 | train: 0.003623
2026-05-15 14:16:23 | Epoch 01099 | train: 0.003911
2026-05-15 14:16:23 | Epoch 01100 | train: 0.002997
2026-05-15 14:16:24 | Epoch 01101 | train: 0.003531
2026-05-15 14:16:24 | Epoch 01102 | train: 0.002691
2026-05-15 14:16:25 | Epoch 01103 | train: 0.002494
2026-05-15 14:16:25 | Epoch 01104 | train: 0.003519
2026-05-15 14:16:26 | Epoch 01105 | train: 0.002974
2026-05-15 14:16:26 | Epoch 01106 | train: 0.002478
2026-05-15 14:16:27 | Epoch 01107 | train: 0.002875
2026-05-15 14:16:27 | Epoch 01108 | train: 0.002903
2026-05-15 14:16:28 | Epoch 01109 | train: 0.003162
2026-05-15 14:16:28 | Epoch 01110 | train: 0.002477
2026-05-15 14:16:29 | Epoch 01111 | train: 0.002812
2026-05-15 14:16:30 | Epoch 01112 | train: 0.002476
2026-05-15 14:16:30 | Epoch 01113 | train: 0.002276
2026-05-15 14:16:31 | Epoch 01114 | train: 0.002313
2026-05-15 14:16:31 | Epoch 01115 | train: 0.002462
2026-05-15 14:16:32 | Epoch 01116 | train: 0.003751
2026-05-15 14:16:32 | Epoch 01117 | train: 0.003107
2026-05-15 14:16:33 | Epoch 01118 | train: 0.002625
2026-05-15 14:16:33 | Epoch 01119 | train: 0.002422
2026-05-15 14:16:34 | Epoch 01120 | train: 0.002478
2026-05-15 14:16:34 | Epoch 01121 | train: 0.002237
2026-05-15 14:16:35 | Epoch 01122 | train: 0.002941
2026-05-15 14:16:35 | Epoch 01123 | train: 0.003014
2026-05-15 14:16:36 | Epoch 01124 | train: 0.002489
2026-05-15 14:16:36 | Epoch 01125 | train: 0.002368
2026-05-15 14:16:37 | Epoch 01126 | train: 0.003010
2026-05-15 14:16:38 | Epoch 01127 | train: 0.002790
2026-05-15 14:16:38 | Epoch 01128 | train: 0.002317
2026-05-15 14:16:39 | Epoch 01129 | train: 0.002246
2026-05-15 14:16:39 | Epoch 01130 | train: 0.002234
2026-05-15 14:16:40 | Epoch 01131 | train: 0.002295
2026-05-15 14:16:40 | Epoch 01132 | train: 0.003124
2026-05-15 14:16:41 | Epoch 01133 | train: 0.003389
2026-05-15 14:16:41 | Epoch 01134 | train: 0.002624
2026-05-15 14:16:42 | Epoch 01135 | train: 0.002435
2026-05-15 14:16:42 | Epoch 01136 | train: 0.002709
2026-05-15 14:16:43 | Epoch 01137 | train: 0.002418
2026-05-15 14:16:43 | Epoch 01138 | train: 0.002854
2026-05-15 14:16:44 | Epoch 01139 | train: 0.002787
2026-05-15 14:16:44 | Epoch 01140 | train: 0.002541
2026-05-15 14:16:45 | Epoch 01141 | train: 0.002663
2026-05-15 14:16:46 | Epoch 01142 | train: 0.002725
2026-05-15 14:16:46 | Epoch 01143 | train: 0.002574
2026-05-15 14:16:47 | Epoch 01144 | train: 0.002851
2026-05-15 14:16:47 | Epoch 01145 | train: 0.002449
2026-05-15 14:16:48 | Epoch 01146 | train: 0.002669
2026-05-15 14:16:48 | Epoch 01147 | train: 0.002788
2026-05-15 14:16:49 | Epoch 01148 | train: 0.002846
2026-05-15 14:16:49 | Epoch 01149 | train: 0.003253
2026-05-15 14:16:50 | Epoch 01150 | train: 0.002397
2026-05-15 14:16:50 | Epoch 01151 | train: 0.002471
2026-05-15 14:16:51 | Epoch 01152 | train: 0.003288
2026-05-15 14:16:51 | Epoch 01153 | train: 0.002834
2026-05-15 14:16:52 | Epoch 01154 | train: 0.002463
2026-05-15 14:16:52 | Epoch 01155 | train: 0.002434
2026-05-15 14:16:53 | Epoch 01156 | train: 0.003189
2026-05-15 14:16:53 | Epoch 01157 | train: 0.002520
2026-05-15 14:16:54 | Epoch 01158 | train: 0.003023
2026-05-15 14:16:55 | Epoch 01159 | train: 0.003354
2026-05-15 14:16:55 | Epoch 01160 | train: 0.003220
2026-05-15 14:16:56 | Epoch 01161 | train: 0.002731
2026-05-15 14:16:56 | Epoch 01162 | train: 0.002949
2026-05-15 14:16:57 | Epoch 01163 | train: 0.003038
2026-05-15 14:16:57 | Epoch 01164 | train: 0.002866
2026-05-15 14:16:58 | Epoch 01165 | train: 0.002662
2026-05-15 14:16:58 | Epoch 01166 | train: 0.002657
2026-05-15 14:16:59 | Epoch 01167 | train: 0.002642
2026-05-15 14:16:59 | Epoch 01168 | train: 0.002648
2026-05-15 14:17:00 | Epoch 01169 | train: 0.002769
2026-05-15 14:17:00 | Epoch 01170 | train: 0.002713
2026-05-15 14:17:01 | Epoch 01171 | train: 0.002613
2026-05-15 14:17:01 | Epoch 01172 | train: 0.002351
2026-05-15 14:17:02 | Epoch 01173 | train: 0.002525
2026-05-15 14:17:02 | Epoch 01174 | train: 0.002414
2026-05-15 14:17:03 | Epoch 01175 | train: 0.003224
2026-05-15 14:17:04 | Epoch 01176 | train: 0.002785
2026-05-15 14:17:04 | Epoch 01177 | train: 0.002291
2026-05-15 14:17:05 | Epoch 01178 | train: 0.002247
2026-05-15 14:17:05 | Epoch 01179 | train: 0.002955
2026-05-15 14:17:06 | Epoch 01180 | train: 0.003095
2026-05-15 14:17:06 | Epoch 01181 | train: 0.002426
2026-05-15 14:17:07 | Epoch 01182 | train: 0.002600
2026-05-15 14:17:07 | Epoch 01183 | train: 0.002816
2026-05-15 14:17:08 | Epoch 01184 | train: 0.002659
2026-05-15 14:17:08 | Epoch 01185 | train: 0.002884
2026-05-15 14:17:09 | Epoch 01186 | train: 0.002956
2026-05-15 14:17:09 | Epoch 01187 | train: 0.003286
2026-05-15 14:17:10 | Epoch 01188 | train: 0.002767
2026-05-15 14:17:10 | Epoch 01189 | train: 0.003143
2026-05-15 14:17:11 | Epoch 01190 | train: 0.003102
2026-05-15 14:17:12 | Epoch 01191 | train: 0.002427
2026-05-15 14:17:12 | Epoch 01192 | train: 0.002909
2026-05-15 14:17:13 | Epoch 01193 | train: 0.003250
2026-05-15 14:17:13 | Epoch 01194 | train: 0.002755
2026-05-15 14:17:14 | Epoch 01195 | train: 0.002790
2026-05-15 14:17:14 | Epoch 01196 | train: 0.002829
2026-05-15 14:17:15 | Epoch 01197 | train: 0.003819
2026-05-15 14:17:15 | Epoch 01198 | train: 0.003142
2026-05-15 14:17:16 | Epoch 01199 | train: 0.002798
2026-05-15 14:17:16 | Epoch 01200 | train: 0.002333
2026-05-15 14:17:17 | Epoch 01201 | train: 0.002252
2026-05-15 14:17:17 | Epoch 01202 | train: 0.002477
2026-05-15 14:17:18 | Epoch 01203 | train: 0.002882
2026-05-15 14:17:18 | Epoch 01204 | train: 0.003262
2026-05-15 14:17:19 | Epoch 01205 | train: 0.003058
2026-05-15 14:17:19 | Epoch 01206 | train: 0.002293
2026-05-15 14:17:20 | Epoch 01207 | train: 0.002250
2026-05-15 14:17:21 | Epoch 01208 | train: 0.002287
2026-05-15 14:17:21 | Epoch 01209 | train: 0.002541
2026-05-15 14:17:22 | Epoch 01210 | train: 0.002596
2026-05-15 14:17:22 | Epoch 01211 | train: 0.002481
2026-05-15 14:17:23 | Epoch 01212 | train: 0.002540
2026-05-15 14:17:23 | Epoch 01213 | train: 0.002770
2026-05-15 14:17:24 | Epoch 01214 | train: 0.002784
2026-05-15 14:17:24 | Epoch 01215 | train: 0.002783
2026-05-15 14:17:25 | Epoch 01216 | train: 0.002161
2026-05-15 14:17:25 | Epoch 01217 | train: 0.002399
2026-05-15 14:17:26 | Epoch 01218 | train: 0.002467
2026-05-15 14:17:26 | Epoch 01219 | train: 0.002204
2026-05-15 14:17:27 | Epoch 01220 | train: 0.002432
2026-05-15 14:17:27 | Epoch 01221 | train: 0.002444
2026-05-15 14:17:28 | Epoch 01222 | train: 0.002588
2026-05-15 14:17:29 | Epoch 01223 | train: 0.003031
2026-05-15 14:17:29 | Epoch 01224 | train: 0.003274
2026-05-15 14:17:30 | Epoch 01225 | train: 0.002192
2026-05-15 14:17:30 | Epoch 01226 | train: 0.002206
2026-05-15 14:17:31 | Epoch 01227 | train: 0.002145
2026-05-15 14:17:31 | Epoch 01228 | train: 0.002181
2026-05-15 14:17:32 | Epoch 01229 | train: 0.002099
2026-05-15 14:17:32 | Epoch 01230 | train: 0.002170
2026-05-15 14:17:33 | Epoch 01231 | train: 0.002381
2026-05-15 14:17:33 | Epoch 01232 | train: 0.002279
2026-05-15 14:17:34 | Epoch 01233 | train: 0.002736
2026-05-15 14:17:34 | Epoch 01234 | train: 0.002256
2026-05-15 14:17:35 | Epoch 01235 | train: 0.002359
2026-05-15 14:17:35 | Epoch 01236 | train: 0.002115
2026-05-15 14:17:36 | Epoch 01237 | train: 0.002370
2026-05-15 14:17:37 | Epoch 01238 | train: 0.003140
2026-05-15 14:17:37 | Epoch 01239 | train: 0.002790
2026-05-15 14:17:38 | Epoch 01240 | train: 0.002763
2026-05-15 14:17:38 | Epoch 01241 | train: 0.002610
2026-05-15 14:17:39 | Epoch 01242 | train: 0.002111
2026-05-15 14:17:39 | Epoch 01243 | train: 0.002270
2026-05-15 14:17:40 | Epoch 01244 | train: 0.002338
2026-05-15 14:17:40 | Epoch 01245 | train: 0.002343
2026-05-15 14:17:41 | Epoch 01246 | train: 0.002191
2026-05-15 14:17:41 | Epoch 01247 | train: 0.002305
2026-05-15 14:17:42 | Epoch 01248 | train: 0.002306
2026-05-15 14:17:42 | Epoch 01249 | train: 0.002284
2026-05-15 14:17:43 | Epoch 01250 | train: 0.002153
2026-05-15 14:17:43 | Epoch 01251 | train: 0.002221
2026-05-15 14:17:44 | Epoch 01252 | train: 0.002371
2026-05-15 14:17:45 | Epoch 01253 | train: 0.002548
2026-05-15 14:17:45 | Epoch 01254 | train: 0.002714
2026-05-15 14:17:46 | Epoch 01255 | train: 0.002252
2026-05-15 14:17:46 | Epoch 01256 | train: 0.002185
2026-05-15 14:17:47 | Epoch 01257 | train: 0.002483
2026-05-15 14:17:47 | Epoch 01258 | train: 0.002514
2026-05-15 14:17:48 | Epoch 01259 | train: 0.002313
2026-05-15 14:17:48 | Epoch 01260 | train: 0.002192
2026-05-15 14:17:49 | Epoch 01261 | train: 0.002061
2026-05-15 14:17:49 | Epoch 01262 | train: 0.002502
2026-05-15 14:17:50 | Epoch 01263 | train: 0.002232
2026-05-15 14:17:50 | Epoch 01264 | train: 0.002039
2026-05-15 14:17:51 | Epoch 01265 | train: 0.002277
2026-05-15 14:17:51 | Epoch 01266 | train: 0.002696
2026-05-15 14:17:52 | Epoch 01267 | train: 0.002250
2026-05-15 14:17:52 | Epoch 01268 | train: 0.002272
2026-05-15 14:17:53 | Epoch 01269 | train: 0.002525
2026-05-15 14:17:54 | Epoch 01270 | train: 0.002515
2026-05-15 14:17:54 | Epoch 01271 | train: 0.002752
2026-05-15 14:17:55 | Epoch 01272 | train: 0.002575
2026-05-15 14:17:55 | Epoch 01273 | train: 0.002309
2026-05-15 14:17:56 | Epoch 01274 | train: 0.002256
2026-05-15 14:17:56 | Epoch 01275 | train: 0.002382
2026-05-15 14:17:57 | Epoch 01276 | train: 0.003028
2026-05-15 14:17:57 | Epoch 01277 | train: 0.003356
2026-05-15 14:17:58 | Epoch 01278 | train: 0.002162
2026-05-15 14:17:58 | Epoch 01279 | train: 0.002349
2026-05-15 14:17:59 | Epoch 01280 | train: 0.002163
2026-05-15 14:17:59 | Epoch 01281 | train: 0.002313
2026-05-15 14:18:00 | Epoch 01282 | train: 0.002443
2026-05-15 14:18:00 | Epoch 01283 | train: 0.002480
2026-05-15 14:18:01 | Epoch 01284 | train: 0.002560
2026-05-15 14:18:01 | Epoch 01285 | train: 0.002421
2026-05-15 14:18:02 | Epoch 01286 | train: 0.002348
2026-05-15 14:18:03 | Epoch 01287 | train: 0.002514
2026-05-15 14:18:03 | Epoch 01288 | train: 0.002942
2026-05-15 14:18:04 | Epoch 01289 | train: 0.002392
2026-05-15 14:18:04 | Epoch 01290 | train: 0.002178
2026-05-15 14:18:05 | Epoch 01291 | train: 0.002525
2026-05-15 14:18:05 | Epoch 01292 | train: 0.002552
2026-05-15 14:18:06 | Epoch 01293 | train: 0.002875
2026-05-15 14:18:06 | Epoch 01294 | train: 0.002152
2026-05-15 14:18:07 | Epoch 01295 | train: 0.002019
2026-05-15 14:18:07 | Epoch 01296 | train: 0.002253
2026-05-15 14:18:08 | Epoch 01297 | train: 0.002884
2026-05-15 14:18:08 | Epoch 01298 | train: 0.002652
2026-05-15 14:18:09 | Epoch 01299 | train: 0.002058
2026-05-15 14:18:09 | Epoch 01300 | train: 0.002399
2026-05-15 14:18:10 | Epoch 01301 | train: 0.002601
2026-05-15 14:18:11 | Epoch 01302 | train: 0.002292
2026-05-15 14:18:11 | Epoch 01303 | train: 0.001906
2026-05-15 14:18:12 | Epoch 01304 | train: 0.002095
2026-05-15 14:18:12 | Epoch 01305 | train: 0.002285
2026-05-15 14:18:13 | Epoch 01306 | train: 0.002094
2026-05-15 14:18:13 | Epoch 01307 | train: 0.002375
2026-05-15 14:18:14 | Epoch 01308 | train: 0.002360
2026-05-15 14:18:14 | Epoch 01309 | train: 0.002061
2026-05-15 14:18:15 | Epoch 01310 | train: 0.002220
2026-05-15 14:18:15 | Epoch 01311 | train: 0.002220
2026-05-15 14:18:16 | Epoch 01312 | train: 0.002001
2026-05-15 14:18:16 | Epoch 01313 | train: 0.002097
2026-05-15 14:18:17 | Epoch 01314 | train: 0.002051
2026-05-15 14:18:17 | Epoch 01315 | train: 0.002100
2026-05-15 14:18:18 | Epoch 01316 | train: 0.002062
2026-05-15 14:18:18 | Epoch 01317 | train: 0.002100
2026-05-15 14:18:19 | Epoch 01318 | train: 0.002167
2026-05-15 14:18:20 | Epoch 01319 | train: 0.002144
2026-05-15 14:18:20 | Epoch 01320 | train: 0.002236
2026-05-15 14:18:21 | Epoch 01321 | train: 0.002102
2026-05-15 14:18:21 | Epoch 01322 | train: 0.002103
2026-05-15 14:18:22 | Epoch 01323 | train: 0.002038
2026-05-15 14:18:22 | Epoch 01324 | train: 0.002093
2026-05-15 14:18:23 | Epoch 01325 | train: 0.002397
2026-05-15 14:18:23 | Epoch 01326 | train: 0.002437
2026-05-15 14:18:24 | Epoch 01327 | train: 0.002139
2026-05-15 14:18:24 | Epoch 01328 | train: 0.002175
2026-05-15 14:18:25 | Epoch 01329 | train: 0.002362
2026-05-15 14:18:25 | Epoch 01330 | train: 0.002153
2026-05-15 14:18:26 | Epoch 01331 | train: 0.002191
2026-05-15 14:18:26 | Epoch 01332 | train: 0.002060
2026-05-15 14:18:27 | Epoch 01333 | train: 0.002158
2026-05-15 14:18:28 | Epoch 01334 | train: 0.002332
2026-05-15 14:18:28 | Epoch 01335 | train: 0.002426
2026-05-15 14:18:29 | Epoch 01336 | train: 0.002217
2026-05-15 14:18:29 | Epoch 01337 | train: 0.002269
2026-05-15 14:18:30 | Epoch 01338 | train: 0.002132
2026-05-15 14:18:30 | Epoch 01339 | train: 0.002417
2026-05-15 14:18:31 | Epoch 01340 | train: 0.002106
2026-05-15 14:18:31 | Epoch 01341 | train: 0.002320
2026-05-15 14:18:32 | Epoch 01342 | train: 0.002089
2026-05-15 14:18:32 | Epoch 01343 | train: 0.002035
2026-05-15 14:18:33 | Epoch 01344 | train: 0.001934
2026-05-15 14:18:33 | Epoch 01345 | train: 0.002117
2026-05-15 14:18:34 | Epoch 01346 | train: 0.002537
2026-05-15 14:18:34 | Epoch 01347 | train: 0.002171
2026-05-15 14:18:35 | Epoch 01348 | train: 0.002475
2026-05-15 14:18:36 | Epoch 01349 | train: 0.002119
2026-05-15 14:18:36 | Epoch 01350 | train: 0.002248
2026-05-15 14:18:37 | Epoch 01351 | train: 0.002220
2026-05-15 14:18:37 | Epoch 01352 | train: 0.002263
2026-05-15 14:18:38 | Epoch 01353 | train: 0.002134
2026-05-15 14:18:38 | Epoch 01354 | train: 0.002054
2026-05-15 14:18:39 | Epoch 01355 | train: 0.002081
2026-05-15 14:18:39 | Epoch 01356 | train: 0.002110
2026-05-15 14:18:40 | Epoch 01357 | train: 0.002077
2026-05-15 14:18:40 | Epoch 01358 | train: 0.002051
2026-05-15 14:18:41 | Epoch 01359 | train: 0.002014
2026-05-15 14:18:41 | Epoch 01360 | train: 0.002139
2026-05-15 14:18:42 | Epoch 01361 | train: 0.002263
2026-05-15 14:18:42 | Epoch 01362 | train: 0.002050
2026-05-15 14:18:43 | Epoch 01363 | train: 0.002179
2026-05-15 14:18:44 | Epoch 01364 | train: 0.002465
2026-05-15 14:18:44 | Epoch 01365 | train: 0.002251
2026-05-15 14:18:45 | Epoch 01366 | train: 0.002190
2026-05-15 14:18:45 | Epoch 01367 | train: 0.001961
2026-05-15 14:18:46 | Epoch 01368 | train: 0.002226
2026-05-15 14:18:46 | Epoch 01369 | train: 0.002106
2026-05-15 14:18:47 | Epoch 01370 | train: 0.002346
2026-05-15 14:18:47 | Epoch 01371 | train: 0.002057
2026-05-15 14:18:48 | Epoch 01372 | train: 0.002314
2026-05-15 14:18:48 | Epoch 01373 | train: 0.002412
2026-05-15 14:18:49 | Epoch 01374 | train: 0.002339
2026-05-15 14:18:49 | Epoch 01375 | train: 0.002086
2026-05-15 14:18:50 | Epoch 01376 | train: 0.002174
2026-05-15 14:18:50 | Epoch 01377 | train: 0.002182
2026-05-15 14:18:51 | Epoch 01378 | train: 0.002076
2026-05-15 14:18:51 | Epoch 01379 | train: 0.002524
2026-05-15 14:18:52 | Epoch 01380 | train: 0.002575
2026-05-15 14:18:53 | Epoch 01381 | train: 0.002191
2026-05-15 14:18:53 | Epoch 01382 | train: 0.002243
2026-05-15 14:18:54 | Epoch 01383 | train: 0.002137
2026-05-15 14:18:54 | Epoch 01384 | train: 0.002674
2026-05-15 14:18:55 | Epoch 01385 | train: 0.002416
2026-05-15 14:18:55 | Epoch 01386 | train: 0.002158
2026-05-15 14:18:56 | Epoch 01387 | train: 0.002291
2026-05-15 14:18:56 | Epoch 01388 | train: 0.002138
2026-05-15 14:18:57 | Epoch 01389 | train: 0.002096
2026-05-15 14:18:57 | Epoch 01390 | train: 0.002331
2026-05-15 14:18:58 | Epoch 01391 | train: 0.002625
2026-05-15 14:18:58 | Epoch 01392 | train: 0.002171
2026-05-15 14:18:59 | Epoch 01393 | train: 0.002163
2026-05-15 14:18:59 | Epoch 01394 | train: 0.002396
2026-05-15 14:19:00 | Epoch 01395 | train: 0.002520
2026-05-15 14:19:00 | Epoch 01396 | train: 0.002380
2026-05-15 14:19:01 | Epoch 01397 | train: 0.002278
2026-05-15 14:19:02 | Epoch 01398 | train: 0.002083
2026-05-15 14:19:02 | Epoch 01399 | train: 0.002324
2026-05-15 14:19:03 | Epoch 01400 | train: 0.002001
2026-05-15 14:19:03 | Epoch 01401 | train: 0.001895
2026-05-15 14:19:04 | Epoch 01402 | train: 0.002162
2026-05-15 14:19:04 | Epoch 01403 | train: 0.002321
2026-05-15 14:19:05 | Epoch 01404 | train: 0.001915
2026-05-15 14:19:05 | Epoch 01405 | train: 0.001981
2026-05-15 14:19:06 | Epoch 01406 | train: 0.001954
2026-05-15 14:19:06 | Epoch 01407 | train: 0.002008
2026-05-15 14:19:07 | Epoch 01408 | train: 0.002120
2026-05-15 14:19:07 | Epoch 01409 | train: 0.002250
2026-05-15 14:19:08 | Epoch 01410 | train: 0.002092
2026-05-15 14:19:08 | Epoch 01411 | train: 0.002340
2026-05-15 14:19:09 | Epoch 01412 | train: 0.002039
2026-05-15 14:19:10 | Epoch 01413 | train: 0.002017
2026-05-15 14:19:10 | Epoch 01414 | train: 0.002218
2026-05-15 14:19:11 | Epoch 01415 | train: 0.002284
2026-05-15 14:19:11 | Epoch 01416 | train: 0.001902
2026-05-15 14:19:12 | Epoch 01417 | train: 0.002087
2026-05-15 14:19:12 | Epoch 01418 | train: 0.002523
2026-05-15 14:19:13 | Epoch 01419 | train: 0.001962
2026-05-15 14:19:13 | Epoch 01420 | train: 0.001954
2026-05-15 14:19:14 | Epoch 01421 | train: 0.001957
2026-05-15 14:19:14 | Epoch 01422 | train: 0.002109
2026-05-15 14:19:15 | Epoch 01423 | train: 0.001909
2026-05-15 14:19:15 | Epoch 01424 | train: 0.001918
2026-05-15 14:19:16 | Epoch 01425 | train: 0.001963
2026-05-15 14:19:16 | Epoch 01426 | train: 0.002028
2026-05-15 14:19:17 | Epoch 01427 | train: 0.001962
2026-05-15 14:19:17 | Epoch 01428 | train: 0.001921
2026-05-15 14:19:18 | Epoch 01429 | train: 0.002213
2026-05-15 14:19:19 | Epoch 01430 | train: 0.001943
2026-05-15 14:19:19 | Epoch 01431 | train: 0.002077
2026-05-15 14:19:20 | Epoch 01432 | train: 0.002242
2026-05-15 14:19:20 | Epoch 01433 | train: 0.002088
2026-05-15 14:19:21 | Epoch 01434 | train: 0.001928
2026-05-15 14:19:21 | Epoch 01435 | train: 0.002039
2026-05-15 14:19:22 | Epoch 01436 | train: 0.002150
2026-05-15 14:19:22 | Epoch 01437 | train: 0.002307
2026-05-15 14:19:23 | Epoch 01438 | train: 0.002557
2026-05-15 14:19:23 | Epoch 01439 | train: 0.002076
2026-05-15 14:19:24 | Epoch 01440 | train: 0.001886
2026-05-15 14:19:24 | Epoch 01441 | train: 0.002205
2026-05-15 14:19:25 | Epoch 01442 | train: 0.002050
2026-05-15 14:19:25 | Epoch 01443 | train: 0.001918
2026-05-15 14:19:26 | Epoch 01444 | train: 0.002291
2026-05-15 14:19:27 | Epoch 01445 | train: 0.002183
2026-05-15 14:19:27 | Epoch 01446 | train: 0.001974
2026-05-15 14:19:28 | Epoch 01447 | train: 0.001849
2026-05-15 14:19:28 | Epoch 01448 | train: 0.002112
2026-05-15 14:19:29 | Epoch 01449 | train: 0.002123
2026-05-15 14:19:29 | Epoch 01450 | train: 0.002094
2026-05-15 14:19:30 | Epoch 01451 | train: 0.001925
2026-05-15 14:19:30 | Epoch 01452 | train: 0.001881
2026-05-15 14:19:31 | Epoch 01453 | train: 0.002101
2026-05-15 14:19:31 | Epoch 01454 | train: 0.001989
2026-05-15 14:19:32 | Epoch 01455 | train: 0.002346
2026-05-15 14:19:32 | Epoch 01456 | train: 0.002032
2026-05-15 14:19:33 | Epoch 01457 | train: 0.001879
2026-05-15 14:19:33 | Epoch 01458 | train: 0.002019
2026-05-15 14:19:34 | Epoch 01459 | train: 0.002161
2026-05-15 14:19:35 | Epoch 01460 | train: 0.001923
2026-05-15 14:19:35 | Epoch 01461 | train: 0.002112
2026-05-15 14:19:36 | Epoch 01462 | train: 0.002270
2026-05-15 14:19:36 | Epoch 01463 | train: 0.001908
2026-05-15 14:19:37 | Epoch 01464 | train: 0.001823
2026-05-15 14:19:37 | Epoch 01465 | train: 0.002048
2026-05-15 14:19:38 | Epoch 01466 | train: 0.001959
2026-05-15 14:19:38 | Epoch 01467 | train: 0.001944
2026-05-15 14:19:39 | Epoch 01468 | train: 0.002106
2026-05-15 14:19:39 | Epoch 01469 | train: 0.001971
2026-05-15 14:19:40 | Epoch 01470 | train: 0.002110
2026-05-15 14:19:40 | Epoch 01471 | train: 0.002206
2026-05-15 14:19:41 | Epoch 01472 | train: 0.002153
2026-05-15 14:19:41 | Epoch 01473 | train: 0.001927
2026-05-15 14:19:42 | Epoch 01474 | train: 0.001791
2026-05-15 14:19:42 | Epoch 01475 | train: 0.001864
2026-05-15 14:19:43 | Epoch 01476 | train: 0.002010
2026-05-15 14:19:44 | Epoch 01477 | train: 0.002205
2026-05-15 14:19:44 | Epoch 01478 | train: 0.002120
2026-05-15 14:19:45 | Epoch 01479 | train: 0.002245
2026-05-15 14:19:45 | Epoch 01480 | train: 0.001984
2026-05-15 14:19:46 | Epoch 01481 | train: 0.002067
2026-05-15 14:19:46 | Epoch 01482 | train: 0.002041
2026-05-15 14:19:47 | Epoch 01483 | train: 0.002173
2026-05-15 14:19:47 | Epoch 01484 | train: 0.001926
2026-05-15 14:19:48 | Epoch 01485 | train: 0.001915
2026-05-15 14:19:48 | Epoch 01486 | train: 0.002185
2026-05-15 14:19:49 | Epoch 01487 | train: 0.002290
2026-05-15 14:19:49 | Epoch 01488 | train: 0.002489
2026-05-15 14:19:50 | Epoch 01489 | train: 0.002232
2026-05-15 14:19:50 | Epoch 01490 | train: 0.001937
2026-05-15 14:19:51 | Epoch 01491 | train: 0.001966
2026-05-15 14:19:52 | Epoch 01492 | train: 0.001918
2026-05-15 14:19:52 | Epoch 01493 | train: 0.002088
2026-05-15 14:19:53 | Epoch 01494 | train: 0.001952
2026-05-15 14:19:53 | Epoch 01495 | train: 0.001959
2026-05-15 14:19:54 | Epoch 01496 | train: 0.001961
2026-05-15 14:19:54 | Epoch 01497 | train: 0.002238
2026-05-15 14:19:55 | Epoch 01498 | train: 0.002190
2026-05-15 14:19:55 | Epoch 01499 | train: 0.002095
2026-05-15 14:19:56 | Epoch 01500 | train: 0.001859
2026-05-15 14:19:56 | Epoch 01500 | test : 0.001753  [lr=1.34e-05]
2026-05-15 14:19:56 | Epoch 01500 | best model saved  (test_loss=0.001753)
2026-05-15 14:19:56 | Epoch 01501 | train: 0.001878
2026-05-15 14:19:56 | ============================================================
2026-05-15 14:19:56 | Training finished | best test loss: 0.001753
2026-05-15 14:19:56 | ============================================================
Using device : cuda
Loading data : ./data/solution_Ex1.h5
train params : torch.Size([32, 2])
train phi    : torch.Size([32, 4097])
===*50
End training the model 
