2026-05-03 18:53:38 | ============================================================
2026-05-03 18:53:38 | Experiment    : Ex1
2026-05-03 18:53:38 | criterion     : mse
2026-05-03 18:53:38 | epochs        : 2000
2026-05-03 18:53:38 | learning_rate : 0.001
2026-05-03 18:53:38 | weight_decay  : 1e-05
2026-05-03 18:53:38 | step_size     : 1
2026-05-03 18:53:38 | gamma         : 0.998
2026-05-03 18:53:38 | epoch_save    : 200
2026-05-03 18:53:38 | ============================================================
2026-05-03 18:53:40 | Epoch 00001 | train: 0.010710
2026-05-03 18:53:41 | Epoch 00002 | train: 0.005124
2026-05-03 18:53:41 | Epoch 00003 | train: 0.004366
2026-05-03 18:53:41 | Epoch 00004 | train: 0.005435
2026-05-03 18:53:41 | Epoch 00005 | train: 0.004844
2026-05-03 18:53:42 | Epoch 00006 | train: 0.004344
2026-05-03 18:53:42 | Epoch 00007 | train: 0.006406
2026-05-03 18:53:42 | Epoch 00008 | train: 0.004579
2026-05-03 18:53:43 | Epoch 00009 | train: 0.004287
2026-05-03 18:53:43 | Epoch 00010 | train: 0.004238
2026-05-03 18:53:43 | Epoch 00011 | train: 0.004115
2026-05-03 18:53:44 | Epoch 00012 | train: 0.004034
2026-05-03 18:53:44 | Epoch 00013 | train: 0.004002
2026-05-03 18:53:44 | Epoch 00014 | train: 0.003979
2026-05-03 18:53:45 | Epoch 00015 | train: 0.003801
2026-05-03 18:53:45 | Epoch 00016 | train: 0.003572
2026-05-03 18:53:45 | Epoch 00017 | train: 0.003030
2026-05-03 18:53:45 | Epoch 00018 | train: 0.002691
2026-05-03 18:53:46 | Epoch 00019 | train: 0.001863
2026-05-03 18:53:46 | Epoch 00020 | train: 0.002659
2026-05-03 18:53:46 | Epoch 00021 | train: 0.002483
2026-05-03 18:53:47 | Epoch 00022 | train: 0.002127
2026-05-03 18:53:47 | Epoch 00023 | train: 0.002050
2026-05-03 18:53:47 | Epoch 00024 | train: 0.002960
2026-05-03 18:53:48 | Epoch 00025 | train: 0.001948
2026-05-03 18:53:48 | Epoch 00026 | train: 0.001749
2026-05-03 18:53:48 | Epoch 00027 | train: 0.001208
2026-05-03 18:53:49 | Epoch 00028 | train: 0.001085
2026-05-03 18:53:49 | Epoch 00029 | train: 0.002169
2026-05-03 18:53:49 | Epoch 00030 | train: 0.001002
2026-05-03 18:53:50 | Epoch 00031 | train: 0.001166
2026-05-03 18:53:50 | Epoch 00032 | train: 0.002144
2026-05-03 18:53:50 | Epoch 00033 | train: 0.001632
2026-05-03 18:53:50 | Epoch 00034 | train: 0.001104
2026-05-03 18:53:51 | Epoch 00035 | train: 0.001572
2026-05-03 18:53:51 | Epoch 00036 | train: 0.000903
2026-05-03 18:53:51 | Epoch 00037 | train: 0.000948
2026-05-03 18:53:52 | Epoch 00038 | train: 0.000815
2026-05-03 18:53:52 | Epoch 00039 | train: 0.001325
2026-05-03 18:53:52 | Epoch 00040 | train: 0.001375
2026-05-03 18:53:53 | Epoch 00041 | train: 0.000843
2026-05-03 18:53:53 | Epoch 00042 | train: 0.001683
2026-05-03 18:53:53 | Epoch 00043 | train: 0.001043
2026-05-03 18:53:54 | Epoch 00044 | train: 0.001118
2026-05-03 18:53:54 | Epoch 00045 | train: 0.000972
2026-05-03 18:53:54 | Epoch 00046 | train: 0.000749
2026-05-03 18:53:54 | Epoch 00047 | train: 0.000745
2026-05-03 18:53:55 | Epoch 00048 | train: 0.001650
2026-05-03 18:53:55 | Epoch 00049 | train: 0.000950
2026-05-03 18:53:55 | Epoch 00050 | train: 0.001269
2026-05-03 18:53:56 | Epoch 00051 | train: 0.001673
2026-05-03 18:53:56 | Epoch 00052 | train: 0.003364
2026-05-03 18:53:56 | Epoch 00053 | train: 0.001786
2026-05-03 18:53:57 | Epoch 00054 | train: 0.001208
2026-05-03 18:53:57 | Epoch 00055 | train: 0.000932
2026-05-03 18:53:57 | Epoch 00056 | train: 0.002332
2026-05-03 18:53:58 | Epoch 00057 | train: 0.001208
2026-05-03 18:53:58 | Epoch 00058 | train: 0.000913
2026-05-03 18:53:58 | Epoch 00059 | train: 0.000854
2026-05-03 18:53:58 | Epoch 00060 | train: 0.001485
2026-05-03 18:53:59 | Epoch 00061 | train: 0.001982
2026-05-03 18:53:59 | Epoch 00062 | train: 0.001307
2026-05-03 18:53:59 | Epoch 00063 | train: 0.000936
2026-05-03 18:54:00 | Epoch 00064 | train: 0.001151
2026-05-03 18:54:00 | Epoch 00065 | train: 0.001029
2026-05-03 18:54:00 | Epoch 00066 | train: 0.001487
2026-05-03 18:54:01 | Epoch 00067 | train: 0.001036
2026-05-03 18:54:01 | Epoch 00068 | train: 0.001504
2026-05-03 18:54:01 | Epoch 00069 | train: 0.001002
2026-05-03 18:54:02 | Epoch 00070 | train: 0.001204
2026-05-03 18:54:02 | Epoch 00071 | train: 0.001321
2026-05-03 18:54:02 | Epoch 00072 | train: 0.000848
2026-05-03 18:54:03 | Epoch 00073 | train: 0.000739
2026-05-03 18:54:03 | Epoch 00074 | train: 0.000762
2026-05-03 18:54:03 | Epoch 00075 | train: 0.000438
2026-05-03 18:54:03 | Epoch 00076 | train: 0.001395
2026-05-03 18:54:04 | Epoch 00077 | train: 0.001886
2026-05-03 18:54:04 | Epoch 00078 | train: 0.000904
2026-05-03 18:54:04 | Epoch 00079 | train: 0.000641
2026-05-03 18:54:05 | Epoch 00080 | train: 0.000631
2026-05-03 18:54:05 | Epoch 00081 | train: 0.000455
2026-05-03 18:54:05 | Epoch 00082 | train: 0.001028
2026-05-03 18:54:06 | Epoch 00083 | train: 0.002360
2026-05-03 18:54:06 | Epoch 00084 | train: 0.002191
2026-05-03 18:54:06 | Epoch 00085 | train: 0.002166
2026-05-03 18:54:07 | Epoch 00086 | train: 0.001582
2026-05-03 18:54:07 | Epoch 00087 | train: 0.001195
2026-05-03 18:54:07 | Epoch 00088 | train: 0.000930
2026-05-03 18:54:07 | Epoch 00089 | train: 0.000880
2026-05-03 18:54:08 | Epoch 00090 | train: 0.001606
2026-05-03 18:54:08 | Epoch 00091 | train: 0.001167
2026-05-03 18:54:08 | Epoch 00092 | train: 0.000676
2026-05-03 18:54:09 | Epoch 00093 | train: 0.000645
2026-05-03 18:54:09 | Epoch 00094 | train: 0.000484
2026-05-03 18:54:09 | Epoch 00095 | train: 0.000585
2026-05-03 18:54:10 | Epoch 00096 | train: 0.000789
2026-05-03 18:54:10 | Epoch 00097 | train: 0.002150
2026-05-03 18:54:10 | Epoch 00098 | train: 0.001203
2026-05-03 18:54:11 | Epoch 00099 | train: 0.000839
2026-05-03 18:54:11 | Epoch 00100 | train: 0.001009
2026-05-03 18:54:11 | Epoch 00101 | train: 0.000577
2026-05-03 18:54:12 | Epoch 00102 | train: 0.000531
2026-05-03 18:54:12 | Epoch 00103 | train: 0.000456
2026-05-03 18:54:12 | Epoch 00104 | train: 0.000708
2026-05-03 18:54:12 | Epoch 00105 | train: 0.000740
2026-05-03 18:54:13 | Epoch 00106 | train: 0.000418
2026-05-03 18:54:13 | Epoch 00107 | train: 0.001119
2026-05-03 18:54:13 | Epoch 00108 | train: 0.000907
2026-05-03 18:54:14 | Epoch 00109 | train: 0.000577
2026-05-03 18:54:14 | Epoch 00110 | train: 0.001197
2026-05-03 18:54:14 | Epoch 00111 | train: 0.000937
2026-05-03 18:54:15 | Epoch 00112 | train: 0.000724
2026-05-03 18:54:15 | Epoch 00113 | train: 0.000410
2026-05-03 18:54:15 | Epoch 00114 | train: 0.000376
2026-05-03 18:54:16 | Epoch 00115 | train: 0.001444
2026-05-03 18:54:16 | Epoch 00116 | train: 0.000950
2026-05-03 18:54:16 | Epoch 00117 | train: 0.000702
2026-05-03 18:54:17 | Epoch 00118 | train: 0.000487
2026-05-03 18:54:17 | Epoch 00119 | train: 0.000413
2026-05-03 18:54:17 | Epoch 00120 | train: 0.000406
2026-05-03 18:54:17 | Epoch 00121 | train: 0.000542
2026-05-03 18:54:18 | Epoch 00122 | train: 0.001382
2026-05-03 18:54:18 | Epoch 00123 | train: 0.000926
2026-05-03 18:54:18 | Epoch 00124 | train: 0.000939
2026-05-03 18:54:19 | Epoch 00125 | train: 0.000987
2026-05-03 18:54:19 | Epoch 00126 | train: 0.002022
2026-05-03 18:54:19 | Epoch 00127 | train: 0.001011
2026-05-03 18:54:20 | Epoch 00128 | train: 0.000650
2026-05-03 18:54:20 | Epoch 00129 | train: 0.000563
2026-05-03 18:54:20 | Epoch 00130 | train: 0.000474
2026-05-03 18:54:21 | Epoch 00131 | train: 0.000450
2026-05-03 18:54:21 | Epoch 00132 | train: 0.000372
2026-05-03 18:54:21 | Epoch 00133 | train: 0.000497
2026-05-03 18:54:21 | Epoch 00134 | train: 0.002558
2026-05-03 18:54:22 | Epoch 00135 | train: 0.001134
2026-05-03 18:54:22 | Epoch 00136 | train: 0.001005
2026-05-03 18:54:22 | Epoch 00137 | train: 0.001053
2026-05-03 18:54:23 | Epoch 00138 | train: 0.000751
2026-05-03 18:54:23 | Epoch 00139 | train: 0.000680
2026-05-03 18:54:23 | Epoch 00140 | train: 0.000863
2026-05-03 18:54:24 | Epoch 00141 | train: 0.000547
2026-05-03 18:54:24 | Epoch 00142 | train: 0.000472
2026-05-03 18:54:24 | Epoch 00143 | train: 0.000774
2026-05-03 18:54:25 | Epoch 00144 | train: 0.000975
2026-05-03 18:54:25 | Epoch 00145 | train: 0.001300
2026-05-03 18:54:25 | Epoch 00146 | train: 0.001833
2026-05-03 18:54:26 | Epoch 00147 | train: 0.000766
2026-05-03 18:54:26 | Epoch 00148 | train: 0.000697
2026-05-03 18:54:26 | Epoch 00149 | train: 0.000842
2026-05-03 18:54:26 | Epoch 00150 | train: 0.000894
2026-05-03 18:54:27 | Epoch 00151 | train: 0.000729
2026-05-03 18:54:27 | Epoch 00152 | train: 0.001856
2026-05-03 18:54:27 | Epoch 00153 | train: 0.000691
2026-05-03 18:54:28 | Epoch 00154 | train: 0.000408
2026-05-03 18:54:28 | Epoch 00155 | train: 0.000358
2026-05-03 18:54:28 | Epoch 00156 | train: 0.000450
2026-05-03 18:54:29 | Epoch 00157 | train: 0.000349
2026-05-03 18:54:29 | Epoch 00158 | train: 0.000297
2026-05-03 18:54:29 | Epoch 00159 | train: 0.000432
2026-05-03 18:54:30 | Epoch 00160 | train: 0.000703
2026-05-03 18:54:30 | Epoch 00161 | train: 0.000649
2026-05-03 18:54:30 | Epoch 00162 | train: 0.001037
2026-05-03 18:54:30 | Epoch 00163 | train: 0.000565
2026-05-03 18:54:31 | Epoch 00164 | train: 0.000697
2026-05-03 18:54:31 | Epoch 00165 | train: 0.000407
2026-05-03 18:54:31 | Epoch 00166 | train: 0.000390
2026-05-03 18:54:32 | Epoch 00167 | train: 0.000881
2026-05-03 18:54:32 | Epoch 00168 | train: 0.000581
2026-05-03 18:54:32 | Epoch 00169 | train: 0.000462
2026-05-03 18:54:33 | Epoch 00170 | train: 0.000654
2026-05-03 18:54:33 | Epoch 00171 | train: 0.000740
2026-05-03 18:54:33 | Epoch 00172 | train: 0.000500
2026-05-03 18:54:34 | Epoch 00173 | train: 0.000757
2026-05-03 18:54:34 | Epoch 00174 | train: 0.000788
2026-05-03 18:54:34 | Epoch 00175 | train: 0.000422
2026-05-03 18:54:35 | Epoch 00176 | train: 0.000355
2026-05-03 18:54:35 | Epoch 00177 | train: 0.000200
2026-05-03 18:54:35 | Epoch 00178 | train: 0.000165
2026-05-03 18:54:35 | Epoch 00179 | train: 0.000158
2026-05-03 18:54:36 | Epoch 00180 | train: 0.000286
2026-05-03 18:54:36 | Epoch 00181 | train: 0.001040
2026-05-03 18:54:36 | Epoch 00182 | train: 0.000777
2026-05-03 18:54:37 | Epoch 00183 | train: 0.000461
2026-05-03 18:54:37 | Epoch 00184 | train: 0.000934
2026-05-03 18:54:37 | Epoch 00185 | train: 0.000301
2026-05-03 18:54:38 | Epoch 00186 | train: 0.000213
2026-05-03 18:54:38 | Epoch 00187 | train: 0.000329
2026-05-03 18:54:38 | Epoch 00188 | train: 0.000940
2026-05-03 18:54:39 | Epoch 00189 | train: 0.002610
2026-05-03 18:54:39 | Epoch 00190 | train: 0.002975
2026-05-03 18:54:39 | Epoch 00191 | train: 0.001642
2026-05-03 18:54:40 | Epoch 00192 | train: 0.000828
2026-05-03 18:54:40 | Epoch 00193 | train: 0.000639
2026-05-03 18:54:40 | Epoch 00194 | train: 0.000452
2026-05-03 18:54:40 | Epoch 00195 | train: 0.000398
2026-05-03 18:54:41 | Epoch 00196 | train: 0.000575
2026-05-03 18:54:41 | Epoch 00197 | train: 0.000360
2026-05-03 18:54:41 | Epoch 00198 | train: 0.000279
2026-05-03 18:54:42 | Epoch 00199 | train: 0.000688
2026-05-03 18:54:42 | Epoch 00200 | train: 0.000704
2026-05-03 18:54:42 | Epoch 00200 | test : 0.004013  [lr=6.70e-04]
2026-05-03 18:54:42 | Epoch 00200 | best saved (0.004013)
2026-05-03 18:54:42 | Epoch 00201 | train: 0.002077
2026-05-03 18:54:43 | Epoch 00202 | train: 0.001331
2026-05-03 18:54:43 | Epoch 00203 | train: 0.000695
2026-05-03 18:54:43 | Epoch 00204 | train: 0.000600
2026-05-03 18:54:44 | Epoch 00205 | train: 0.000540
2026-05-03 18:54:44 | Epoch 00206 | train: 0.000612
2026-05-03 18:54:44 | Epoch 00207 | train: 0.000358
2026-05-03 18:54:45 | Epoch 00208 | train: 0.000424
2026-05-03 18:54:45 | Epoch 00209 | train: 0.000868
2026-05-03 18:54:45 | Epoch 00210 | train: 0.000310
2026-05-03 18:54:46 | Epoch 00211 | train: 0.000442
2026-05-03 18:54:46 | Epoch 00212 | train: 0.000569
2026-05-03 18:54:46 | Epoch 00213 | train: 0.001258
2026-05-03 18:54:46 | Epoch 00214 | train: 0.000448
2026-05-03 18:54:47 | Epoch 00215 | train: 0.000377
2026-05-03 18:54:47 | Epoch 00216 | train: 0.000662
2026-05-03 18:54:47 | Epoch 00217 | train: 0.000423
2026-05-03 18:54:48 | Epoch 00218 | train: 0.001321
2026-05-03 18:54:48 | Epoch 00219 | train: 0.000918
2026-05-03 18:54:48 | Epoch 00220 | train: 0.000871
2026-05-03 18:54:49 | Epoch 00221 | train: 0.000623
2026-05-03 18:54:49 | Epoch 00222 | train: 0.000304
2026-05-03 18:54:49 | Epoch 00223 | train: 0.000248
2026-05-03 18:54:50 | Epoch 00224 | train: 0.000343
2026-05-03 18:54:50 | Epoch 00225 | train: 0.000476
2026-05-03 18:54:50 | Epoch 00226 | train: 0.000450
2026-05-03 18:54:51 | Epoch 00227 | train: 0.000257
2026-05-03 18:54:51 | Epoch 00228 | train: 0.000168
2026-05-03 18:54:51 | Epoch 00229 | train: 0.000169
2026-05-03 18:54:51 | Epoch 00230 | train: 0.000302
2026-05-03 18:54:52 | Epoch 00231 | train: 0.000367
2026-05-03 18:54:52 | Epoch 00232 | train: 0.000976
2026-05-03 18:54:52 | Epoch 00233 | train: 0.001152
2026-05-03 18:54:53 | Epoch 00234 | train: 0.000631
2026-05-03 18:54:53 | Epoch 00235 | train: 0.000337
2026-05-03 18:54:53 | Epoch 00236 | train: 0.000338
2026-05-03 18:54:54 | Epoch 00237 | train: 0.000312
2026-05-03 18:54:54 | Epoch 00238 | train: 0.000211
2026-05-03 18:54:54 | Epoch 00239 | train: 0.000383
2026-05-03 18:54:55 | Epoch 00240 | train: 0.000482
2026-05-03 18:54:55 | Epoch 00241 | train: 0.000829
2026-05-03 18:54:55 | Epoch 00242 | train: 0.001152
2026-05-03 18:54:55 | Epoch 00243 | train: 0.000603
2026-05-03 18:54:56 | Epoch 00244 | train: 0.000468
2026-05-03 18:54:56 | Epoch 00245 | train: 0.000352
2026-05-03 18:54:56 | Epoch 00246 | train: 0.000393
2026-05-03 18:54:57 | Epoch 00247 | train: 0.000610
2026-05-03 18:54:57 | Epoch 00248 | train: 0.000388
2026-05-03 18:54:57 | Epoch 00249 | train: 0.000520
2026-05-03 18:54:58 | Epoch 00250 | train: 0.000236
2026-05-03 18:54:58 | Epoch 00251 | train: 0.000175
2026-05-03 18:54:58 | Epoch 00252 | train: 0.000200
2026-05-03 18:54:59 | Epoch 00253 | train: 0.000106
2026-05-03 18:54:59 | Epoch 00254 | train: 0.000350
2026-05-03 18:54:59 | Epoch 00255 | train: 0.002720
2026-05-03 18:55:00 | Epoch 00256 | train: 0.002107
2026-05-03 18:55:00 | Epoch 00257 | train: 0.001028
2026-05-03 18:55:00 | Epoch 00258 | train: 0.000491
2026-05-03 18:55:00 | Epoch 00259 | train: 0.000329
2026-05-03 18:55:01 | Epoch 00260 | train: 0.000341
2026-05-03 18:55:01 | Epoch 00261 | train: 0.000304
2026-05-03 18:55:01 | Epoch 00262 | train: 0.000227
2026-05-03 18:55:02 | Epoch 00263 | train: 0.000380
2026-05-03 18:55:02 | Epoch 00264 | train: 0.000894
2026-05-03 18:55:02 | Epoch 00265 | train: 0.001390
2026-05-03 18:55:03 | Epoch 00266 | train: 0.000525
2026-05-03 18:55:03 | Epoch 00267 | train: 0.000378
2026-05-03 18:55:03 | Epoch 00268 | train: 0.000650
2026-05-03 18:55:04 | Epoch 00269 | train: 0.000484
2026-05-03 18:55:04 | Epoch 00270 | train: 0.000399
2026-05-03 18:55:04 | Epoch 00271 | train: 0.000223
2026-05-03 18:55:04 | Epoch 00272 | train: 0.000202
2026-05-03 18:55:05 | Epoch 00273 | train: 0.000477
2026-05-03 18:55:05 | Epoch 00274 | train: 0.000368
2026-05-03 18:55:05 | Epoch 00275 | train: 0.001934
2026-05-03 18:55:06 | Epoch 00276 | train: 0.000969
2026-05-03 18:55:06 | Epoch 00277 | train: 0.000477
2026-05-03 18:55:06 | Epoch 00278 | train: 0.000449
2026-05-03 18:55:07 | Epoch 00279 | train: 0.000402
2026-05-03 18:55:07 | Epoch 00280 | train: 0.001201
2026-05-03 18:55:07 | Epoch 00281 | train: 0.000522
2026-05-03 18:55:08 | Epoch 00282 | train: 0.000380
2026-05-03 18:55:08 | Epoch 00283 | train: 0.001045
2026-05-03 18:55:08 | Epoch 00284 | train: 0.001176
2026-05-03 18:55:09 | Epoch 00285 | train: 0.001327
2026-05-03 18:55:09 | Epoch 00286 | train: 0.000366
2026-05-03 18:55:09 | Epoch 00287 | train: 0.000255
2026-05-03 18:55:09 | Epoch 00288 | train: 0.000308
2026-05-03 18:55:10 | Epoch 00289 | train: 0.000286
2026-05-03 18:55:10 | Epoch 00290 | train: 0.000143
2026-05-03 18:55:10 | Epoch 00291 | train: 0.000173
2026-05-03 18:55:11 | Epoch 00292 | train: 0.000097
2026-05-03 18:55:11 | Epoch 00293 | train: 0.000680
2026-05-03 18:55:11 | Epoch 00294 | train: 0.001276
2026-05-03 18:55:12 | Epoch 00295 | train: 0.000475
2026-05-03 18:55:12 | Epoch 00296 | train: 0.000353
2026-05-03 18:55:12 | Epoch 00297 | train: 0.000236
2026-05-03 18:55:13 | Epoch 00298 | train: 0.000138
2026-05-03 18:55:13 | Epoch 00299 | train: 0.000120
2026-05-03 18:55:13 | Epoch 00300 | train: 0.000116
2026-05-03 18:55:13 | Epoch 00301 | train: 0.000106
2026-05-03 18:55:14 | Epoch 00302 | train: 0.000178
2026-05-03 18:55:14 | Epoch 00303 | train: 0.001196
2026-05-03 18:55:14 | Epoch 00304 | train: 0.003801
2026-05-03 18:55:15 | Epoch 00305 | train: 0.001688
2026-05-03 18:55:15 | Epoch 00306 | train: 0.000807
2026-05-03 18:55:15 | Epoch 00307 | train: 0.000635
2026-05-03 18:55:16 | Epoch 00308 | train: 0.000506
2026-05-03 18:55:16 | Epoch 00309 | train: 0.000484
2026-05-03 18:55:16 | Epoch 00310 | train: 0.000500
2026-05-03 18:55:17 | Epoch 00311 | train: 0.000351
2026-05-03 18:55:17 | Epoch 00312 | train: 0.000226
2026-05-03 18:55:17 | Epoch 00313 | train: 0.000259
2026-05-03 18:55:18 | Epoch 00314 | train: 0.000631
2026-05-03 18:55:18 | Epoch 00315 | train: 0.000383
2026-05-03 18:55:18 | Epoch 00316 | train: 0.000162
2026-05-03 18:55:18 | Epoch 00317 | train: 0.000179
2026-05-03 18:55:19 | Epoch 00318 | train: 0.000342
2026-05-03 18:55:19 | Epoch 00319 | train: 0.000219
2026-05-03 18:55:19 | Epoch 00320 | train: 0.000190
2026-05-03 18:55:20 | Epoch 00321 | train: 0.000966
2026-05-03 18:55:20 | Epoch 00322 | train: 0.000630
2026-05-03 18:55:20 | Epoch 00323 | train: 0.000598
2026-05-03 18:55:21 | Epoch 00324 | train: 0.000216
2026-05-03 18:55:21 | Epoch 00325 | train: 0.000138
2026-05-03 18:55:21 | Epoch 00326 | train: 0.000160
2026-05-03 18:55:22 | Epoch 00327 | train: 0.000802
2026-05-03 18:55:22 | Epoch 00328 | train: 0.000597
2026-05-03 18:55:22 | Epoch 00329 | train: 0.000323
2026-05-03 18:55:22 | Epoch 00330 | train: 0.000330
2026-05-03 18:55:23 | Epoch 00331 | train: 0.000766
2026-05-03 18:55:23 | Epoch 00332 | train: 0.001369
2026-05-03 18:55:23 | Epoch 00333 | train: 0.000603
2026-05-03 18:55:24 | Epoch 00334 | train: 0.000340
2026-05-03 18:55:24 | Epoch 00335 | train: 0.000200
2026-05-03 18:55:24 | Epoch 00336 | train: 0.000199
2026-05-03 18:55:25 | Epoch 00337 | train: 0.000192
2026-05-03 18:55:25 | Epoch 00338 | train: 0.000183
2026-05-03 18:55:25 | Epoch 00339 | train: 0.000127
2026-05-03 18:55:26 | Epoch 00340 | train: 0.000137
2026-05-03 18:55:26 | Epoch 00341 | train: 0.000359
2026-05-03 18:55:26 | Epoch 00342 | train: 0.000179
2026-05-03 18:55:27 | Epoch 00343 | train: 0.000118
2026-05-03 18:55:27 | Epoch 00344 | train: 0.000123
2026-05-03 18:55:27 | Epoch 00345 | train: 0.000121
2026-05-03 18:55:27 | Epoch 00346 | train: 0.000086
2026-05-03 18:55:28 | Epoch 00347 | train: 0.000085
2026-05-03 18:55:28 | Epoch 00348 | train: 0.000062
2026-05-03 18:55:28 | Epoch 00349 | train: 0.000067
2026-05-03 18:55:29 | Epoch 00350 | train: 0.000101
2026-05-03 18:55:29 | Epoch 00351 | train: 0.000047
2026-05-03 18:55:29 | Epoch 00352 | train: 0.000063
2026-05-03 18:55:30 | Epoch 00353 | train: 0.000247
2026-05-03 18:55:30 | Epoch 00354 | train: 0.000447
2026-05-03 18:55:30 | Epoch 00355 | train: 0.000469
2026-05-03 18:55:31 | Epoch 00356 | train: 0.000164
2026-05-03 18:55:31 | Epoch 00357 | train: 0.000482
2026-05-03 18:55:31 | Epoch 00358 | train: 0.001136
2026-05-03 18:55:31 | Epoch 00359 | train: 0.000786
2026-05-03 18:55:32 | Epoch 00360 | train: 0.000497
2026-05-03 18:55:32 | Epoch 00361 | train: 0.000738
2026-05-03 18:55:32 | Epoch 00362 | train: 0.000457
2026-05-03 18:55:33 | Epoch 00363 | train: 0.000426
2026-05-03 18:55:33 | Epoch 00364 | train: 0.000315
2026-05-03 18:55:33 | Epoch 00365 | train: 0.001425
2026-05-03 18:55:34 | Epoch 00366 | train: 0.000620
2026-05-03 18:55:34 | Epoch 00367 | train: 0.000306
2026-05-03 18:55:34 | Epoch 00368 | train: 0.000161
2026-05-03 18:55:35 | Epoch 00369 | train: 0.000115
2026-05-03 18:55:35 | Epoch 00370 | train: 0.000087
2026-05-03 18:55:35 | Epoch 00371 | train: 0.000078
2026-05-03 18:55:36 | Epoch 00372 | train: 0.000087
2026-05-03 18:55:36 | Epoch 00373 | train: 0.000073
2026-05-03 18:55:36 | Epoch 00374 | train: 0.000076
2026-05-03 18:55:36 | Epoch 00375 | train: 0.000050
2026-05-03 18:55:37 | Epoch 00376 | train: 0.000052
2026-05-03 18:55:37 | Epoch 00377 | train: 0.000279
2026-05-03 18:55:37 | Epoch 00378 | train: 0.000171
2026-05-03 18:55:38 | Epoch 00379 | train: 0.000150
2026-05-03 18:55:38 | Epoch 00380 | train: 0.000238
2026-05-03 18:55:38 | Epoch 00381 | train: 0.000193
2026-05-03 18:55:39 | Epoch 00382 | train: 0.000458
2026-05-03 18:55:39 | Epoch 00383 | train: 0.000440
2026-05-03 18:55:39 | Epoch 00384 | train: 0.000266
2026-05-03 18:55:40 | Epoch 00385 | train: 0.000423
2026-05-03 18:55:40 | Epoch 00386 | train: 0.000548
2026-05-03 18:55:40 | Epoch 00387 | train: 0.000404
2026-05-03 18:55:41 | Epoch 00388 | train: 0.000172
2026-05-03 18:55:41 | Epoch 00389 | train: 0.000310
2026-05-03 18:55:41 | Epoch 00390 | train: 0.000167
2026-05-03 18:55:41 | Epoch 00391 | train: 0.000149
2026-05-03 18:55:42 | Epoch 00392 | train: 0.000178
2026-05-03 18:55:42 | Epoch 00393 | train: 0.000072
2026-05-03 18:55:42 | Epoch 00394 | train: 0.000148
2026-05-03 18:55:43 | Epoch 00395 | train: 0.000120
2026-05-03 18:55:43 | Epoch 00396 | train: 0.000330
2026-05-03 18:55:43 | Epoch 00397 | train: 0.000352
2026-05-03 18:55:44 | Epoch 00398 | train: 0.000286
2026-05-03 18:55:44 | Epoch 00399 | train: 0.000138
2026-05-03 18:55:44 | Epoch 00400 | train: 0.000292
2026-05-03 18:55:44 | Epoch 00400 | test : 0.000272  [lr=4.49e-04]
2026-05-03 18:55:44 | Epoch 00400 | best saved (0.000272)
2026-05-03 18:55:45 | Epoch 00401 | train: 0.001577
2026-05-03 18:55:45 | Epoch 00402 | train: 0.001200
2026-05-03 18:55:45 | Epoch 00403 | train: 0.001317
2026-05-03 18:55:46 | Epoch 00404 | train: 0.001123
2026-05-03 18:55:46 | Epoch 00405 | train: 0.000532
2026-05-03 18:55:46 | Epoch 00406 | train: 0.000272
2026-05-03 18:55:47 | Epoch 00407 | train: 0.000228
2026-05-03 18:55:47 | Epoch 00408 | train: 0.000123
2026-05-03 18:55:47 | Epoch 00409 | train: 0.000103
2026-05-03 18:55:47 | Epoch 00410 | train: 0.000059
2026-05-03 18:55:48 | Epoch 00411 | train: 0.000080
2026-05-03 18:55:48 | Epoch 00412 | train: 0.000048
2026-05-03 18:55:48 | Epoch 00413 | train: 0.000040
2026-05-03 18:55:49 | Epoch 00414 | train: 0.000055
2026-05-03 18:55:49 | Epoch 00415 | train: 0.000254
2026-05-03 18:55:49 | Epoch 00416 | train: 0.000474
2026-05-03 18:55:50 | Epoch 00417 | train: 0.001273
2026-05-03 18:55:50 | Epoch 00418 | train: 0.000389
2026-05-03 18:55:50 | Epoch 00419 | train: 0.000153
2026-05-03 18:55:51 | Epoch 00420 | train: 0.000544
2026-05-03 18:55:51 | Epoch 00421 | train: 0.000215
2026-05-03 18:55:51 | Epoch 00422 | train: 0.000293
2026-05-03 18:55:51 | Epoch 00423 | train: 0.000200
2026-05-03 18:55:52 | Epoch 00424 | train: 0.000988
2026-05-03 18:55:52 | Epoch 00425 | train: 0.000664
2026-05-03 18:55:52 | Epoch 00426 | train: 0.000611
2026-05-03 18:55:53 | Epoch 00427 | train: 0.000641
2026-05-03 18:55:53 | Epoch 00428 | train: 0.000186
2026-05-03 18:55:53 | Epoch 00429 | train: 0.000369
2026-05-03 18:55:54 | Epoch 00430 | train: 0.000139
2026-05-03 18:55:54 | Epoch 00431 | train: 0.000141
2026-05-03 18:55:54 | Epoch 00432 | train: 0.000459
2026-05-03 18:55:55 | Epoch 00433 | train: 0.000601
2026-05-03 18:55:55 | Epoch 00434 | train: 0.000212
2026-05-03 18:55:55 | Epoch 00435 | train: 0.000121
2026-05-03 18:55:56 | Epoch 00436 | train: 0.000078
2026-05-03 18:55:56 | Epoch 00437 | train: 0.000125
2026-05-03 18:55:56 | Epoch 00438 | train: 0.000120
2026-05-03 18:55:56 | Epoch 00439 | train: 0.000065
2026-05-03 18:55:57 | Epoch 00440 | train: 0.000072
2026-05-03 18:55:57 | Epoch 00441 | train: 0.000128
2026-05-03 18:55:57 | Epoch 00442 | train: 0.000226
2026-05-03 18:55:58 | Epoch 00443 | train: 0.000825
2026-05-03 18:55:58 | Epoch 00444 | train: 0.000618
2026-05-03 18:55:58 | Epoch 00445 | train: 0.000953
2026-05-03 18:55:59 | Epoch 00446 | train: 0.000259
2026-05-03 18:55:59 | Epoch 00447 | train: 0.000165
2026-05-03 18:55:59 | Epoch 00448 | train: 0.000122
2026-05-03 18:56:00 | Epoch 00449 | train: 0.000072
2026-05-03 18:56:00 | Epoch 00450 | train: 0.000200
2026-05-03 18:56:00 | Epoch 00451 | train: 0.000251
2026-05-03 18:56:00 | Epoch 00452 | train: 0.000164
2026-05-03 18:56:01 | Epoch 00453 | train: 0.000095
2026-05-03 18:56:01 | Epoch 00454 | train: 0.000309
2026-05-03 18:56:01 | Epoch 00455 | train: 0.000221
2026-05-03 18:56:02 | Epoch 00456 | train: 0.000140
2026-05-03 18:56:02 | Epoch 00457 | train: 0.000249
2026-05-03 18:56:02 | Epoch 00458 | train: 0.000131
2026-05-03 18:56:03 | Epoch 00459 | train: 0.000778
2026-05-03 18:56:03 | Epoch 00460 | train: 0.002303
2026-05-03 18:56:03 | Epoch 00461 | train: 0.000973
2026-05-03 18:56:04 | Epoch 00462 | train: 0.000411
2026-05-03 18:56:04 | Epoch 00463 | train: 0.000202
2026-05-03 18:56:04 | Epoch 00464 | train: 0.000126
2026-05-03 18:56:05 | Epoch 00465 | train: 0.000148
2026-05-03 18:56:05 | Epoch 00466 | train: 0.000080
2026-05-03 18:56:05 | Epoch 00467 | train: 0.000193
2026-05-03 18:56:05 | Epoch 00468 | train: 0.000087
2026-05-03 18:56:06 | Epoch 00469 | train: 0.000057
2026-05-03 18:56:06 | Epoch 00470 | train: 0.000044
2026-05-03 18:56:06 | Epoch 00471 | train: 0.000052
2026-05-03 18:56:07 | Epoch 00472 | train: 0.000068
2026-05-03 18:56:07 | Epoch 00473 | train: 0.000062
2026-05-03 18:56:07 | Epoch 00474 | train: 0.000035
2026-05-03 18:56:08 | Epoch 00475 | train: 0.000039
2026-05-03 18:56:08 | Epoch 00476 | train: 0.000039
2026-05-03 18:56:08 | Epoch 00477 | train: 0.000063
2026-05-03 18:56:09 | Epoch 00478 | train: 0.000074
2026-05-03 18:56:09 | Epoch 00479 | train: 0.000101
2026-05-03 18:56:09 | Epoch 00480 | train: 0.000075
2026-05-03 18:56:09 | Epoch 00481 | train: 0.000208
2026-05-03 18:56:10 | Epoch 00482 | train: 0.000055
2026-05-03 18:56:10 | Epoch 00483 | train: 0.000030
2026-05-03 18:56:10 | Epoch 00484 | train: 0.000026
2026-05-03 18:56:11 | Epoch 00485 | train: 0.000025
2026-05-03 18:56:11 | Epoch 00486 | train: 0.000025
2026-05-03 18:56:11 | Epoch 00487 | train: 0.000023
2026-05-03 18:56:12 | Epoch 00488 | train: 0.000026
2026-05-03 18:56:12 | Epoch 00489 | train: 0.000024
2026-05-03 18:56:12 | Epoch 00490 | train: 0.000043
2026-05-03 18:56:13 | Epoch 00491 | train: 0.000046
2026-05-03 18:56:13 | Epoch 00492 | train: 0.000539
2026-05-03 18:56:13 | Epoch 00493 | train: 0.000381
2026-05-03 18:56:14 | Epoch 00494 | train: 0.000223
2026-05-03 18:56:14 | Epoch 00495 | train: 0.000092
2026-05-03 18:56:14 | Epoch 00496 | train: 0.000043
2026-05-03 18:56:14 | Epoch 00497 | train: 0.000093
2026-05-03 18:56:15 | Epoch 00498 | train: 0.000070
2026-05-03 18:56:15 | Epoch 00499 | train: 0.000108
2026-05-03 18:56:15 | Epoch 00500 | train: 0.000049
2026-05-03 18:56:16 | Epoch 00501 | train: 0.000037
2026-05-03 18:56:16 | Epoch 00502 | train: 0.000027
2026-05-03 18:56:16 | Epoch 00503 | train: 0.000026
2026-05-03 18:56:17 | Epoch 00504 | train: 0.000053
2026-05-03 18:56:17 | Epoch 00505 | train: 0.000037
2026-05-03 18:56:17 | Epoch 00506 | train: 0.000029
2026-05-03 18:56:18 | Epoch 00507 | train: 0.000036
2026-05-03 18:56:18 | Epoch 00508 | train: 0.000030
2026-05-03 18:56:18 | Epoch 00509 | train: 0.000091
2026-05-03 18:56:18 | Epoch 00510 | train: 0.000201
2026-05-03 18:56:19 | Epoch 00511 | train: 0.000056
2026-05-03 18:56:19 | Epoch 00512 | train: 0.000033
2026-05-03 18:56:19 | Epoch 00513 | train: 0.000049
2026-05-03 18:56:20 | Epoch 00514 | train: 0.000029
2026-05-03 18:56:20 | Epoch 00515 | train: 0.000036
2026-05-03 18:56:20 | Epoch 00516 | train: 0.000031
2026-05-03 18:56:21 | Epoch 00517 | train: 0.000021
2026-05-03 18:56:21 | Epoch 00518 | train: 0.000020
2026-05-03 18:56:21 | Epoch 00519 | train: 0.000017
2026-05-03 18:56:22 | Epoch 00520 | train: 0.000015
2026-05-03 18:56:22 | Epoch 00521 | train: 0.000020
2026-05-03 18:56:22 | Epoch 00522 | train: 0.000017
2026-05-03 18:56:23 | Epoch 00523 | train: 0.000018
2026-05-03 18:56:23 | Epoch 00524 | train: 0.000029
2026-05-03 18:56:23 | Epoch 00525 | train: 0.000025
2026-05-03 18:56:23 | Epoch 00526 | train: 0.000017
2026-05-03 18:56:24 | Epoch 00527 | train: 0.000024
2026-05-03 18:56:24 | Epoch 00528 | train: 0.000049
2026-05-03 18:56:24 | Epoch 00529 | train: 0.000096
2026-05-03 18:56:25 | Epoch 00530 | train: 0.000464
2026-05-03 18:56:25 | Epoch 00531 | train: 0.000262
2026-05-03 18:56:25 | Epoch 00532 | train: 0.000063
2026-05-03 18:56:26 | Epoch 00533 | train: 0.000187
2026-05-03 18:56:26 | Epoch 00534 | train: 0.000091
2026-05-03 18:56:26 | Epoch 00535 | train: 0.000041
2026-05-03 18:56:27 | Epoch 00536 | train: 0.000021
2026-05-03 18:56:27 | Epoch 00537 | train: 0.000030
2026-05-03 18:56:27 | Epoch 00538 | train: 0.000029
2026-05-03 18:56:27 | Epoch 00539 | train: 0.000025
2026-05-03 18:56:28 | Epoch 00540 | train: 0.000038
2026-05-03 18:56:28 | Epoch 00541 | train: 0.000039
2026-05-03 18:56:28 | Epoch 00542 | train: 0.000056
2026-05-03 18:56:29 | Epoch 00543 | train: 0.000028
2026-05-03 18:56:29 | Epoch 00544 | train: 0.000026
2026-05-03 18:56:29 | Epoch 00545 | train: 0.000016
2026-05-03 18:56:30 | Epoch 00546 | train: 0.000020
2026-05-03 18:56:30 | Epoch 00547 | train: 0.000030
2026-05-03 18:56:30 | Epoch 00548 | train: 0.000019
2026-05-03 18:56:31 | Epoch 00549 | train: 0.000019
2026-05-03 18:56:31 | Epoch 00550 | train: 0.000033
2026-05-03 18:56:31 | Epoch 00551 | train: 0.000020
2026-05-03 18:56:32 | Epoch 00552 | train: 0.000023
2026-05-03 18:56:32 | Epoch 00553 | train: 0.000017
2026-05-03 18:56:32 | Epoch 00554 | train: 0.000020
2026-05-03 18:56:32 | Epoch 00555 | train: 0.000019
2026-05-03 18:56:33 | Epoch 00556 | train: 0.000014
2026-05-03 18:56:33 | Epoch 00557 | train: 0.000016
2026-05-03 18:56:33 | Epoch 00558 | train: 0.000016
2026-05-03 18:56:34 | Epoch 00559 | train: 0.000013
2026-05-03 18:56:34 | Epoch 00560 | train: 0.000014
2026-05-03 18:56:34 | Epoch 00561 | train: 0.000016
2026-05-03 18:56:35 | Epoch 00562 | train: 0.000080
2026-05-03 18:56:35 | Epoch 00563 | train: 0.000070
2026-05-03 18:56:35 | Epoch 00564 | train: 0.000035
2026-05-03 18:56:36 | Epoch 00565 | train: 0.000030
2026-05-03 18:56:36 | Epoch 00566 | train: 0.000025
2026-05-03 18:56:36 | Epoch 00567 | train: 0.000064
2026-05-03 18:56:37 | Epoch 00568 | train: 0.000107
2026-05-03 18:56:37 | Epoch 00569 | train: 0.000098
2026-05-03 18:56:37 | Epoch 00570 | train: 0.000047
2026-05-03 18:56:37 | Epoch 00571 | train: 0.000086
2026-05-03 18:56:38 | Epoch 00572 | train: 0.000116
2026-05-03 18:56:38 | Epoch 00573 | train: 0.000163
2026-05-03 18:56:38 | Epoch 00574 | train: 0.000612
2026-05-03 18:56:39 | Epoch 00575 | train: 0.000306
2026-05-03 18:56:39 | Epoch 00576 | train: 0.000126
2026-05-03 18:56:39 | Epoch 00577 | train: 0.000044
2026-05-03 18:56:40 | Epoch 00578 | train: 0.000275
2026-05-03 18:56:40 | Epoch 00579 | train: 0.000661
2026-05-03 18:56:40 | Epoch 00580 | train: 0.000559
2026-05-03 18:56:41 | Epoch 00581 | train: 0.000132
2026-05-03 18:56:41 | Epoch 00582 | train: 0.000066
2026-05-03 18:56:41 | Epoch 00583 | train: 0.000050
2026-05-03 18:56:42 | Epoch 00584 | train: 0.000036
2026-05-03 18:56:42 | Epoch 00585 | train: 0.000051
2026-05-03 18:56:42 | Epoch 00586 | train: 0.000057
2026-05-03 18:56:42 | Epoch 00587 | train: 0.000046
2026-05-03 18:56:43 | Epoch 00588 | train: 0.000044
2026-05-03 18:56:43 | Epoch 00589 | train: 0.000026
2026-05-03 18:56:43 | Epoch 00590 | train: 0.000019
2026-05-03 18:56:44 | Epoch 00591 | train: 0.000017
2026-05-03 18:56:44 | Epoch 00592 | train: 0.000016
2026-05-03 18:56:44 | Epoch 00593 | train: 0.000015
2026-05-03 18:56:45 | Epoch 00594 | train: 0.000014
2026-05-03 18:56:45 | Epoch 00595 | train: 0.000013
2026-05-03 18:56:45 | Epoch 00596 | train: 0.000025
2026-05-03 18:56:46 | Epoch 00597 | train: 0.000021
2026-05-03 18:56:46 | Epoch 00598 | train: 0.000017
2026-05-03 18:56:46 | Epoch 00599 | train: 0.000014
2026-05-03 18:56:47 | Epoch 00600 | train: 0.000024
2026-05-03 18:56:47 | Epoch 00600 | test : 0.000404  [lr=3.01e-04]
2026-05-03 18:56:47 | Epoch 00601 | train: 0.000015
2026-05-03 18:56:47 | Epoch 00602 | train: 0.000015
2026-05-03 18:56:48 | Epoch 00603 | train: 0.000016
2026-05-03 18:56:48 | Epoch 00604 | train: 0.000036
2026-05-03 18:56:48 | Epoch 00605 | train: 0.000032
2026-05-03 18:56:48 | Epoch 00606 | train: 0.000572
2026-05-03 18:56:49 | Epoch 00607 | train: 0.000160
2026-05-03 18:56:49 | Epoch 00608 | train: 0.000058
2026-05-03 18:56:49 | Epoch 00609 | train: 0.000043
2026-05-03 18:56:50 | Epoch 00610 | train: 0.000023
2026-05-03 18:56:50 | Epoch 00611 | train: 0.000020
2026-05-03 18:56:50 | Epoch 00612 | train: 0.000014
2026-05-03 18:56:51 | Epoch 00613 | train: 0.000013
2026-05-03 18:56:51 | Epoch 00614 | train: 0.000013
2026-05-03 18:56:51 | Epoch 00615 | train: 0.000012
2026-05-03 18:56:52 | Epoch 00616 | train: 0.000014
2026-05-03 18:56:52 | Epoch 00617 | train: 0.000016
2026-05-03 18:56:52 | Epoch 00618 | train: 0.000012
2026-05-03 18:56:52 | Epoch 00619 | train: 0.000015
2026-05-03 18:56:53 | Epoch 00620 | train: 0.000048
2026-05-03 18:56:53 | Epoch 00621 | train: 0.000047
2026-05-03 18:56:53 | Epoch 00622 | train: 0.000059
2026-05-03 18:56:54 | Epoch 00623 | train: 0.000024
2026-05-03 18:56:54 | Epoch 00624 | train: 0.000015
2026-05-03 18:56:54 | Epoch 00625 | train: 0.000024
2026-05-03 18:56:55 | Epoch 00626 | train: 0.000024
2026-05-03 18:56:55 | Epoch 00627 | train: 0.000035
2026-05-03 18:56:55 | Epoch 00628 | train: 0.000026
2026-05-03 18:56:56 | Epoch 00629 | train: 0.000014
2026-05-03 18:56:56 | Epoch 00630 | train: 0.000017
2026-05-03 18:56:56 | Epoch 00631 | train: 0.000013
2026-05-03 18:56:57 | Epoch 00632 | train: 0.000014
2026-05-03 18:56:57 | Epoch 00633 | train: 0.000013
2026-05-03 18:56:57 | Epoch 00634 | train: 0.000043
2026-05-03 18:56:57 | Epoch 00635 | train: 0.000350
2026-05-03 18:56:58 | Epoch 00636 | train: 0.001038
2026-05-03 18:56:58 | Epoch 00637 | train: 0.000261
2026-05-03 18:56:58 | Epoch 00638 | train: 0.000233
2026-05-03 18:56:59 | Epoch 00639 | train: 0.000143
2026-05-03 18:56:59 | Epoch 00640 | train: 0.000066
2026-05-03 18:56:59 | Epoch 00641 | train: 0.000114
2026-05-03 18:57:00 | Epoch 00642 | train: 0.000246
2026-05-03 18:57:00 | Epoch 00643 | train: 0.000086
2026-05-03 18:57:00 | Epoch 00644 | train: 0.000047
2026-05-03 18:57:01 | Epoch 00645 | train: 0.000061
2026-05-03 18:57:01 | Epoch 00646 | train: 0.000025
2026-05-03 18:57:01 | Epoch 00647 | train: 0.000029
2026-05-03 18:57:01 | Epoch 00648 | train: 0.000046
2026-05-03 18:57:02 | Epoch 00649 | train: 0.000026
2026-05-03 18:57:02 | Epoch 00650 | train: 0.000020
2026-05-03 18:57:02 | Epoch 00651 | train: 0.000011
2026-05-03 18:57:03 | Epoch 00652 | train: 0.000013
2026-05-03 18:57:03 | Epoch 00653 | train: 0.000013
2026-05-03 18:57:03 | Epoch 00654 | train: 0.000011
2026-05-03 18:57:04 | Epoch 00655 | train: 0.000011
2026-05-03 18:57:04 | Epoch 00656 | train: 0.000012
2026-05-03 18:57:04 | Epoch 00657 | train: 0.000017
2026-05-03 18:57:05 | Epoch 00658 | train: 0.000015
2026-05-03 18:57:05 | Epoch 00659 | train: 0.000015
2026-05-03 18:57:05 | Epoch 00660 | train: 0.000012
2026-05-03 18:57:06 | Epoch 00661 | train: 0.000011
2026-05-03 18:57:06 | Epoch 00662 | train: 0.000010
2026-05-03 18:57:06 | Epoch 00663 | train: 0.000012
2026-05-03 18:57:06 | Epoch 00664 | train: 0.000010
2026-05-03 18:57:07 | Epoch 00665 | train: 0.000009
2026-05-03 18:57:07 | Epoch 00666 | train: 0.000009
2026-05-03 18:57:07 | Epoch 00667 | train: 0.000010
2026-05-03 18:57:08 | Epoch 00668 | train: 0.000010
2026-05-03 18:57:08 | Epoch 00669 | train: 0.000017
2026-05-03 18:57:08 | Epoch 00670 | train: 0.000029
2026-05-03 18:57:09 | Epoch 00671 | train: 0.000042
2026-05-03 18:57:09 | Epoch 00672 | train: 0.000215
2026-05-03 18:57:09 | Epoch 00673 | train: 0.000357
2026-05-03 18:57:10 | Epoch 00674 | train: 0.000153
2026-05-03 18:57:10 | Epoch 00675 | train: 0.000059
2026-05-03 18:57:10 | Epoch 00676 | train: 0.000033
2026-05-03 18:57:10 | Epoch 00677 | train: 0.000046
2026-05-03 18:57:11 | Epoch 00678 | train: 0.000049
2026-05-03 18:57:11 | Epoch 00679 | train: 0.000029
2026-05-03 18:57:11 | Epoch 00680 | train: 0.000035
2026-05-03 18:57:12 | Epoch 00681 | train: 0.000017
2026-05-03 18:57:12 | Epoch 00682 | train: 0.000031
2026-05-03 18:57:12 | Epoch 00683 | train: 0.000025
2026-05-03 18:57:13 | Epoch 00684 | train: 0.000017
2026-05-03 18:57:13 | Epoch 00685 | train: 0.000010
2026-05-03 18:57:13 | Epoch 00686 | train: 0.000014
2026-05-03 18:57:14 | Epoch 00687 | train: 0.000012
2026-05-03 18:57:14 | Epoch 00688 | train: 0.000012
2026-05-03 18:57:14 | Epoch 00689 | train: 0.000011
2026-05-03 18:57:15 | Epoch 00690 | train: 0.000013
2026-05-03 18:57:15 | Epoch 00691 | train: 0.000017
2026-05-03 18:57:15 | Epoch 00692 | train: 0.000013
2026-05-03 18:57:15 | Epoch 00693 | train: 0.000011
2026-05-03 18:57:16 | Epoch 00694 | train: 0.000021
2026-05-03 18:57:16 | Epoch 00695 | train: 0.000025
2026-05-03 18:57:16 | Epoch 00696 | train: 0.000036
2026-05-03 18:57:17 | Epoch 00697 | train: 0.000025
2026-05-03 18:57:17 | Epoch 00698 | train: 0.000012
2026-05-03 18:57:17 | Epoch 00699 | train: 0.000011
2026-05-03 18:57:18 | Epoch 00700 | train: 0.000013
2026-05-03 18:57:18 | Epoch 00701 | train: 0.000012
2026-05-03 18:57:18 | Epoch 00702 | train: 0.000016
2026-05-03 18:57:19 | Epoch 00703 | train: 0.000058
2026-05-03 18:57:19 | Epoch 00704 | train: 0.000022
2026-05-03 18:57:19 | Epoch 00705 | train: 0.000015
2026-05-03 18:57:20 | Epoch 00706 | train: 0.000014
2026-05-03 18:57:20 | Epoch 00707 | train: 0.000024
2026-05-03 18:57:20 | Epoch 00708 | train: 0.000016
2026-05-03 18:57:20 | Epoch 00709 | train: 0.000034
2026-05-03 18:57:21 | Epoch 00710 | train: 0.000023
2026-05-03 18:57:21 | Epoch 00711 | train: 0.000009
2026-05-03 18:57:21 | Epoch 00712 | train: 0.000008
2026-05-03 18:57:22 | Epoch 00713 | train: 0.000009
2026-05-03 18:57:22 | Epoch 00714 | train: 0.000010
2026-05-03 18:57:22 | Epoch 00715 | train: 0.000009
2026-05-03 18:57:23 | Epoch 00716 | train: 0.000012
2026-05-03 18:57:23 | Epoch 00717 | train: 0.000010
2026-05-03 18:57:23 | Epoch 00718 | train: 0.000012
2026-05-03 18:57:24 | Epoch 00719 | train: 0.000012
2026-05-03 18:57:24 | Epoch 00720 | train: 0.000010
2026-05-03 18:57:24 | Epoch 00721 | train: 0.000011
2026-05-03 18:57:24 | Epoch 00722 | train: 0.000011
2026-05-03 18:57:25 | Epoch 00723 | train: 0.000008
2026-05-03 18:57:25 | Epoch 00724 | train: 0.000013
2026-05-03 18:57:25 | Epoch 00725 | train: 0.000013
2026-05-03 18:57:26 | Epoch 00726 | train: 0.000014
2026-05-03 18:57:26 | Epoch 00727 | train: 0.000040
2026-05-03 18:57:26 | Epoch 00728 | train: 0.000446
2026-05-03 18:57:27 | Epoch 00729 | train: 0.000344
2026-05-03 18:57:27 | Epoch 00730 | train: 0.000166
2026-05-03 18:57:27 | Epoch 00731 | train: 0.000200
2026-05-03 18:57:28 | Epoch 00732 | train: 0.000056
2026-05-03 18:57:28 | Epoch 00733 | train: 0.000030
2026-05-03 18:57:28 | Epoch 00734 | train: 0.000033
2026-05-03 18:57:29 | Epoch 00735 | train: 0.000061
2026-05-03 18:57:29 | Epoch 00736 | train: 0.000027
2026-05-03 18:57:29 | Epoch 00737 | train: 0.000022
2026-05-03 18:57:29 | Epoch 00738 | train: 0.000012
2026-05-03 18:57:30 | Epoch 00739 | train: 0.000016
2026-05-03 18:57:30 | Epoch 00740 | train: 0.000019
2026-05-03 18:57:30 | Epoch 00741 | train: 0.000022
2026-05-03 18:57:31 | Epoch 00742 | train: 0.000016
2026-05-03 18:57:31 | Epoch 00743 | train: 0.000009
2026-05-03 18:57:31 | Epoch 00744 | train: 0.000014
2026-05-03 18:57:32 | Epoch 00745 | train: 0.000014
2026-05-03 18:57:32 | Epoch 00746 | train: 0.000012
2026-05-03 18:57:32 | Epoch 00747 | train: 0.000009
2026-05-03 18:57:33 | Epoch 00748 | train: 0.000010
2026-05-03 18:57:33 | Epoch 00749 | train: 0.000009
2026-05-03 18:57:33 | Epoch 00750 | train: 0.000010
2026-05-03 18:57:33 | Epoch 00751 | train: 0.000009
2026-05-03 18:57:34 | Epoch 00752 | train: 0.000008
2026-05-03 18:57:34 | Epoch 00753 | train: 0.000008
2026-05-03 18:57:34 | Epoch 00754 | train: 0.000010
2026-05-03 18:57:35 | Epoch 00755 | train: 0.000017
2026-05-03 18:57:35 | Epoch 00756 | train: 0.000088
2026-05-03 18:57:35 | Epoch 00757 | train: 0.000089
2026-05-03 18:57:36 | Epoch 00758 | train: 0.000067
2026-05-03 18:57:36 | Epoch 00759 | train: 0.000083
2026-05-03 18:57:36 | Epoch 00760 | train: 0.000245
2026-05-03 18:57:37 | Epoch 00761 | train: 0.000103
2026-05-03 18:57:37 | Epoch 00762 | train: 0.000051
2026-05-03 18:57:37 | Epoch 00763 | train: 0.000037
2026-05-03 18:57:38 | Epoch 00764 | train: 0.000031
2026-05-03 18:57:38 | Epoch 00765 | train: 0.000023
2026-05-03 18:57:38 | Epoch 00766 | train: 0.000027
2026-05-03 18:57:39 | Epoch 00767 | train: 0.000030
2026-05-03 18:57:39 | Epoch 00768 | train: 0.000041
2026-05-03 18:57:39 | Epoch 00769 | train: 0.000122
2026-05-03 18:57:39 | Epoch 00770 | train: 0.000271
2026-05-03 18:57:40 | Epoch 00771 | train: 0.000074
2026-05-03 18:57:40 | Epoch 00772 | train: 0.000065
2026-05-03 18:57:40 | Epoch 00773 | train: 0.000043
2026-05-03 18:57:41 | Epoch 00774 | train: 0.000033
2026-05-03 18:57:41 | Epoch 00775 | train: 0.000027
2026-05-03 18:57:41 | Epoch 00776 | train: 0.000038
2026-05-03 18:57:42 | Epoch 00777 | train: 0.000018
2026-05-03 18:57:42 | Epoch 00778 | train: 0.000022
2026-05-03 18:57:42 | Epoch 00779 | train: 0.000019
2026-05-03 18:57:43 | Epoch 00780 | train: 0.000012
2026-05-03 18:57:43 | Epoch 00781 | train: 0.000010
2026-05-03 18:57:43 | Epoch 00782 | train: 0.000017
2026-05-03 18:57:43 | Epoch 00783 | train: 0.000025
2026-05-03 18:57:44 | Epoch 00784 | train: 0.000035
2026-05-03 18:57:44 | Epoch 00785 | train: 0.000044
2026-05-03 18:57:44 | Epoch 00786 | train: 0.000041
2026-05-03 18:57:45 | Epoch 00787 | train: 0.000031
2026-05-03 18:57:45 | Epoch 00788 | train: 0.000009
2026-05-03 18:57:45 | Epoch 00789 | train: 0.000010
2026-05-03 18:57:46 | Epoch 00790 | train: 0.000008
2026-05-03 18:57:46 | Epoch 00791 | train: 0.000008
2026-05-03 18:57:46 | Epoch 00792 | train: 0.000010
2026-05-03 18:57:47 | Epoch 00793 | train: 0.000007
2026-05-03 18:57:47 | Epoch 00794 | train: 0.000007
2026-05-03 18:57:47 | Epoch 00795 | train: 0.000007
2026-05-03 18:57:48 | Epoch 00796 | train: 0.000007
2026-05-03 18:57:48 | Epoch 00797 | train: 0.000009
2026-05-03 18:57:48 | Epoch 00798 | train: 0.000008
2026-05-03 18:57:48 | Epoch 00799 | train: 0.000007
2026-05-03 18:57:49 | Epoch 00800 | train: 0.000009
2026-05-03 18:57:49 | Epoch 00800 | test : 0.000546  [lr=2.02e-04]
2026-05-03 18:57:49 | Epoch 00801 | train: 0.000009
2026-05-03 18:57:49 | Epoch 00802 | train: 0.000008
2026-05-03 18:57:50 | Epoch 00803 | train: 0.000009
2026-05-03 18:57:50 | Epoch 00804 | train: 0.000009
2026-05-03 18:57:50 | Epoch 00805 | train: 0.000012
2026-05-03 18:57:51 | Epoch 00806 | train: 0.000011
2026-05-03 18:57:51 | Epoch 00807 | train: 0.000059
2026-05-03 18:57:51 | Epoch 00808 | train: 0.000184
2026-05-03 18:57:52 | Epoch 00809 | train: 0.000304
2026-05-03 18:57:52 | Epoch 00810 | train: 0.000420
2026-05-03 18:57:52 | Epoch 00811 | train: 0.000360
2026-05-03 18:57:53 | Epoch 00812 | train: 0.000130
2026-05-03 18:57:53 | Epoch 00813 | train: 0.000048
2026-05-03 18:57:53 | Epoch 00814 | train: 0.000105
2026-05-03 18:57:53 | Epoch 00815 | train: 0.000039
2026-05-03 18:57:54 | Epoch 00816 | train: 0.000046
2026-05-03 18:57:54 | Epoch 00817 | train: 0.000022
2026-05-03 18:57:54 | Epoch 00818 | train: 0.000015
2026-05-03 18:57:55 | Epoch 00819 | train: 0.000013
2026-05-03 18:57:55 | Epoch 00820 | train: 0.000019
2026-05-03 18:57:55 | Epoch 00821 | train: 0.000012
2026-05-03 18:57:56 | Epoch 00822 | train: 0.000011
2026-05-03 18:57:56 | Epoch 00823 | train: 0.000009
2026-05-03 18:57:56 | Epoch 00824 | train: 0.000009
2026-05-03 18:57:57 | Epoch 00825 | train: 0.000010
2026-05-03 18:57:57 | Epoch 00826 | train: 0.000010
2026-05-03 18:57:57 | Epoch 00827 | train: 0.000011
2026-05-03 18:57:58 | Epoch 00828 | train: 0.000019
2026-05-03 18:57:58 | Epoch 00829 | train: 0.000022
2026-05-03 18:57:58 | Epoch 00830 | train: 0.000018
2026-05-03 18:57:58 | Epoch 00831 | train: 0.000011
2026-05-03 18:57:59 | Epoch 00832 | train: 0.000011
2026-05-03 18:57:59 | Epoch 00833 | train: 0.000008
2026-05-03 18:57:59 | Epoch 00834 | train: 0.000013
2026-05-03 18:58:00 | Epoch 00835 | train: 0.000023
2026-05-03 18:58:00 | Epoch 00836 | train: 0.000137
2026-05-03 18:58:00 | Epoch 00837 | train: 0.000263
2026-05-03 18:58:01 | Epoch 00838 | train: 0.000879
2026-05-03 18:58:01 | Epoch 00839 | train: 0.000141
2026-05-03 18:58:01 | Epoch 00840 | train: 0.000165
2026-05-03 18:58:02 | Epoch 00841 | train: 0.000103
2026-05-03 18:58:02 | Epoch 00842 | train: 0.000062
2026-05-03 18:58:02 | Epoch 00843 | train: 0.000022
2026-05-03 18:58:02 | Epoch 00844 | train: 0.000021
2026-05-03 18:58:03 | Epoch 00845 | train: 0.000021
2026-05-03 18:58:03 | Epoch 00846 | train: 0.000045
2026-05-03 18:58:03 | Epoch 00847 | train: 0.000788
2026-05-03 18:58:04 | Epoch 00848 | train: 0.000665
2026-05-03 18:58:04 | Epoch 00849 | train: 0.000147
2026-05-03 18:58:04 | Epoch 00850 | train: 0.000056
2026-05-03 18:58:05 | Epoch 00851 | train: 0.000051
2026-05-03 18:58:05 | Epoch 00852 | train: 0.000020
2026-05-03 18:58:05 | Epoch 00853 | train: 0.000017
2026-05-03 18:58:06 | Epoch 00854 | train: 0.000015
2026-05-03 18:58:06 | Epoch 00855 | train: 0.000025
2026-05-03 18:58:06 | Epoch 00856 | train: 0.000021
2026-05-03 18:58:07 | Epoch 00857 | train: 0.000028
2026-05-03 18:58:07 | Epoch 00858 | train: 0.000015
2026-05-03 18:58:07 | Epoch 00859 | train: 0.000011
2026-05-03 18:58:07 | Epoch 00860 | train: 0.000011
2026-05-03 18:58:08 | Epoch 00861 | train: 0.000009
2026-05-03 18:58:08 | Epoch 00862 | train: 0.000009
2026-05-03 18:58:08 | Epoch 00863 | train: 0.000011
2026-05-03 18:58:09 | Epoch 00864 | train: 0.000010
2026-05-03 18:58:09 | Epoch 00865 | train: 0.000011
2026-05-03 18:58:09 | Epoch 00866 | train: 0.000012
2026-05-03 18:58:10 | Epoch 00867 | train: 0.000011
2026-05-03 18:58:10 | Epoch 00868 | train: 0.000009
2026-05-03 18:58:10 | Epoch 00869 | train: 0.000011
2026-05-03 18:58:11 | Epoch 00870 | train: 0.000009
2026-05-03 18:58:11 | Epoch 00871 | train: 0.000009
2026-05-03 18:58:11 | Epoch 00872 | train: 0.000009
2026-05-03 18:58:11 | Epoch 00873 | train: 0.000008
2026-05-03 18:58:12 | Epoch 00874 | train: 0.000008
2026-05-03 18:58:12 | Epoch 00875 | train: 0.000008
2026-05-03 18:58:12 | Epoch 00876 | train: 0.000008
2026-05-03 18:58:13 | Epoch 00877 | train: 0.000009
2026-05-03 18:58:13 | Epoch 00878 | train: 0.000009
2026-05-03 18:58:13 | Epoch 00879 | train: 0.000012
2026-05-03 18:58:14 | Epoch 00880 | train: 0.000022
2026-05-03 18:58:14 | Epoch 00881 | train: 0.000035
2026-05-03 18:58:14 | Epoch 00882 | train: 0.000032
2026-05-03 18:58:15 | Epoch 00883 | train: 0.000012
2026-05-03 18:58:15 | Epoch 00884 | train: 0.000010
2026-05-03 18:58:15 | Epoch 00885 | train: 0.000047
2026-05-03 18:58:16 | Epoch 00886 | train: 0.000146
2026-05-03 18:58:16 | Epoch 00887 | train: 0.000750
2026-05-03 18:58:16 | Epoch 00888 | train: 0.000360
2026-05-03 18:58:16 | Epoch 00889 | train: 0.000666
2026-05-03 18:58:17 | Epoch 00890 | train: 0.000249
2026-05-03 18:58:17 | Epoch 00891 | train: 0.000324
2026-05-03 18:58:17 | Epoch 00892 | train: 0.000069
2026-05-03 18:58:18 | Epoch 00893 | train: 0.000095
2026-05-03 18:58:18 | Epoch 00894 | train: 0.000335
2026-05-03 18:58:18 | Epoch 00895 | train: 0.000264
2026-05-03 18:58:19 | Epoch 00896 | train: 0.000503
2026-05-03 18:58:19 | Epoch 00897 | train: 0.000181
2026-05-03 18:58:19 | Epoch 00898 | train: 0.000091
2026-05-03 18:58:20 | Epoch 00899 | train: 0.000035
2026-05-03 18:58:20 | Epoch 00900 | train: 0.000029
2026-05-03 18:58:20 | Epoch 00901 | train: 0.000021
2026-05-03 18:58:20 | Epoch 00902 | train: 0.000018
2026-05-03 18:58:21 | Epoch 00903 | train: 0.000019
2026-05-03 18:58:21 | Epoch 00904 | train: 0.000015
2026-05-03 18:58:21 | Epoch 00905 | train: 0.000014
2026-05-03 18:58:22 | Epoch 00906 | train: 0.000015
2026-05-03 18:58:22 | Epoch 00907 | train: 0.000013
2026-05-03 18:58:22 | Epoch 00908 | train: 0.000012
2026-05-03 18:58:23 | Epoch 00909 | train: 0.000011
2026-05-03 18:58:23 | Epoch 00910 | train: 0.000010
2026-05-03 18:58:23 | Epoch 00911 | train: 0.000012
2026-05-03 18:58:24 | Epoch 00912 | train: 0.000013
2026-05-03 18:58:24 | Epoch 00913 | train: 0.000014
2026-05-03 18:58:24 | Epoch 00914 | train: 0.000011
2026-05-03 18:58:25 | Epoch 00915 | train: 0.000010
2026-05-03 18:58:25 | Epoch 00916 | train: 0.000009
2026-05-03 18:58:25 | Epoch 00917 | train: 0.000009
2026-05-03 18:58:25 | Epoch 00918 | train: 0.000012
2026-05-03 18:58:26 | Epoch 00919 | train: 0.000010
2026-05-03 18:58:26 | Epoch 00920 | train: 0.000014
2026-05-03 18:58:26 | Epoch 00921 | train: 0.000010
2026-05-03 18:58:27 | Epoch 00922 | train: 0.000008
2026-05-03 18:58:27 | Epoch 00923 | train: 0.000009
2026-05-03 18:58:27 | Epoch 00924 | train: 0.000008
2026-05-03 18:58:28 | Epoch 00925 | train: 0.000008
2026-05-03 18:58:28 | Epoch 00926 | train: 0.000008
2026-05-03 18:58:28 | Epoch 00927 | train: 0.000008
2026-05-03 18:58:29 | Epoch 00928 | train: 0.000007
2026-05-03 18:58:29 | Epoch 00929 | train: 0.000011
2026-05-03 18:58:29 | Epoch 00930 | train: 0.000037
2026-05-03 18:58:30 | Epoch 00931 | train: 0.000014
2026-05-03 18:58:30 | Epoch 00932 | train: 0.000013
2026-05-03 18:58:30 | Epoch 00933 | train: 0.000012
2026-05-03 18:58:30 | Epoch 00934 | train: 0.000009
2026-05-03 18:58:31 | Epoch 00935 | train: 0.000008
2026-05-03 18:58:31 | Epoch 00936 | train: 0.000008
2026-05-03 18:58:31 | Epoch 00937 | train: 0.000008
2026-05-03 18:58:32 | Epoch 00938 | train: 0.000012
2026-05-03 18:58:32 | Epoch 00939 | train: 0.000010
2026-05-03 18:58:32 | Epoch 00940 | train: 0.000016
2026-05-03 18:58:33 | Epoch 00941 | train: 0.000010
2026-05-03 18:58:33 | Epoch 00942 | train: 0.000010
2026-05-03 18:58:33 | Epoch 00943 | train: 0.000008
2026-05-03 18:58:34 | Epoch 00944 | train: 0.000010
2026-05-03 18:58:34 | Epoch 00945 | train: 0.000009
2026-05-03 18:58:34 | Epoch 00946 | train: 0.000011
2026-05-03 18:58:34 | Epoch 00947 | train: 0.000008
2026-05-03 18:58:35 | Epoch 00948 | train: 0.000009
2026-05-03 18:58:35 | Epoch 00949 | train: 0.000008
2026-05-03 18:58:35 | Epoch 00950 | train: 0.000009
2026-05-03 18:58:36 | Epoch 00951 | train: 0.000011
2026-05-03 18:58:36 | Epoch 00952 | train: 0.000012
2026-05-03 18:58:36 | Epoch 00953 | train: 0.000030
2026-05-03 18:58:37 | Epoch 00954 | train: 0.000073
2026-05-03 18:58:37 | Epoch 00955 | train: 0.000529
2026-05-03 18:58:37 | Epoch 00956 | train: 0.000262
2026-05-03 18:58:38 | Epoch 00957 | train: 0.000067
2026-05-03 18:58:38 | Epoch 00958 | train: 0.000026
2026-05-03 18:58:38 | Epoch 00959 | train: 0.000016
2026-05-03 18:58:39 | Epoch 00960 | train: 0.000013
2026-05-03 18:58:39 | Epoch 00961 | train: 0.000010
2026-05-03 18:58:39 | Epoch 00962 | train: 0.000008
2026-05-03 18:58:40 | Epoch 00963 | train: 0.000008
2026-05-03 18:58:40 | Epoch 00964 | train: 0.000007
2026-05-03 18:58:40 | Epoch 00965 | train: 0.000009
2026-05-03 18:58:40 | Epoch 00966 | train: 0.000017
2026-05-03 18:58:41 | Epoch 00967 | train: 0.000018
2026-05-03 18:58:41 | Epoch 00968 | train: 0.000042
2026-05-03 18:58:41 | Epoch 00969 | train: 0.000012
2026-05-03 18:58:42 | Epoch 00970 | train: 0.000010
2026-05-03 18:58:42 | Epoch 00971 | train: 0.000008
2026-05-03 18:58:42 | Epoch 00972 | train: 0.000008
2026-05-03 18:58:43 | Epoch 00973 | train: 0.000008
2026-05-03 18:58:43 | Epoch 00974 | train: 0.000008
2026-05-03 18:58:43 | Epoch 00975 | train: 0.000015
2026-05-03 18:58:44 | Epoch 00976 | train: 0.000105
2026-05-03 18:58:44 | Epoch 00977 | train: 0.000131
2026-05-03 18:58:44 | Epoch 00978 | train: 0.000072
2026-05-03 18:58:44 | Epoch 00979 | train: 0.000024
2026-05-03 18:58:45 | Epoch 00980 | train: 0.000016
2026-05-03 18:58:45 | Epoch 00981 | train: 0.000013
2026-05-03 18:58:45 | Epoch 00982 | train: 0.000015
2026-05-03 18:58:46 | Epoch 00983 | train: 0.000016
2026-05-03 18:58:46 | Epoch 00984 | train: 0.000011
2026-05-03 18:58:46 | Epoch 00985 | train: 0.000010
2026-05-03 18:58:47 | Epoch 00986 | train: 0.000010
2026-05-03 18:58:47 | Epoch 00987 | train: 0.000007
2026-05-03 18:58:47 | Epoch 00988 | train: 0.000010
2026-05-03 18:58:48 | Epoch 00989 | train: 0.000008
2026-05-03 18:58:48 | Epoch 00990 | train: 0.000007
2026-05-03 18:58:48 | Epoch 00991 | train: 0.000007
2026-05-03 18:58:49 | Epoch 00992 | train: 0.000017
2026-05-03 18:58:49 | Epoch 00993 | train: 0.000009
2026-05-03 18:58:49 | Epoch 00994 | train: 0.000007
2026-05-03 18:58:49 | Epoch 00995 | train: 0.000011
2026-05-03 18:58:50 | Epoch 00996 | train: 0.000013
2026-05-03 18:58:50 | Epoch 00997 | train: 0.000011
2026-05-03 18:58:50 | Epoch 00998 | train: 0.000014
2026-05-03 18:58:51 | Epoch 00999 | train: 0.000009
2026-05-03 18:58:51 | Epoch 01000 | train: 0.000007
2026-05-03 18:58:51 | Epoch 01000 | test : 0.000452  [lr=1.35e-04]
2026-05-03 18:58:51 | Epoch 01001 | train: 0.000007
2026-05-03 18:58:52 | Epoch 01002 | train: 0.000009
2026-05-03 18:58:52 | Epoch 01003 | train: 0.000011
2026-05-03 18:58:52 | Epoch 01004 | train: 0.000012
2026-05-03 18:58:53 | Epoch 01005 | train: 0.000008
2026-05-03 18:58:53 | Epoch 01006 | train: 0.000009
2026-05-03 18:58:53 | Epoch 01007 | train: 0.000009
2026-05-03 18:58:54 | Epoch 01008 | train: 0.000009
2026-05-03 18:58:54 | Epoch 01009 | train: 0.000006
2026-05-03 18:58:54 | Epoch 01010 | train: 0.000007
2026-05-03 18:58:54 | Epoch 01011 | train: 0.000010
2026-05-03 18:58:55 | Epoch 01012 | train: 0.000011
2026-05-03 18:58:55 | Epoch 01013 | train: 0.000007
2026-05-03 18:58:55 | Epoch 01014 | train: 0.000008
2026-05-03 18:58:56 | Epoch 01015 | train: 0.000018
2026-05-03 18:58:56 | Epoch 01016 | train: 0.000012
2026-05-03 18:58:56 | Epoch 01017 | train: 0.000013
2026-05-03 18:58:57 | Epoch 01018 | train: 0.000035
2026-05-03 18:58:57 | Epoch 01019 | train: 0.000016
2026-05-03 18:58:57 | Epoch 01020 | train: 0.000011
2026-05-03 18:58:58 | Epoch 01021 | train: 0.000010
2026-05-03 18:58:58 | Epoch 01022 | train: 0.000015
2026-05-03 18:58:58 | Epoch 01023 | train: 0.000010
2026-05-03 18:58:59 | Epoch 01024 | train: 0.000007
2026-05-03 18:58:59 | Epoch 01025 | train: 0.000008
2026-05-03 18:58:59 | Epoch 01026 | train: 0.000015
2026-05-03 18:58:59 | Epoch 01027 | train: 0.000034
2026-05-03 18:59:00 | Epoch 01028 | train: 0.000052
2026-05-03 18:59:00 | Epoch 01029 | train: 0.000018
2026-05-03 18:59:00 | Epoch 01030 | train: 0.000010
2026-05-03 18:59:01 | Epoch 01031 | train: 0.000010
2026-05-03 18:59:01 | Epoch 01032 | train: 0.000006
2026-05-03 18:59:01 | Epoch 01033 | train: 0.000006
2026-05-03 18:59:02 | Epoch 01034 | train: 0.000006
2026-05-03 18:59:02 | Epoch 01035 | train: 0.000006
2026-05-03 18:59:02 | Epoch 01036 | train: 0.000006
2026-05-03 18:59:03 | Epoch 01037 | train: 0.000008
2026-05-03 18:59:03 | Epoch 01038 | train: 0.000007
2026-05-03 18:59:03 | Epoch 01039 | train: 0.000006
2026-05-03 18:59:03 | Epoch 01040 | train: 0.000007
2026-05-03 18:59:04 | Epoch 01041 | train: 0.000013
2026-05-03 18:59:04 | Epoch 01042 | train: 0.000019
2026-05-03 18:59:04 | Epoch 01043 | train: 0.000010
2026-05-03 18:59:05 | Epoch 01044 | train: 0.000006
2026-05-03 18:59:05 | Epoch 01045 | train: 0.000006
2026-05-03 18:59:05 | Epoch 01046 | train: 0.000007
2026-05-03 18:59:06 | Epoch 01047 | train: 0.000007
2026-05-03 18:59:06 | Epoch 01048 | train: 0.000007
2026-05-03 18:59:06 | Epoch 01049 | train: 0.000012
2026-05-03 18:59:07 | Epoch 01050 | train: 0.000162
2026-05-03 18:59:07 | Epoch 01051 | train: 0.000253
2026-05-03 18:59:07 | Epoch 01052 | train: 0.000091
2026-05-03 18:59:08 | Epoch 01053 | train: 0.000074
2026-05-03 18:59:08 | Epoch 01054 | train: 0.000267
2026-05-03 18:59:08 | Epoch 01055 | train: 0.000225
2026-05-03 18:59:08 | Epoch 01056 | train: 0.000245
2026-05-03 18:59:09 | Epoch 01057 | train: 0.000074
2026-05-03 18:59:09 | Epoch 01058 | train: 0.000040
2026-05-03 18:59:09 | Epoch 01059 | train: 0.000019
2026-05-03 18:59:10 | Epoch 01060 | train: 0.000017
2026-05-03 18:59:10 | Epoch 01061 | train: 0.000016
2026-05-03 18:59:10 | Epoch 01062 | train: 0.000015
2026-05-03 18:59:11 | Epoch 01063 | train: 0.000018
2026-05-03 18:59:11 | Epoch 01064 | train: 0.000020
2026-05-03 18:59:11 | Epoch 01065 | train: 0.000055
2026-05-03 18:59:12 | Epoch 01066 | train: 0.000063
2026-05-03 18:59:12 | Epoch 01067 | train: 0.000063
2026-05-03 18:59:12 | Epoch 01068 | train: 0.000020
2026-05-03 18:59:12 | Epoch 01069 | train: 0.000015
2026-05-03 18:59:13 | Epoch 01070 | train: 0.000012
2026-05-03 18:59:13 | Epoch 01071 | train: 0.000014
2026-05-03 18:59:13 | Epoch 01072 | train: 0.000018
2026-05-03 18:59:14 | Epoch 01073 | train: 0.000008
2026-05-03 18:59:14 | Epoch 01074 | train: 0.000007
2026-05-03 18:59:14 | Epoch 01075 | train: 0.000007
2026-05-03 18:59:15 | Epoch 01076 | train: 0.000007
2026-05-03 18:59:15 | Epoch 01077 | train: 0.000008
2026-05-03 18:59:15 | Epoch 01078 | train: 0.000008
2026-05-03 18:59:16 | Epoch 01079 | train: 0.000008
2026-05-03 18:59:16 | Epoch 01080 | train: 0.000017
2026-05-03 18:59:16 | Epoch 01081 | train: 0.000011
2026-05-03 18:59:17 | Epoch 01082 | train: 0.000012
2026-05-03 18:59:17 | Epoch 01083 | train: 0.000008
2026-05-03 18:59:17 | Epoch 01084 | train: 0.000007
2026-05-03 18:59:17 | Epoch 01085 | train: 0.000006
2026-05-03 18:59:18 | Epoch 01086 | train: 0.000006
2026-05-03 18:59:18 | Epoch 01087 | train: 0.000008
2026-05-03 18:59:18 | Epoch 01088 | train: 0.000012
2026-05-03 18:59:19 | Epoch 01089 | train: 0.000007
2026-05-03 18:59:19 | Epoch 01090 | train: 0.000014
2026-05-03 18:59:19 | Epoch 01091 | train: 0.000080
2026-05-03 18:59:20 | Epoch 01092 | train: 0.000052
2026-05-03 18:59:20 | Epoch 01093 | train: 0.000015
2026-05-03 18:59:20 | Epoch 01094 | train: 0.000009
2026-05-03 18:59:21 | Epoch 01095 | train: 0.000008
2026-05-03 18:59:21 | Epoch 01096 | train: 0.000007
2026-05-03 18:59:21 | Epoch 01097 | train: 0.000007
2026-05-03 18:59:21 | Epoch 01098 | train: 0.000007
2026-05-03 18:59:22 | Epoch 01099 | train: 0.000007
2026-05-03 18:59:22 | Epoch 01100 | train: 0.000006
2026-05-03 18:59:22 | Epoch 01101 | train: 0.000007
2026-05-03 18:59:23 | Epoch 01102 | train: 0.000008
2026-05-03 18:59:23 | Epoch 01103 | train: 0.000006
2026-05-03 18:59:23 | Epoch 01104 | train: 0.000006
2026-05-03 18:59:24 | Epoch 01105 | train: 0.000006
2026-05-03 18:59:24 | Epoch 01106 | train: 0.000008
2026-05-03 18:59:24 | Epoch 01107 | train: 0.000015
2026-05-03 18:59:25 | Epoch 01108 | train: 0.000011
2026-05-03 18:59:25 | Epoch 01109 | train: 0.000006
2026-05-03 18:59:25 | Epoch 01110 | train: 0.000005
2026-05-03 18:59:26 | Epoch 01111 | train: 0.000005
2026-05-03 18:59:26 | Epoch 01112 | train: 0.000006
2026-05-03 18:59:26 | Epoch 01113 | train: 0.000011
2026-05-03 18:59:26 | Epoch 01114 | train: 0.000011
2026-05-03 18:59:27 | Epoch 01115 | train: 0.000007
2026-05-03 18:59:27 | Epoch 01116 | train: 0.000008
2026-05-03 18:59:27 | Epoch 01117 | train: 0.000006
2026-05-03 18:59:28 | Epoch 01118 | train: 0.000006
2026-05-03 18:59:28 | Epoch 01119 | train: 0.000007
2026-05-03 18:59:28 | Epoch 01120 | train: 0.000010
2026-05-03 18:59:29 | Epoch 01121 | train: 0.000013
2026-05-03 18:59:29 | Epoch 01122 | train: 0.000008
2026-05-03 18:59:29 | Epoch 01123 | train: 0.000046
2026-05-03 18:59:30 | Epoch 01124 | train: 0.000051
2026-05-03 18:59:30 | Epoch 01125 | train: 0.000035
2026-05-03 18:59:30 | Epoch 01126 | train: 0.000018
2026-05-03 18:59:30 | Epoch 01127 | train: 0.000012
2026-05-03 18:59:31 | Epoch 01128 | train: 0.000008
2026-05-03 18:59:31 | Epoch 01129 | train: 0.000009
2026-05-03 18:59:31 | Epoch 01130 | train: 0.000007
2026-05-03 18:59:32 | Epoch 01131 | train: 0.000006
2026-05-03 18:59:32 | Epoch 01132 | train: 0.000006
2026-05-03 18:59:32 | Epoch 01133 | train: 0.000006
2026-05-03 18:59:33 | Epoch 01134 | train: 0.000006
2026-05-03 18:59:33 | Epoch 01135 | train: 0.000012
2026-05-03 18:59:33 | Epoch 01136 | train: 0.000013
2026-05-03 18:59:34 | Epoch 01137 | train: 0.000022
2026-05-03 18:59:34 | Epoch 01138 | train: 0.000022
2026-05-03 18:59:34 | Epoch 01139 | train: 0.000009
2026-05-03 18:59:35 | Epoch 01140 | train: 0.000007
2026-05-03 18:59:35 | Epoch 01141 | train: 0.000006
2026-05-03 18:59:35 | Epoch 01142 | train: 0.000005
2026-05-03 18:59:35 | Epoch 01143 | train: 0.000006
2026-05-03 18:59:36 | Epoch 01144 | train: 0.000010
2026-05-03 18:59:36 | Epoch 01145 | train: 0.000009
2026-05-03 18:59:36 | Epoch 01146 | train: 0.000011
2026-05-03 18:59:37 | Epoch 01147 | train: 0.000007
2026-05-03 18:59:37 | Epoch 01148 | train: 0.000008
2026-05-03 18:59:37 | Epoch 01149 | train: 0.000009
2026-05-03 18:59:38 | Epoch 01150 | train: 0.000008
2026-05-03 18:59:38 | Epoch 01151 | train: 0.000006
2026-05-03 18:59:38 | Epoch 01152 | train: 0.000006
2026-05-03 18:59:39 | Epoch 01153 | train: 0.000006
2026-05-03 18:59:39 | Epoch 01154 | train: 0.000010
2026-05-03 18:59:39 | Epoch 01155 | train: 0.000008
2026-05-03 18:59:40 | Epoch 01156 | train: 0.000016
2026-05-03 18:59:40 | Epoch 01157 | train: 0.000046
2026-05-03 18:59:40 | Epoch 01158 | train: 0.000317
2026-05-03 18:59:40 | Epoch 01159 | train: 0.000672
2026-05-03 18:59:41 | Epoch 01160 | train: 0.000375
2026-05-03 18:59:41 | Epoch 01161 | train: 0.000256
2026-05-03 18:59:41 | Epoch 01162 | train: 0.000078
2026-05-03 18:59:42 | Epoch 01163 | train: 0.000048
2026-05-03 18:59:42 | Epoch 01164 | train: 0.000059
2026-05-03 18:59:42 | Epoch 01165 | train: 0.000065
2026-05-03 18:59:43 | Epoch 01166 | train: 0.000025
2026-05-03 18:59:43 | Epoch 01167 | train: 0.000016
2026-05-03 18:59:43 | Epoch 01168 | train: 0.000014
2026-05-03 18:59:44 | Epoch 01169 | train: 0.000012
2026-05-03 18:59:44 | Epoch 01170 | train: 0.000012
2026-05-03 18:59:44 | Epoch 01171 | train: 0.000014
2026-05-03 18:59:45 | Epoch 01172 | train: 0.000016
2026-05-03 18:59:45 | Epoch 01173 | train: 0.000030
2026-05-03 18:59:45 | Epoch 01174 | train: 0.000018
2026-05-03 18:59:45 | Epoch 01175 | train: 0.000012
2026-05-03 18:59:46 | Epoch 01176 | train: 0.000009
2026-05-03 18:59:46 | Epoch 01177 | train: 0.000010
2026-05-03 18:59:46 | Epoch 01178 | train: 0.000016
2026-05-03 18:59:47 | Epoch 01179 | train: 0.000008
2026-05-03 18:59:47 | Epoch 01180 | train: 0.000007
2026-05-03 18:59:47 | Epoch 01181 | train: 0.000007
2026-05-03 18:59:48 | Epoch 01182 | train: 0.000007
2026-05-03 18:59:48 | Epoch 01183 | train: 0.000007
2026-05-03 18:59:48 | Epoch 01184 | train: 0.000007
2026-05-03 18:59:49 | Epoch 01185 | train: 0.000011
2026-05-03 18:59:49 | Epoch 01186 | train: 0.000007
2026-05-03 18:59:49 | Epoch 01187 | train: 0.000007
2026-05-03 18:59:49 | Epoch 01188 | train: 0.000011
2026-05-03 18:59:50 | Epoch 01189 | train: 0.000015
2026-05-03 18:59:50 | Epoch 01190 | train: 0.000012
2026-05-03 18:59:50 | Epoch 01191 | train: 0.000020
2026-05-03 18:59:51 | Epoch 01192 | train: 0.000017
2026-05-03 18:59:51 | Epoch 01193 | train: 0.000008
2026-05-03 18:59:51 | Epoch 01194 | train: 0.000007
2026-05-03 18:59:52 | Epoch 01195 | train: 0.000006
2026-05-03 18:59:52 | Epoch 01196 | train: 0.000006
2026-05-03 18:59:52 | Epoch 01197 | train: 0.000010
2026-05-03 18:59:53 | Epoch 01198 | train: 0.000008
2026-05-03 18:59:53 | Epoch 01199 | train: 0.000009
2026-05-03 18:59:53 | Epoch 01200 | train: 0.000008
2026-05-03 18:59:53 | Epoch 01200 | test : 0.000419  [lr=9.05e-05]
2026-05-03 18:59:54 | Epoch 01201 | train: 0.000007
2026-05-03 18:59:54 | Epoch 01202 | train: 0.000009
2026-05-03 18:59:54 | Epoch 01203 | train: 0.000008
2026-05-03 18:59:55 | Epoch 01204 | train: 0.000009
2026-05-03 18:59:55 | Epoch 01205 | train: 0.000005
2026-05-03 18:59:55 | Epoch 01206 | train: 0.000008
2026-05-03 18:59:55 | Epoch 01207 | train: 0.000009
2026-05-03 18:59:56 | Epoch 01208 | train: 0.000007
2026-05-03 18:59:56 | Epoch 01209 | train: 0.000005
2026-05-03 18:59:56 | Epoch 01210 | train: 0.000005
2026-05-03 18:59:57 | Epoch 01211 | train: 0.000006
2026-05-03 18:59:57 | Epoch 01212 | train: 0.000005
2026-05-03 18:59:57 | Epoch 01213 | train: 0.000008
2026-05-03 18:59:58 | Epoch 01214 | train: 0.000013
2026-05-03 18:59:58 | Epoch 01215 | train: 0.000031
2026-05-03 18:59:58 | Epoch 01216 | train: 0.000042
2026-05-03 18:59:59 | Epoch 01217 | train: 0.000036
2026-05-03 18:59:59 | Epoch 01218 | train: 0.000012
2026-05-03 18:59:59 | Epoch 01219 | train: 0.000008
2026-05-03 18:59:59 | Epoch 01220 | train: 0.000007
2026-05-03 19:00:00 | Epoch 01221 | train: 0.000009
2026-05-03 19:00:00 | Epoch 01222 | train: 0.000011
2026-05-03 19:00:00 | Epoch 01223 | train: 0.000007
2026-05-03 19:00:01 | Epoch 01224 | train: 0.000005
2026-05-03 19:00:01 | Epoch 01225 | train: 0.000005
2026-05-03 19:00:01 | Epoch 01226 | train: 0.000005
2026-05-03 19:00:02 | Epoch 01227 | train: 0.000005
2026-05-03 19:00:02 | Epoch 01228 | train: 0.000005
2026-05-03 19:00:02 | Epoch 01229 | train: 0.000005
2026-05-03 19:00:03 | Epoch 01230 | train: 0.000005
2026-05-03 19:00:03 | Epoch 01231 | train: 0.000007
2026-05-03 19:00:03 | Epoch 01232 | train: 0.000010
2026-05-03 19:00:04 | Epoch 01233 | train: 0.000013
2026-05-03 19:00:04 | Epoch 01234 | train: 0.000010
2026-05-03 19:00:04 | Epoch 01235 | train: 0.000006
2026-05-03 19:00:04 | Epoch 01236 | train: 0.000006
2026-05-03 19:00:05 | Epoch 01237 | train: 0.000006
2026-05-03 19:00:05 | Epoch 01238 | train: 0.000005
2026-05-03 19:00:05 | Epoch 01239 | train: 0.000007
2026-05-03 19:00:06 | Epoch 01240 | train: 0.000006
2026-05-03 19:00:06 | Epoch 01241 | train: 0.000007
2026-05-03 19:00:06 | Epoch 01242 | train: 0.000007
2026-05-03 19:00:07 | Epoch 01243 | train: 0.000015
2026-05-03 19:00:07 | Epoch 01244 | train: 0.000011
2026-05-03 19:00:07 | Epoch 01245 | train: 0.000014
2026-05-03 19:00:08 | Epoch 01246 | train: 0.000007
2026-05-03 19:00:08 | Epoch 01247 | train: 0.000005
2026-05-03 19:00:08 | Epoch 01248 | train: 0.000005
2026-05-03 19:00:08 | Epoch 01249 | train: 0.000005
2026-05-03 19:00:09 | Epoch 01250 | train: 0.000005
2026-05-03 19:00:09 | Epoch 01251 | train: 0.000006
2026-05-03 19:00:09 | Epoch 01252 | train: 0.000006
2026-05-03 19:00:10 | Epoch 01253 | train: 0.000006
2026-05-03 19:00:10 | Epoch 01254 | train: 0.000006
2026-05-03 19:00:10 | Epoch 01255 | train: 0.000006
2026-05-03 19:00:11 | Epoch 01256 | train: 0.000006
2026-05-03 19:00:11 | Epoch 01257 | train: 0.000016
2026-05-03 19:00:11 | Epoch 01258 | train: 0.000018
2026-05-03 19:00:12 | Epoch 01259 | train: 0.000009
2026-05-03 19:00:12 | Epoch 01260 | train: 0.000007
2026-05-03 19:00:12 | Epoch 01261 | train: 0.000005
2026-05-03 19:00:13 | Epoch 01262 | train: 0.000005
2026-05-03 19:00:13 | Epoch 01263 | train: 0.000005
2026-05-03 19:00:13 | Epoch 01264 | train: 0.000010
2026-05-03 19:00:13 | Epoch 01265 | train: 0.000022
2026-05-03 19:00:14 | Epoch 01266 | train: 0.000008
2026-05-03 19:00:14 | Epoch 01267 | train: 0.000012
2026-05-03 19:00:14 | Epoch 01268 | train: 0.000009
2026-05-03 19:00:15 | Epoch 01269 | train: 0.000014
2026-05-03 19:00:15 | Epoch 01270 | train: 0.000030
2026-05-03 19:00:15 | Epoch 01271 | train: 0.000015
2026-05-03 19:00:16 | Epoch 01272 | train: 0.000012
2026-05-03 19:00:16 | Epoch 01273 | train: 0.000006
2026-05-03 19:00:16 | Epoch 01274 | train: 0.000006
2026-05-03 19:00:17 | Epoch 01275 | train: 0.000007
2026-05-03 19:00:17 | Epoch 01276 | train: 0.000006
2026-05-03 19:00:17 | Epoch 01277 | train: 0.000005
2026-05-03 19:00:17 | Epoch 01278 | train: 0.000006
2026-05-03 19:00:18 | Epoch 01279 | train: 0.000005
2026-05-03 19:00:18 | Epoch 01280 | train: 0.000006
2026-05-03 19:00:18 | Epoch 01281 | train: 0.000005
2026-05-03 19:00:19 | Epoch 01282 | train: 0.000006
2026-05-03 19:00:19 | Epoch 01283 | train: 0.000005
2026-05-03 19:00:19 | Epoch 01284 | train: 0.000005
2026-05-03 19:00:20 | Epoch 01285 | train: 0.000005
2026-05-03 19:00:20 | Epoch 01286 | train: 0.000005
2026-05-03 19:00:20 | Epoch 01287 | train: 0.000005
2026-05-03 19:00:21 | Epoch 01288 | train: 0.000006
2026-05-03 19:00:21 | Epoch 01289 | train: 0.000010
